                                       Repair of Atrioventricular Septal (A-V Canal) Defects     14:29 Friday, November 10, 2000  24
                                                          Example Data Set
                                            Multivariable Analysis of Death After Repair
                                         Solve Multivariable Equation for 6-Months Survival
                                     In Complete and Partial Canal According to Date of Repair

                          Obs    AGE    MAL    ORIFICE    INC_SURG    STATUS    MONTHS    YEARS    COM_IV

                           1      6      0        0           0          3         6       0.5        0
                           2      6      0        0           0          3         6       0.5        1

























































































                                             avc.hp.death.AVC hazard   10NOV00    14:29
                                       Repair of Atrioventricular Septal (A-V Canal) Defects     14:29 Friday, November 10, 2000  25
                                                          Example Data Set
                                            Multivariable Analysis of Death After Repair
                                         Solve Multivariable Equation for 6-Months Survival
                                     In Complete and Partial Canal According to Date of Repair

                                        Plot of _SURVIV*OPYEAR.   Symbol is value of COM_IV.
                                        Plot of _CLLSURV*OPYEAR.  Symbol used is '.'.
                                        Plot of _CLUSURV*OPYEAR.  Symbol used is '.'.

       _SURVIV ‚
           1.0 ˆ
               ‚
               ‚                                                                                                     ......
               ‚                                                                                            .........
               ‚                                                                                      ......       00000000
               ‚                                                                                ......       000000
               ‚                                                                           .....         0000            ..
               ‚                                                                       ....         00000          ......
           0.9 ˆ                                                                   ....         0000           ....
               ‚                                                               ....          000           ....           .
               ‚                                                            ...          0000           ...             ..
               ‚                                                         ...           00            ...             ...
               ‚                                                      ...           000           ...              ..
               ‚                                                   ....          000           ...               ..      11
               ‚                                                 ..            00           ...               ...     111
               ‚                                                ..           00           ..                ..      11
           0.8 ˆ                                             ...          000           ..                 .      111
               ‚                                           ..           00            ..                  .     11       ..
               ‚                                         ..            0            ..                  ..    11       ..
               ‚                                       ..            00           ..                  ..    11       ..
               ‚                                     ..            00           ..                   .    11      ...
               ‚                                   ..            00           ..                   ..     1     ..
               ‚                                 ..              0           .                    .     11     .
               ‚                               ..              00          ..                   ..    11     ..
           0.7 ˆ                              .               0           .                    .     1     ..
               ‚                            ..              00          ..                   ..     1     .
               ‚                          ..               0           .                    .     11     .
               ‚                        ..               00          ..                    .    11     ..
               ‚                       .                0           .                    ..    11     .
               ‚                     ..                0           .                    .     1     ..
               ‚                    .                00          ..                    .     1     .
               ‚                  ..                0            .                   ..     1     .
           0.6 ˆ                ..                 0            .                   .     11    ..
               ‚               .                  0            .                   .     11    .
               ‚             ..                  0            .                  ..     1     .
               ‚            .                  00            .                  .      1     .
               ‚          ..                  0            ..                  .      1    ..
               ‚         .                   0            .                  ..     11    .
               ‚         .                  0            .                  ..     1     ..
               ‚                           0            .                  .      1     .
           0.5 ˆ                          0            .                  .      1     .
               ‚                         0            .                 ..      1     .
               ‚                        0            .                 .       1     .
               ‚                       0            .                 .       1     .
               ‚                      0            .                 .       1     .
               ‚                    00            .                ..       11    .
               ‚                   0             .                .        1     .
               ‚                  0             .                .        1     .
           0.4 ˆ                 0             .                ..       1     .
               ‚                0             .                .        1     .
               ‚               0             .                .        1     .
               ‚              00            .               ..        1     ..
               ‚             0             .               .         1     .
               ‚            0             .              ..         1     .
               ‚           0             .              ..         1     .
               ‚          0             .              .          1     .
           0.3 ˆ         0             .              .          1
               ‚         0            .             ..          1      .
               ‚                     ..            .           1      .
               ‚                    .            ..           1      .
               ‚                   .            .            1      .
               ‚                  .           ..            1      .
               ‚                 .          ..             1      .
               ‚                .          .              1      .
           0.2 ˆ               .         ..              1       .
               ‚              ..       ..              11       .
               ‚             .       ..               1       ..
               ‚            .      ..                1       .
               ‚          ..    ...                 1       .
               ‚         .    ..                  11       .
               ‚         . ...                   1       ..
               ‚         ..                    11       ..
           0.1 ˆ                              1        .
               ‚                            11       ..
               ‚                          11        .
               ‚                        11        ..
               ‚                     111       ...
               ‚                  111        ..
               ‚              1111       ....
               ‚         11111     ......
           0.0 ˆ         ..........
               Šƒƒˆƒƒƒƒƒƒƒƒƒƒƒƒˆƒƒƒƒƒƒƒƒƒƒƒƒˆƒƒƒƒƒƒƒƒƒƒƒƒˆƒƒƒƒƒƒƒƒƒƒƒƒˆƒƒƒƒƒƒƒƒƒƒƒƒˆƒƒƒƒƒƒƒƒƒƒƒƒˆƒƒƒƒƒƒƒƒƒƒƒƒˆƒƒƒƒƒƒƒƒƒƒƒƒˆƒƒ
                1966         1968         1970         1972         1974         1976         1978         1980         1982

                                                                   OPYEAR

NOTE: 92 obs hidden.

                                             avc.hp.death.AVC hazard   10NOV00    14:29
                                       Repair of Atrioventricular Septal (A-V Canal) Defects     14:29 Friday, November 10, 2000  26
                                                          Example Data Set
                                            Multivariable Analysis of Death After Repair
                                         Solve Multivariable Equation for 6-Months Survival
                                     In Complete and Partial Canal According to Date of Repair

------------------------------------------------------------- COM_IV=0 -------------------------------------------------------------

    Obs MONTHS YEARS OPYEAR OPMOS AGE COM_IV MAL INC_SURG ORIFICE STATUS _SURVIV _CLLSURV _CLUSURV  _HAZARD    _CLLHAZ  _CLUHAZ

      1    6    0.5   1967     0   6     0    0      0       0       3   0.28647  0.12473  0.53077 0.012066 .006197922 0.023488

      2    6    0.5   1968    12   6     0    0      0       0       3   0.36689  0.19308  0.58394 0.009679 .005118426 0.018305

      3    6    0.5   1969    24   6     0    0      0       0       3   0.44743  0.27280  0.63607 0.007766 .004215273 0.014306

      4    6    0.5   1970    36   6     0    0      0       0       3   0.52464  0.35831  0.68567 0.006230 .003460651 0.011217

      5    6    0.5   1971    48   6     0    0      0       0       3   0.59608  0.44398  0.73172 0.004999 .002831223 0.008828

      6    6    0.5   1972    60   6     0    0      0       0       3   0.66035  0.52527  0.77357 0.004012 .002307400 0.006975

      7    6    0.5   1973    72   6     0    0      0       0       3   0.71687  0.59917  0.81092 0.003220 .001872722 0.005536

      8    6    0.5   1974    84   6     0    0      0       0       3   0.76569  0.66420  0.84372 0.002584 .001513314 0.004414

      9    6    0.5   1975    96   6     0    0      0       0       3   0.80723  0.72005  0.87208 0.002075 .001217422 0.003537

     10    6    0.5   1976   108   6     0    0      0       0       3   0.84217  0.76722  0.89626 0.001666 .000975033 0.002848

     11    6    0.5   1977   120   6     0    0      0       0       3   0.87129  0.80662  0.91657 0.001339 .000777562 0.002304

     12    6    0.5   1978   132   6     0    0      0       0       3   0.89537  0.83932  0.93341 0.001076 .000617614 0.001873

     13    6    0.5   1979   144   6     0    0      0       0       3   0.91516  0.86638  0.94722 0.000865 .000488816 0.001530

     14    6    0.5   1980   156   6     0    0      0       0       3   0.93135  0.88875  0.95840 0.000696 .000385688 0.001255

     15    6    0.5   1981   168   6     0    0      0       0       3   0.94454  0.90726  0.96737 0.000560 .000303552 0.001033

     16    6    0.5   1982   180   6     0    0      0       0       3   0.95526  0.92260  0.97452 0.000451 .000238448 0.000854


------------------------------------------------------------- COM_IV=1 -------------------------------------------------------------

     Obs MONTHS YEARS OPYEAR OPMOS AGE COM_IV MAL INC_SURG ORIFICE STATUS _SURVIV _CLLSURV _CLUSURV  _HAZARD  _CLLHAZ  _CLUHAZ

      17    6    0.5   1967     0   6     1    0      0       0       3   0.00859  0.00062  0.10733 0.045892 0.024338 0.086534

      18    6    0.5   1968    12   6     1    0      0       0       3   0.02202  0.00317  0.13731 0.036810 0.020322 0.066677

      19    6    0.5   1969    24   6     1    0      0       0       3   0.04686  0.01127  0.17492 0.029526 0.016939 0.051466

      20    6    0.5   1970    36   6     1    0      0       0       3   0.08588  0.03028  0.22032 0.023684 0.014090 0.039809

      21    6    0.5   1971    48   6     1    0      0       0       3   0.13960  0.06554  0.27292 0.018998 0.011691 0.030872

      22    6    0.5   1972    60   6     1    0      0       0       3   0.20613  0.11974  0.33140 0.015239 0.009670 0.024018

      23    6    0.5   1973    72   6     1    0      0       0       3   0.28177  0.19141  0.39401 0.012225 0.007968 0.018757

      24    6    0.5   1974    84   6     1    0      0       0       3   0.36206  0.27525  0.45891 0.009807 0.006536 0.014716

      25    6    0.5   1975    96   6     1    0      0       0       3   0.44270  0.36396  0.52443 0.007868 0.005333 0.011608

      26    6    0.5   1976   108   6     1    0      0       0       3   0.52018  0.45042  0.58916 0.006313 0.004325 0.009213

      27    6    0.5   1977   120   6     1    0      0       0       3   0.59202  0.52948  0.65171 0.005065 0.003486 0.007361

      28    6    0.5   1978   132   6     1    0      0       0       3   0.65674  0.59867  0.71046 0.004065 0.002790 0.005921

      29    6    0.5   1979   144   6     1    0      0       0       3   0.71373  0.65792  0.76370 0.003262 0.002219 0.004796

      30    6    0.5   1980   156   6     1    0      0       0       3   0.76299  0.70836  0.81013 0.002619 0.001754 0.003909

      31    6    0.5   1981   168   6     1    0      0       0       3   0.80495  0.75137  0.84929 0.002102 0.001380 0.003204

      32    6    0.5   1982   180   6     1    0      0       0       3   0.84026  0.78813  0.88149 0.001688 0.001080 0.002638





















                                             avc.hp.death.AVC hazard   10NOV00    14:29
