$ 
$Note: Procedure HAZARD (C-Version 4.4.2)
$      The Cleveland Clinic Foundation
$      9500 Euclid Avenue
$      Cleveland, Ohio 44195
$      Phone: (216) 444-6712
$      Email: hazard@bio.ri.ccf.org
@26, T H R E E   P H A S E   P A R A M E T R I C   H A Z A R D   P R O C E D U R E
/2
@5,Initial Summary:
/1
@5,================
/1
<8
/1
@7,There are
+1, 1533
+1,observations available for analysis with:
/1
@20,         338
+1,events
/1
@20,        1195
+1,Right Censored Observations
/1
@20,        1533
+1,Total Subjects
/2
@38,Variable   Label
+42,Min
+12,Max
/1
@17,-----------------------------------------------------------------------------------------------------
/1
@17,Time:             
+3,INT_DEAD
+3,Followup Interval (months) After Repair 
+2,     0.00068
+3,    80.19877
/1
@17,Event:            
+3,DEAD    
+3,Death                                   
+2,           0
+3,           1
/1
@17,-----------------------------------------------------------------------------------------------------
/1
/1
@4,*------*
/1
@4,| Note |
/1
@4,*------*
/2
@7,in
+1,1195
+1,observation(s) RCENSOR has been changed
; from 0 to 1
/1
$Note: RCENSOR has been changed from 0 to 1 in one or more observations.
/4
<7
@5,Concomitant Information:
/1
@5,========================
/3
@10,Phase
+5,Variable
+6,Label
+42,Mean
+11,Min
+10,Max
/1
@10,-----------------------------------------------------------------------------------------------------------
/1
@10,Early:   
+1,AGE_COP 
+6,Age (years) at current operation        
+2,    54.77219
+2,     8.23289
+2,    84.69168
/1
@10,         
+1,BLACK   
+6,Black race                              
+2,   0.1154599
+2,           0
+2,           1
/1
@10,         
+1,MALE    
+6,Male patient                            
+2,   0.6190476
+2,           0
+2,           1
/1
@10,         
+1,NYHA    
+6,Augmented NYHA functional class         
+2,    2.909389
+2,           1
+2,           5
/1
@10,         
+1,AO_PINC 
+6,Pure aortic incompetence                
+2,   0.2367906
+2,           0
+2,           1
/1
@10,         
+1,I_PATH  
+6,Ischemic mitral pathology               
+2,  0.02348337
+2,           0
+2,           1
/1
@10,         
+1,NVE     
+6,Native valve endocarditis               
+2,  0.04370515
+2,           0
+2,           1
/1
@10,         
+1,MITRAL  
+6,Mitral valve replacement only           
+2,   0.3118069
+2,           0
+2,           1
/1
@10,         
+1,DOUBLE  
+6,Multiple valve replacement              
+2,   0.1389432
+2,           0
+2,           1
/1
@10,         
+1,MECHVALV
+6,Mechanic prosthesis inserted            
+2,   0.7090672
+2,           0
+2,           1
/1
@10,         
+1,BIO     
+6,Bioprosthesis inserted                  
+2,   0.3124592
+2,           0
+2,           2
/1
@20,-------------------------------------------------------------------------------------------------
/1
@10,Constant:
+1,AGE_COP 
+6,Age (years) at current operation        
+2,    54.77219
+2,     8.23289
+2,    84.69168
/1
@10,         
+1,BLACK   
+6,Black race                              
+2,   0.1154599
+2,           0
+2,           1
/1
@10,         
+1,MALE    
+6,Male patient                            
+2,   0.6190476
+2,           0
+2,           1
/1
@10,         
+1,NYHA    
+6,Augmented NYHA functional class         
+2,    2.909389
+2,           1
+2,           5
/1
@10,         
+1,AO_PINC 
+6,Pure aortic incompetence                
+2,   0.2367906
+2,           0
+2,           1
/1
@10,         
+1,I_PATH  
+6,Ischemic mitral pathology               
+2,  0.02348337
+2,           0
+2,           1
/1
@10,         
+1,NVE     
+6,Native valve endocarditis               
+2,  0.04370515
+2,           0
+2,           1
/1
@10,         
+1,MITRAL  
+6,Mitral valve replacement only           
+2,   0.3118069
+2,           0
+2,           1
/1
@10,         
+1,DOUBLE  
+6,Multiple valve replacement              
+2,   0.1389432
+2,           0
+2,           1
/1
@10,         
+1,MECHVALV
+6,Mechanic prosthesis inserted            
+2,   0.7090672
+2,           0
+2,           1
/1
@10,         
+1,BIO     
+6,Bioprosthesis inserted                  
+2,   0.3124592
+2,           0
+2,           2
/1
@10,-----------------------------------------------------------------------------------------------------------
/1
<40
/2
@5,Model Specifications:
/1
@5,=====================
/2
@40,Initial Parameter Values
/1
@40,------------------------
+52,Starting
/1
@11,Phase
+8,Parameter
+7,Specified
+8,Used
+7,|
+2,Theta
+26,Estimated?
+4,Value
/1
@11,-------------------------------------------------------------------------------------------------------------------
/1
@11,Early:
;   
;   
+1,DELTA
;   
+6,           0
+2,           0
+1, 
+2,|
+2,E1
+1, 
+27,No
/1
@11,
;         
;   
+1,THALF
;   
+6,   0.6781774
+2,   0.6781774
+1, 
+2,|
+2,E2
+1, 
+27,No
/1
@21,   
+1,(RHO
+23,    2.668966
;)
+3,|
/1
@11,
;         
;   
+1,NU
;      
+6,           0
+2,           0
+1, 
+2,|
+2,E3
+1, 
+27,No
/1
@11,
;         
;   
+1,M
;       
+6,    -2.15596
+2,    -2.15596
+1, 
+2,|
+2,E4
+1, 
+27,No
/1
@11,         
;   
+1,MUE
;     
+6,  0.09596854
+2,  0.09596854
+1,*
+2,|
+2,E0
+1,= Ln(muE)                
+3,Yes  
+7,    -2.34373
/1
@24,------------------------------------------------------------------------------------------------------
/1
@11,Constant:
;   
+1,MUC     
+6,  0.00349094
+2,  0.00349094
+1, 
+2,|
+2,C0
+1,= Ln(muC)                
+3,Yes  
+7,    -5.65758
/1
@11,-------------------------------------------------------------------------------------------------------------------
/1
@5,* The value used is different from the
; value specified.
/1
/1
@5,Based on the values used, the following
; flags and equations have been set:
/1
@11,*
;-------------------------------------------------
;*
/1
@11,|
+2,Early:
+41,|
/1
@11,|
+8,Delta = 0
;             
+3,Yes
+13,|
/1
@11,|
+8,M*Nu = |1|
;            
+3,No 
+13,|
/1
@11,|
+8,M<0, Nu=0, Exponential equations 15 - 17
; 
;|
/1
@11,|
+2,Constant:
+38,|
/1
@11,|
+8,Equations 24 - 25
;                        
;|
/1
@11,*
;-------------------------------------------------
;*
/1
/2
@5,Computational Methods:
/1
@5,======================
/2
@7,Optimization: 
;Newton
+1,method using 
;analytic
+1,derivatives
/1
@21,initiated using an initial hessian matrix
/2
@7,Conservation of events:
@31,Invoked initially
/1
/2
<10
@5,Results:
/1
@5,========
/2
@53,Forward Stepwise Selection
/2
@5,* During variable selection steps,
; variances are approximate because
; shaping parameter covariances are
; ignored.
/2
<15
@1,*-----------------------------
;---------------------------------
;--------------------*
/1
@1,|Step 0.  Intercepts, included
; variables, and non-fixed shaping
; parameters entered.|
/1
@1,*-----------------------------
;---------------------------------
;--------------------*
/2
<15
/2
@9,Optimization terminated after
;    0
+1,iterations and 
;    8
+1,function evaluations
/1
@9,Normal exit: Convergence attained
/1
@9,Log base 10 of condition code = 
;   0.1312119
/1
@9,Number of events conserved = 
;    337.9609
/2
@9,Log likelihood = 
;     -1536.4
/2
<2
<12
@51,Summary of Variables in the Model
/1
@51,---------------------------------
/2
@122,Moves
/1
@3,Phase
+6,Variable
+2,Label
+38,Estimate
+6,Std error
+12,Z
+8,Prob>|Z|
+3,Remaining
/1
@3,--------------------------------------------------------------------------------------------------------------------------------
/1
<3
@3,Early:   
+2,E0      
+2,                                        
+2,  -0.0757126
+2,   0.0765193
+3,     -0.989
+4,    0.3224
/1
<3
<3
<3
<3
<3
<3
<3
<3
<3
<3
<3
@14,---------------------------------------------------------------------------------------------------------------------
/1
<3
@3,Constant:
+2,C0      
+2,                                        
+2,    -5.92177
+2,  0.08519113
+3,    -69.512
+2,      <.0001
/1
<3
<3
<3
<3
<3
<3
<3
<3
<3
<3
<3
<3
<3
<3
<3
<3
<3
<3
<3
<3
<3
<3
<3
@3,--------------------------------------------------------------------------------------------------------------------------------
/1
/2
<12
@36,Summary of Variables not in the Model
; (Based on Q Statistics)
/2
@122,Moves
/1
@3,Phase
+6,Variable
+2,Label
+38,Estimate
+6,Std error
+12,Z
+8,Prob>|Z|
+3,Remaining
/1
@3,--------------------------------------------------------------------------------------------------------------------------------
/1
<3
<3
@3,Early:   
+2,AGE_COP 
+2,Age (years) at current operation        
+2,  0.04402051
+2, 0.005419275
+3,      8.123
+2,      <.0001
+3,  1
/1
<3
@3,         
+2,BLACK   
+2,Black race                              
+2,    2.324938
+2,   0.3530116
+3,      6.586
+2,      <.0001
+3,  1
/1
<3
@3,         
+2,MALE    
+2,Male patient                            
+2,   0.2073479
+2,   0.1525566
+3,      1.359
+4,    0.1741
+3,  1
/1
<3
@3,         
+2,NYHA    
+2,Augmented NYHA functional class         
+2,   0.4262845
+2,  0.09362366
+3,      4.553
+2,      <.0001
+3,  1
/1
<3
@3,         
+2,AO_PINC 
+2,Pure aortic incompetence                
+2,   -0.309803
+2,   0.1583265
+3,     -1.957
+4,    0.0504
+3,  1
/1
<3
@3,         
+2,I_PATH  
+2,Ischemic mitral pathology               
+2,   0.3832979
+2,   0.3285011
+3,      1.167
+4,    0.2433
+3,  1
/1
<3
@3,         
+2,NVE     
+2,Native valve endocarditis               
+2,    1.038373
+2,   0.3575895
+3,      2.904
+4,    0.0037
+3,  1
/1
<3
@3,         
+2,MITRAL  
+2,Mitral valve replacement only           
+2,   0.6430961
+2,    0.171049
+3,      3.760
+4,    0.0002
+3,  1
/1
<3
@3,         
+2,DOUBLE  
+2,Multiple valve replacement              
+2,   -0.444521
+2,   0.1626038
+3,     -2.734
+4,    0.0063
+3,  1
/1
<3
@3,         
+2,MECHVALV
+2,Mechanic prosthesis inserted            
+2,   -0.688695
+2,   0.2157326
+3,     -3.192
+4,    0.0014
+3,  1
/1
<3
@3,         
+2,BIO     
+2,Bioprosthesis inserted                  
+2,   0.7870678
+2,    0.201255
+3,      3.911
+2,      <.0001
+3,  1
/1
<3
<3
@14,---------------------------------------------------------------------------------------------------------------------
/1
@3,Constant:
+2,AGE_COP 
+2,Age (years) at current operation        
+2,  0.01792216
+2, 0.006114984
+3,      2.931
+4,    0.0034
+3,  1
/1
<3
@3,         
+2,BLACK   
+2,Black race                              
+2,    1.111051
+2,   0.2887856
+3,      3.847
+4,    0.0001
+3,  1
/1
<3
@3,         
+2,MALE    
+2,Male patient                            
+2,   0.2188755
+2,   0.1759347
+3,      1.244
+4,    0.2135
+3,  1
/1
<3
@3,         
+2,NYHA    
+2,Augmented NYHA functional class         
+2,     0.50838
+2,   0.1241892
+3,      4.094
+2,      <.0001
+3,  1
/1
<3
@3,         
+2,AO_PINC 
+2,Pure aortic incompetence                
+2,   0.2706482
+2,   0.2027125
+3,      1.335
+4,    0.1818
+3,  1
/1
<3
@3,         
+2,I_PATH  
+2,Ischemic mitral pathology               
+2,    4.162777
+2,   0.9568414
+3,      4.351
+2,      <.0001
+3,  1
/1
<3
@3,         
+2,NVE     
+2,Native valve endocarditis               
+2,   0.3898243
+2,   0.5160767
+3,      0.755
+4,    0.4500
+3,  1
/1
<3
@3,         
+2,MITRAL  
+2,Mitral valve replacement only           
+2,   0.1954567
+2,   0.1918903
+3,      1.019
+4,    0.3084
+3,  1
/1
<3
@3,         
+2,DOUBLE  
+2,Multiple valve replacement              
+2,   -0.226539
+2,   0.2890455
+3,     -0.784
+4,    0.4332
+3,  1
/1
<3
@3,         
+2,MECHVALV
+2,Mechanic prosthesis inserted            
+2,   -0.193512
+2,   0.1914427
+3,     -1.011
+4,    0.3121
+3,  1
/1
<3
@3,         
+2,BIO     
+2,Bioprosthesis inserted                  
+2,    0.278549
+2,   0.1780325
+3,      1.565
+4,    0.1177
+3,  1
/1
<3
<3
<3
<3
<3
<3
<3
<3
<3
<3
<3
<3
@3,--------------------------------------------------------------------------------------------------------------------------------
/1
<15
/2
@1,*
;----------------------------------------------------------
;*
/1
@1,|Step 
;  1
;. 
;AGE_COP 
; added to 
;EARLY PHASE         
+10,|
/1
@1,|
+19,with Z = 
;      8.123
; and P = 
;<.0001    
;|
/1
@1,*
;----------------------------------------------------------
;*
/2
<15
/2
@9,Optimization terminated after
;    0
+1,iterations and 
;    6
+1,function evaluations
/1
@9,Normal exit: Convergence attained
/1
@9,Log base 10 of condition code = 
;    4.963411
/1
@9,Number of events conserved = 
;    337.9999
/2
@9,Log likelihood = 
;    -1500.29
/2
@9,-2(Difference in log likelihood) = 
;    72.21108
/1
@9,                         P(diff) = 
;<.0001
/2
<2
<12
@51,Summary of Variables in the Model
/1
@51,---------------------------------
/2
@122,Moves
/1
@3,Phase
+6,Variable
+2,Label
+38,Estimate
+6,Std error
+12,Z
+8,Prob>|Z|
+3,Remaining
/1
@3,--------------------------------------------------------------------------------------------------------------------------------
/1
<3
@3,Early:   
+2,E0      
+2,                                        
+2,    -2.83655
+2,   0.3935472
+3,     -7.208
+2,      <.0001
/1
<3
@3,         
+2,AGE_COP 
+2,Age (years) at current operation        
+2,   0.0515126
+2, 0.006633815
+3,      7.765
+2,      <.0001
+3,  1
/1
<3
<3
<3
<3
<3
<3
<3
<3
<3
<3
@14,---------------------------------------------------------------------------------------------------------------------
/1
<3
@3,Constant:
+2,C0      
+2,                                        
+2,    -5.93098
+2,  0.08582262
+3,    -69.107
+2,      <.0001
/1
<3
<3
<3
<3
<3
<3
<3
<3
<3
<3
<3
<3
<3
<3
<3
<3
<3
<3
<3
<3
<3
<3
<3
@3,--------------------------------------------------------------------------------------------------------------------------------
/1
/2
<12
@36,Summary of Variables not in the Model
; (Based on Q Statistics)
/2
@122,Moves
/1
@3,Phase
+6,Variable
+2,Label
+38,Estimate
+6,Std error
+12,Z
+8,Prob>|Z|
+3,Remaining
/1
@3,--------------------------------------------------------------------------------------------------------------------------------
/1
<3
<3
<3
@3,Early:   
+2,BLACK   
+2,Black race                              
+2,    5.327335
+2,   0.4940323
+3,     10.783
+2,      <.0001
+3,  1
/1
<3
@3,         
+2,MALE    
+2,Male patient                            
+2,   0.1577078
+2,   0.1522314
+3,      1.036
+4,    0.3002
+3,  1
/1
<3
@3,         
+2,NYHA    
+2,Augmented NYHA functional class         
+2,   0.7046124
+2,   0.1129553
+3,      6.238
+2,      <.0001
+3,  1
/1
<3
@3,         
+2,AO_PINC 
+2,Pure aortic incompetence                
+2,   0.5369783
+2,   0.2091572
+3,      2.567
+4,    0.0102
+3,  1
/1
<3
@3,         
+2,I_PATH  
+2,Ischemic mitral pathology               
+2,   0.3369325
+2,   0.3203911
+3,      1.052
+4,    0.2930
+3,  1
/1
<3
@3,         
+2,NVE     
+2,Native valve endocarditis               
+2,     5.88864
+2,   0.6549464
+3,      8.991
+2,      <.0001
+3,  1
/1
<3
@3,         
+2,MITRAL  
+2,Mitral valve replacement only           
+2,   0.4339694
+2,   0.1647982
+3,      2.633
+4,    0.0085
+3,  1
/1
<3
@3,         
+2,DOUBLE  
+2,Multiple valve replacement              
+2,  0.02499504
+2,   0.1949856
+3,      0.128
+4,    0.8980
+3,  1
/1
<3
@3,         
+2,MECHVALV
+2,Mechanic prosthesis inserted            
+2,     -0.5349
+2,   0.2103428
+3,     -2.543
+4,    0.0110
+3,  1
/1
<3
@3,         
+2,BIO     
+2,Bioprosthesis inserted                  
+2,   0.7224278
+2,   0.2047955
+3,      3.528
+4,    0.0004
+3,  1
/1
<3
<3
@14,---------------------------------------------------------------------------------------------------------------------
/1
@3,Constant:
+2,AGE_COP 
+2,Age (years) at current operation        
+2,  0.01325118
+2, 0.006270601
+3,      2.113
+4,    0.0346
+3,  1
/1
<3
@3,         
+2,BLACK   
+2,Black race                              
+2,    1.219566
+2,   0.2934315
+3,      4.156
+2,      <.0001
+3,  1
/1
<3
@3,         
+2,MALE    
+2,Male patient                            
+2,   0.2539029
+2,   0.1774651
+3,      1.431
+4,    0.1525
+3,  1
/1
<3
@3,         
+2,NYHA    
+2,Augmented NYHA functional class         
+2,   0.4967756
+2,   0.1259745
+3,      3.943
+2,      <.0001
+3,  1
/1
<3
@3,         
+2,AO_PINC 
+2,Pure aortic incompetence                
+2,   0.3401801
+2,   0.2048132
+3,      1.661
+4,    0.0967
+3,  1
/1
<3
@3,         
+2,I_PATH  
+2,Ischemic mitral pathology               
+2,    3.813938
+2,   0.9391418
+3,      4.061
+2,      <.0001
+3,  1
/1
<3
@3,         
+2,NVE     
+2,Native valve endocarditis               
+2,   0.4445511
+2,   0.5106485
+3,      0.871
+4,    0.3840
+3,  1
/1
<3
@3,         
+2,MITRAL  
+2,Mitral valve replacement only           
+2,   0.1803925
+2,   0.1933148
+3,      0.933
+4,    0.3507
+3,  1
/1
<3
@3,         
+2,DOUBLE  
+2,Multiple valve replacement              
+2,   -0.204642
+2,   0.2951872
+3,     -0.693
+4,    0.4881
+3,  1
/1
<3
@3,         
+2,MECHVALV
+2,Mechanic prosthesis inserted            
+2,    -0.17843
+2,   0.1921563
+3,     -0.929
+4,    0.3531
+3,  1
/1
<3
@3,         
+2,BIO     
+2,Bioprosthesis inserted                  
+2,   0.2744416
+2,   0.1794891
+3,      1.529
+4,    0.1263
+3,  1
/1
<3
<3
<3
<3
<3
<3
<3
<3
<3
<3
<3
<3
@3,--------------------------------------------------------------------------------------------------------------------------------
/1
<15
/2
@1,*
;----------------------------------------------------------
;*
/1
@1,|Step 
;  2
;. 
;BLACK   
; added to 
;EARLY PHASE         
+10,|
/1
@1,|
+19,with Z = 
;     10.783
; and P = 
;<.0001    
;|
/1
@1,*
;----------------------------------------------------------
;*
/2
<15
/2
@9,Optimization terminated after
;    0
+1,iterations and 
;    9
+1,function evaluations
/1
@9,Normal exit: Convergence attained
/1
@9,Log base 10 of condition code = 
;    5.125597
/1
@9,Number of events conserved = 
;         338
/2
@9,Log likelihood = 
;    -1475.77
/2
@9,-2(Difference in log likelihood) = 
;    49.04444
/1
@9,                         P(diff) = 
;<.0001
/2
<2
<12
@51,Summary of Variables in the Model
/1
@51,---------------------------------
/2
@122,Moves
/1
@3,Phase
+6,Variable
+2,Label
+38,Estimate
+6,Std error
+12,Z
+8,Prob>|Z|
+3,Remaining
/1
@3,--------------------------------------------------------------------------------------------------------------------------------
/1
<3
@3,Early:   
+2,E0      
+2,                                        
+2,    -3.75455
+2,   0.4600147
+3,     -8.162
+2,      <.0001
/1
<3
@3,         
+2,AGE_COP 
+2,Age (years) at current operation        
+2,  0.06463062
+2, 0.007492273
+3,      8.626
+2,      <.0001
+3,  1
/1
<3
@3,         
+2,BLACK   
+2,Black race                              
+2,    1.813879
+2,   0.2197365
+3,      8.255
+2,      <.0001
+3,  1
/1
<3
<3
<3
<3
<3
<3
<3
<3
<3
@14,---------------------------------------------------------------------------------------------------------------------
/1
<3
@3,Constant:
+2,C0      
+2,                                        
+2,    -5.94475
+2,  0.08645662
+3,    -68.760
+2,      <.0001
/1
<3
<3
<3
<3
<3
<3
<3
<3
<3
<3
<3
<3
<3
<3
<3
<3
<3
<3
<3
<3
<3
<3
<3
@3,--------------------------------------------------------------------------------------------------------------------------------
/1
/2
<12
@36,Summary of Variables not in the Model
; (Based on Q Statistics)
/2
@122,Moves
/1
@3,Phase
+6,Variable
+2,Label
+38,Estimate
+6,Std error
+12,Z
+8,Prob>|Z|
+3,Remaining
/1
@3,--------------------------------------------------------------------------------------------------------------------------------
/1
<3
<3
<3
<3
@3,Early:   
+2,MALE    
+2,Male patient                            
+2,  -0.0040481
+2,     0.15708
+3,     -0.026
+4,    0.9794
+3,  1
/1
<3
@3,         
+2,NYHA    
+2,Augmented NYHA functional class         
+2,   0.5727192
+2,   0.1210944
+3,      4.730
+2,      <.0001
+3,  1
/1
<3
@3,         
+2,AO_PINC 
+2,Pure aortic incompetence                
+2,  0.08437932
+2,   0.2168846
+3,      0.389
+4,    0.6972
+3,  1
/1
<3
@3,         
+2,I_PATH  
+2,Ischemic mitral pathology               
+2,   0.6363653
+2,    0.355389
+3,      1.791
+4,    0.0734
+3,  1
/1
<3
@3,         
+2,NVE     
+2,Native valve endocarditis               
+2,    13.11926
+2,   0.9346157
+3,     14.037
+2,      <.0001
+3,  1
/1
<3
@3,         
+2,MITRAL  
+2,Mitral valve replacement only           
+2,   0.4988594
+2,    0.165738
+3,      3.010
+4,    0.0026
+3,  1
/1
<3
@3,         
+2,DOUBLE  
+2,Multiple valve replacement              
+2,    0.370909
+2,   0.2141392
+3,      1.732
+4,    0.0833
+3,  1
/1
<3
@3,         
+2,MECHVALV
+2,Mechanic prosthesis inserted            
+2,   -0.369872
+2,   0.1988758
+3,     -1.860
+4,    0.0629
+3,  1
/1
<3
@3,         
+2,BIO     
+2,Bioprosthesis inserted                  
+2,   0.5342426
+2,    0.190906
+3,      2.798
+4,    0.0051
+3,  1
/1
<3
<3
@14,---------------------------------------------------------------------------------------------------------------------
/1
@3,Constant:
+2,AGE_COP 
+2,Age (years) at current operation        
+2,  0.01312834
+2, 0.006313618
+3,      2.079
+4,    0.0376
+3,  1
/1
<3
@3,         
+2,BLACK   
+2,Black race                              
+2,   0.8853835
+2,   0.2917476
+3,      3.035
+4,    0.0024
+3,  1
/1
<3
@3,         
+2,MALE    
+2,Male patient                            
+2,   0.2379575
+2,   0.1787197
+3,      1.331
+4,    0.1830
+3,  1
/1
<3
@3,         
+2,NYHA    
+2,Augmented NYHA functional class         
+2,   0.4750741
+2,   0.1274821
+3,      3.727
+4,    0.0002
+3,  1
/1
<3
@3,         
+2,AO_PINC 
+2,Pure aortic incompetence                
+2,   0.3209311
+2,   0.2064356
+3,      1.555
+4,    0.1200
+3,  1
/1
<3
@3,         
+2,I_PATH  
+2,Ischemic mitral pathology               
+2,    4.194628
+2,    0.967494
+3,      4.336
+2,      <.0001
+3,  1
/1
<3
@3,         
+2,NVE     
+2,Native valve endocarditis               
+2,   0.4660334
+2,   0.5223952
+3,      0.892
+4,    0.3723
+3,  1
/1
<3
@3,         
+2,MITRAL  
+2,Mitral valve replacement only           
+2,   0.1680054
+2,    0.194145
+3,      0.865
+4,    0.3868
+3,  1
/1
<3
@3,         
+2,DOUBLE  
+2,Multiple valve replacement              
+2,   -0.260023
+2,   0.2970324
+3,     -0.875
+4,    0.3814
+3,  1
/1
<3
@3,         
+2,MECHVALV
+2,Mechanic prosthesis inserted            
+2,   -0.142676
+2,   0.1934644
+3,     -0.737
+4,    0.4608
+3,  1
/1
<3
@3,         
+2,BIO     
+2,Bioprosthesis inserted                  
+2,    0.231665
+2,   0.1806758
+3,      1.282
+4,    0.1998
+3,  1
/1
<3
<3
<3
<3
<3
<3
<3
<3
<3
<3
<3
<3
@3,--------------------------------------------------------------------------------------------------------------------------------
/1
<15
/2
@1,*
;----------------------------------------------------------
;*
/1
@1,|Step 
;  3
;. 
;NVE     
; added to 
;EARLY PHASE         
+10,|
/1
@1,|
+19,with Z = 
;     14.037
; and P = 
;<.0001    
;|
/1
@1,*
;----------------------------------------------------------
;*
/2
<15
/2
@9,Optimization terminated after
;    0
+1,iterations and 
;    8
+1,function evaluations
/1
@9,Normal exit: Convergence attained
/1
@9,Log base 10 of condition code = 
;    5.177282
/1
@9,Number of events conserved = 
;    337.9999
/2
@9,Log likelihood = 
;     -1452.8
/2
@9,-2(Difference in log likelihood) = 
;    45.94518
/1
@9,                         P(diff) = 
;<.0001
/2
<2
<12
@51,Summary of Variables in the Model
/1
@51,---------------------------------
/2
@122,Moves
/1
@3,Phase
+6,Variable
+2,Label
+38,Estimate
+6,Std error
+12,Z
+8,Prob>|Z|
+3,Remaining
/1
@3,--------------------------------------------------------------------------------------------------------------------------------
/1
<3
@3,Early:   
+2,E0      
+2,                                        
+2,    -4.78053
+2,   0.4659003
+3,    -10.261
+2,      <.0001
/1
<3
@3,         
+2,AGE_COP 
+2,Age (years) at current operation        
+2,  0.07959524
+2,  0.00735832
+3,     10.817
+2,      <.0001
+3,  1
/1
<3
@3,         
+2,BLACK   
+2,Black race                              
+2,    2.090167
+2,   0.2171669
+3,      9.625
+2,      <.0001
+3,  1
/1
<3
<3
<3
<3
<3
@3,         
+2,NVE     
+2,Native valve endocarditis               
+2,    2.303623
+2,   0.2663474
+3,      8.649
+2,      <.0001
+3,  1
/1
<3
<3
<3
<3
@14,---------------------------------------------------------------------------------------------------------------------
/1
<3
@3,Constant:
+2,C0      
+2,                                        
+2,    -5.94679
+2,  0.08641113
+3,    -68.820
+2,      <.0001
/1
<3
<3
<3
<3
<3
<3
<3
<3
<3
<3
<3
<3
<3
<3
<3
<3
<3
<3
<3
<3
<3
<3
<3
@3,--------------------------------------------------------------------------------------------------------------------------------
/1
/2
<12
@36,Summary of Variables not in the Model
; (Based on Q Statistics)
/2
@122,Moves
/1
@3,Phase
+6,Variable
+2,Label
+38,Estimate
+6,Std error
+12,Z
+8,Prob>|Z|
+3,Remaining
/1
@3,--------------------------------------------------------------------------------------------------------------------------------
/1
<3
<3
<3
<3
@3,Early:   
+2,MALE    
+2,Male patient                            
+2,  -0.0829588
+2,   0.1591744
+3,     -0.521
+4,    0.6022
+3,  1
/1
<3
@3,         
+2,NYHA    
+2,Augmented NYHA functional class         
+2,   0.2357466
+2,   0.1175248
+3,      2.006
+4,    0.0449
+3,  1
/1
<3
@3,         
+2,AO_PINC 
+2,Pure aortic incompetence                
+2,   -0.223481
+2,    0.229204
+3,     -0.975
+4,    0.3295
+3,  1
/1
<3
@3,         
+2,I_PATH  
+2,Ischemic mitral pathology               
+2,   0.9807775
+2,   0.3921781
+3,      2.501
+4,    0.0124
+3,  1
/1
<3
<3
@3,         
+2,MITRAL  
+2,Mitral valve replacement only           
+2,   0.5312916
+2,   0.1690577
+3,      3.143
+4,    0.0017
+3,  1
/1
<3
@3,         
+2,DOUBLE  
+2,Multiple valve replacement              
+2,  0.07608058
+2,   0.2267502
+3,      0.336
+4,    0.7372
+3,  1
/1
<3
@3,         
+2,MECHVALV
+2,Mechanic prosthesis inserted            
+2,   -0.254869
+2,   0.1999482
+3,     -1.275
+4,    0.2024
+3,  1
/1
<3
@3,         
+2,BIO     
+2,Bioprosthesis inserted                  
+2,   0.3961683
+2,   0.1881148
+3,      2.106
+4,    0.0352
+3,  1
/1
<3
<3
@14,---------------------------------------------------------------------------------------------------------------------
/1
@3,Constant:
+2,AGE_COP 
+2,Age (years) at current operation        
+2,  0.01230054
+2,  0.00632795
+3,      1.944
+4,    0.0519
+3,  1
/1
<3
@3,         
+2,BLACK   
+2,Black race                              
+2,   0.8453945
+2,   0.2909167
+3,      2.906
+4,    0.0037
+3,  1
/1
<3
@3,         
+2,MALE    
+2,Male patient                            
+2,   0.2296192
+2,   0.1787688
+3,      1.284
+4,    0.1990
+3,  1
/1
<3
@3,         
+2,NYHA    
+2,Augmented NYHA functional class         
+2,   0.4459591
+2,   0.1266603
+3,      3.521
+4,    0.0004
+3,  1
/1
<3
@3,         
+2,AO_PINC 
+2,Pure aortic incompetence                
+2,    0.281837
+2,   0.2055565
+3,      1.371
+4,    0.1703
+3,  1
/1
<3
@3,         
+2,I_PATH  
+2,Ischemic mitral pathology               
+2,    4.570408
+2,   0.9916695
+3,      4.609
+2,      <.0001
+3,  1
/1
<3
@3,         
+2,NVE     
+2,Native valve endocarditis               
+2,   -0.117768
+2,   0.4682753
+3,     -0.251
+4,    0.8014
+3,  1
/1
<3
@3,         
+2,MITRAL  
+2,Mitral valve replacement only           
+2,    0.186575
+2,   0.1941045
+3,      0.961
+4,    0.3364
+3,  1
/1
<3
@3,         
+2,DOUBLE  
+2,Multiple valve replacement              
+2,   -0.293779
+2,   0.2962942
+3,     -0.992
+4,    0.3214
+3,  1
/1
<3
@3,         
+2,MECHVALV
+2,Mechanic prosthesis inserted            
+2,  -0.0975918
+2,   0.1929386
+3,     -0.506
+4,    0.6130
+3,  1
/1
<3
@3,         
+2,BIO     
+2,Bioprosthesis inserted                  
+2,   0.1776921
+2,   0.1796988
+3,      0.989
+4,    0.3227
+3,  1
/1
<3
<3
<3
<3
<3
<3
<3
<3
<3
<3
<3
<3
@3,--------------------------------------------------------------------------------------------------------------------------------
/1
<15
/2
@1,*
;----------------------------------------------------------
;*
/1
@1,|Step 
;  4
;. 
;I_PATH  
; added to 
;CONSTANT PHASE      
+10,|
/1
@1,|
+19,with Z = 
;      4.609
; and P = 
;<.0001    
;|
/1
@1,*
;----------------------------------------------------------
;*
/2
<15
/2
@9,Optimization terminated after
;    0
+1,iterations and 
;    9
+1,function evaluations
/1
@9,Normal exit: Convergence attained
/1
@9,Log base 10 of condition code = 
;    5.138546
/1
@9,Number of events conserved = 
;         338
/2
@9,Log likelihood = 
;    -1448.49
/2
@9,-2(Difference in log likelihood) = 
;    8.610968
/1
@9,                         P(diff) = 
;    0.0033
/2
<2
<12
@51,Summary of Variables in the Model
/1
@51,---------------------------------
/2
@122,Moves
/1
@3,Phase
+6,Variable
+2,Label
+38,Estimate
+6,Std error
+12,Z
+8,Prob>|Z|
+3,Remaining
/1
@3,--------------------------------------------------------------------------------------------------------------------------------
/1
<3
@3,Early:   
+2,E0      
+2,                                        
+2,    -4.80942
+2,   0.4682646
+3,    -10.271
+2,      <.0001
/1
<3
@3,         
+2,AGE_COP 
+2,Age (years) at current operation        
+2,  0.07989682
+2, 0.007390602
+3,     10.811
+2,      <.0001
+3,  1
/1
<3
@3,         
+2,BLACK   
+2,Black race                              
+2,     2.10575
+2,   0.2173572
+3,      9.688
+2,      <.0001
+3,  1
/1
<3
<3
<3
<3
<3
@3,         
+2,NVE     
+2,Native valve endocarditis               
+2,    2.318676
+2,   0.2662611
+3,      8.708
+2,      <.0001
+3,  1
/1
<3
<3
<3
<3
@14,---------------------------------------------------------------------------------------------------------------------
/1
<3
@3,Constant:
+2,C0      
+2,                                        
+2,    -5.98122
+2,  0.08833193
+3,    -67.713
+2,      <.0001
/1
<3
<3
<3
<3
<3
<3
@3,         
+2,I_PATH  
+2,Ischemic mitral pathology               
+2,    1.441798
+2,   0.3877227
+3,      3.719
+4,    0.0002
+3,  1
/1
<3
<3
<3
<3
<3
<3
<3
<3
<3
<3
<3
<3
<3
<3
<3
<3
<3
@3,--------------------------------------------------------------------------------------------------------------------------------
/1
/2
<12
@36,Summary of Variables not in the Model
; (Based on Q Statistics)
/2
@122,Moves
/1
@3,Phase
+6,Variable
+2,Label
+38,Estimate
+6,Std error
+12,Z
+8,Prob>|Z|
+3,Remaining
/1
@3,--------------------------------------------------------------------------------------------------------------------------------
/1
<3
<3
<3
<3
@3,Early:   
+2,MALE    
+2,Male patient                            
+2,  -0.0923003
+2,   0.1599737
+3,     -0.577
+4,    0.5640
+3,  1
/1
<3
@3,         
+2,NYHA    
+2,Augmented NYHA functional class         
+2,   0.2279404
+2,   0.1179159
+3,      1.933
+4,    0.0532
+3,  1
/1
<3
@3,         
+2,AO_PINC 
+2,Pure aortic incompetence                
+2,   -0.207719
+2,   0.2302611
+3,     -0.902
+4,    0.3670
+3,  1
/1
<3
@3,         
+2,I_PATH  
+2,Ischemic mitral pathology               
+2,   0.8139077
+2,    0.410549
+3,      1.982
+4,    0.0474
+3,  1
/1
<3
<3
@3,         
+2,MITRAL  
+2,Mitral valve replacement only           
+2,   0.5065956
+2,   0.1703848
+3,      2.973
+4,    0.0029
+3,  1
/1
<3
@3,         
+2,DOUBLE  
+2,Multiple valve replacement              
+2,  0.09583499
+2,   0.2280242
+3,      0.420
+4,    0.6743
+3,  1
/1
<3
@3,         
+2,MECHVALV
+2,Mechanic prosthesis inserted            
+2,   -0.239572
+2,   0.2014466
+3,     -1.189
+4,    0.2343
+3,  1
/1
<3
@3,         
+2,BIO     
+2,Bioprosthesis inserted                  
+2,    0.384385
+2,    0.189356
+3,      2.030
+4,    0.0424
+3,  1
/1
<3
<3
@14,---------------------------------------------------------------------------------------------------------------------
/1
@3,Constant:
+2,AGE_COP 
+2,Age (years) at current operation        
+2,   0.0112647
+2, 0.006421686
+3,      1.754
+4,    0.0794
+3,  1
/1
<3
@3,         
+2,BLACK   
+2,Black race                              
+2,   0.8302551
+2,   0.2901859
+3,      2.861
+4,    0.0042
+3,  1
/1
<3
@3,         
+2,MALE    
+2,Male patient                            
+2,   0.2108364
+2,    0.178874
+3,      1.179
+4,    0.2385
+3,  1
/1
<3
@3,         
+2,NYHA    
+2,Augmented NYHA functional class         
+2,   0.4121107
+2,    0.127758
+3,      3.226
+4,    0.0013
+3,  1
/1
<3
@3,         
+2,AO_PINC 
+2,Pure aortic incompetence                
+2,    0.340802
+2,   0.2097653
+3,      1.625
+4,    0.1042
+3,  1
/1
<3
<3
@3,         
+2,NVE     
+2,Native valve endocarditis               
+2,  -0.0859346
+2,   0.4768635
+3,     -0.180
+4,    0.8570
+3,  1
/1
<3
@3,         
+2,MITRAL  
+2,Mitral valve replacement only           
+2,  0.06120974
+2,   0.1998514
+3,      0.306
+4,    0.7594
+3,  1
/1
<3
@3,         
+2,DOUBLE  
+2,Multiple valve replacement              
+2,   -0.265488
+2,   0.3023072
+3,     -0.878
+4,    0.3798
+3,  1
/1
<3
@3,         
+2,MECHVALV
+2,Mechanic prosthesis inserted            
+2,   -0.131131
+2,   0.1939854
+3,     -0.676
+4,    0.4990
+3,  1
/1
<3
@3,         
+2,BIO     
+2,Bioprosthesis inserted                  
+2,   0.2105734
+2,   0.1810596
+3,      1.163
+4,    0.2448
+3,  1
/1
<3
<3
<3
<3
<3
<3
<3
<3
<3
<3
<3
<3
@3,--------------------------------------------------------------------------------------------------------------------------------
/1
<15
/2
@1,*
;----------------------------------------------------------
;*
/1
@1,|Step 
;  5
;. 
;NYHA    
; added to 
;CONSTANT PHASE      
+10,|
/1
@1,|
+19,with Z = 
;      3.226
; and P = 
;    0.0013
;|
/1
@1,*
;----------------------------------------------------------
;*
/2
<15
/2
@9,Optimization terminated after
;    0
+1,iterations and 
;    5
+1,function evaluations
/1
@9,Normal exit: Convergence attained
/1
@9,Log base 10 of condition code = 
;    5.148369
/1
@9,Number of events conserved = 
;    337.9999
/2
@9,Log likelihood = 
;    -1443.28
/2
@9,-2(Difference in log likelihood) = 
;    10.43181
/1
@9,                         P(diff) = 
;    0.0012
/2
<2
$Note: Program being stopped by MAXSTEPS.
/1
@5,*** Stopping after maximum steps specified.
/2
<12
@51,Summary of Variables in the Model
/1
@51,---------------------------------
/2
@122,Moves
/1
@3,Phase
+6,Variable
+2,Label
+38,Estimate
+6,Std error
+12,Z
+8,Prob>|Z|
+3,Remaining
/1
@3,--------------------------------------------------------------------------------------------------------------------------------
/1
<3
@3,Early:   
+2,E0      
+2,                                        
+2,    -4.78068
+2,   0.4694778
+3,    -10.183
+2,      <.0001
/1
<3
@3,         
+2,AGE_COP 
+2,Age (years) at current operation        
+2,  0.07938922
+2, 0.007416339
+3,     10.705
+2,      <.0001
+3,  1
/1
<3
@3,         
+2,BLACK   
+2,Black race                              
+2,    2.088636
+2,   0.2189013
+3,      9.541
+2,      <.0001
+3,  1
/1
<3
<3
<3
<3
<3
@3,         
+2,NVE     
+2,Native valve endocarditis               
+2,    2.303782
+2,   0.2684355
+3,      8.582
+2,      <.0001
+3,  1
/1
<3
<3
<3
<3
@14,---------------------------------------------------------------------------------------------------------------------
/1
<3
@3,Constant:
+2,C0      
+2,                                        
+2,       -7.19
+2,   0.3959209
+3,    -18.160
+2,      <.0001
/1
<3
<3
<3
<3
@3,         
+2,NYHA    
+2,Augmented NYHA functional class         
+2,   0.4125465
+2,   0.1271765
+3,      3.244
+4,    0.0012
+3,  1
/1
<3
<3
@3,         
+2,I_PATH  
+2,Ischemic mitral pathology               
+2,     1.22588
+2,   0.3922085
+3,      3.126
+4,    0.0018
+3,  1
/1
<3
<3
<3
<3
<3
<3
<3
<3
<3
<3
<3
<3
<3
<3
<3
<3
<3
@3,--------------------------------------------------------------------------------------------------------------------------------
/1
/2
<12
@36,Summary of Variables not in the Model
; (Based on Q Statistics)
/2
@122,Moves
/1
@3,Phase
+6,Variable
+2,Label
+38,Estimate
+6,Std error
+12,Z
+8,Prob>|Z|
+3,Remaining
/1
@3,--------------------------------------------------------------------------------------------------------------------------------
/1
<3
<3
<3
<3
@3,Early:   
+2,MALE    
+2,Male patient                            
+2,  -0.0849072
+2,   0.1605445
+3,     -0.529
+4,    0.5969
+3,  1
/1
<3
@3,         
+2,NYHA    
+2,Augmented NYHA functional class         
+2,   0.1918075
+2,   0.1187405
+3,      1.615
+4,    0.1062
+3,  1
/1
<3
@3,         
+2,AO_PINC 
+2,Pure aortic incompetence                
+2,   -0.184285
+2,   0.2314697
+3,     -0.796
+4,    0.4259
+3,  1
/1
<3
@3,         
+2,I_PATH  
+2,Ischemic mitral pathology               
+2,   0.8143942
+2,   0.4078483
+3,      1.997
+4,    0.0458
+3,  1
/1
<3
<3
@3,         
+2,MITRAL  
+2,Mitral valve replacement only           
+2,   0.5029062
+2,   0.1710944
+3,      2.939
+4,    0.0033
+3,  1
/1
<3
@3,         
+2,DOUBLE  
+2,Multiple valve replacement              
+2,  0.08749699
+2,   0.2279746
+3,      0.384
+4,    0.7011
+3,  1
/1
<3
@3,         
+2,MECHVALV
+2,Mechanic prosthesis inserted            
+2,   -0.232867
+2,   0.2021404
+3,     -1.152
+4,    0.2493
+3,  1
/1
<3
@3,         
+2,BIO     
+2,Bioprosthesis inserted                  
+2,   0.3805618
+2,   0.1900243
+3,      2.003
+4,    0.0452
+3,  1
/1
<3
<3
@14,---------------------------------------------------------------------------------------------------------------------
/1
@3,Constant:
+2,AGE_COP 
+2,Age (years) at current operation        
+2, 0.008353791
+2, 0.006590153
+3,      1.268
+4,    0.2049
+3,  1
/1
<3
@3,         
+2,BLACK   
+2,Black race                              
+2,   0.7921322
+2,   0.2855428
+3,      2.774
+4,    0.0055
+3,  1
/1
<3
@3,         
+2,MALE    
+2,Male patient                            
+2,    0.285089
+2,   0.1776623
+3,      1.605
+4,    0.1086
+3,  1
/1
<3
<3
@3,         
+2,AO_PINC 
+2,Pure aortic incompetence                
+2,   0.3346397
+2,   0.2099554
+3,      1.594
+4,    0.1110
+3,  1
/1
<3
<3
@3,         
+2,NVE     
+2,Native valve endocarditis               
+2,   -0.279299
+2,   0.4327977
+3,     -0.645
+4,    0.5187
+3,  1
/1
<3
@3,         
+2,MITRAL  
+2,Mitral valve replacement only           
+2,  0.01262703
+2,   0.1967014
+3,      0.064
+4,    0.9488
+3,  1
/1
<3
@3,         
+2,DOUBLE  
+2,Multiple valve replacement              
+2,   -0.327984
+2,   0.2897198
+3,     -1.132
+4,    0.2576
+3,  1
/1
<3
@3,         
+2,MECHVALV
+2,Mechanic prosthesis inserted            
+2,   -0.161906
+2,   0.1941706
+3,     -0.834
+4,    0.4044
+3,  1
/1
<3
@3,         
+2,BIO     
+2,Bioprosthesis inserted                  
+2,   0.2234234
+2,   0.1790207
+3,      1.248
+4,    0.2120
+3,  1
/1
<3
<3
<3
<3
<3
<3
<3
<3
<3
<3
<3
<3
@3,--------------------------------------------------------------------------------------------------------------------------------
/1
<15
/2
@5,Final Results:
/1
@5,==============
/3
@51,Parameter Estimate Summary
/2
@5,Phase
+6,Parameter
+3,Label
+39,Estimate
+7,Std error
+13,Z
+10,Prob>|Z|
/1
@5,--------------------------------------------------------------------------------------------------------------------------------
/1
<3
@5,Early:   
+2,E0      
+4,                                        
+3,    -4.78068
+3,   0.4694778
+4,    -10.183
+4,      <.0001
/1
<3
@5,         
+2,AGE_COP 
+4,Age (years) at current operation        
+3,  0.07938922
+3, 0.007416339
+4,     10.705
+4,      <.0001
/1
<3
@5,         
+2,BLACK   
+4,Black race                              
+3,    2.088636
+3,   0.2189013
+4,      9.541
+4,      <.0001
/1
<3
@5,         
+2,NVE     
+4,Native valve endocarditis               
+3,    2.303782
+3,   0.2684355
+4,      8.582
+4,      <.0001
/1
@16,---------------------------------------------------------------------------------------------------------------------
/1
<3
@5,Constant:
+2,C0      
+4,                                        
+3,       -7.19
+3,   0.3959209
+4,    -18.160
+4,      <.0001
/1
<3
@5,         
+2,NYHA    
+4,Augmented NYHA functional class         
+3,   0.4125465
+3,   0.1271765
+4,      3.244
+6,    0.0012
/1
<3
@5,         
+2,I_PATH  
+4,Ischemic mitral pathology               
+3,     1.22588
+3,   0.3922085
+4,      3.126
+6,    0.0018
/1
@5,--------------------------------------------------------------------------------------------------------------------------------
/1
<20
/2
@51,Estimates for Model Parameters
/2
@43,Phase
+7,Parameter
+5,Fixed?
+5,Estimate
/1
@43,------------------------------------------------
/1
@43,Early:
;   
@55,DELTA
;   
+6,Yes
+7,           0
/1
@43, 
;        
@55,THALF
;   
+6,Yes
+7,   0.6781774
/1
@55, (RHO
+19,    2.668966
;)
/1
@43, 
;        
@55,NU
;      
+6,Yes
+7,           0
/1
@43, 
;        
@55,M
;       
+6,Yes
+7,    -2.15596
/1
@43,         
+3,MUE     
+6,   
+7, 0.008390311
/1
@55,------------------------------------
/1
@43,Constant:
+3,MUC     
+6,   
+7,0.0007540877
/1
@43,------------------------------------------------
/1
$Note: Procedure HAZARD completed successfully.
