                                       Repair of Atrioventricular Septal (A-V Canal) Defects    13:43 Monday, September 18, 2000   1
                                                          Example Data Set
                                            Multivariable Analysis of Death After Repair

                          T H R E E   P H A S E   P A R A M E T R I C   H A Z A R D   P R O C E D U R E

    Initial Summary:
    ================

      There are   310 observations available for analysis with:
                             70 events
                            240 Right Censored Observations
                            310 Total Subjects

                                     Variable   Label                                          Min            Max
                -----------------------------------------------------------------------------------------------------
                Time:                INT_DEAD   Followup interval (months) after repair    0.001368954       170.5826
                Event:               DEAD       Death                                                0              1
                -----------------------------------------------------------------------------------------------------

   *------*
   | Note |
   *------*

      in  240 observation(s) RCENSOR has been changed from 0 to 1




    Concomitant Information:
    ========================


         Phase     Variable      Label                                          Mean           Min          Max
         -----------------------------------------------------------------------------------------------------------
         Early:    AGE           Age (months) at repair                        120.2347     0.9199368      790.9813
                   COM_IV        Interventricular communication               0.5032258             0             1
                   MAL           Important associated cardiac anomaly         0.2354839             0             1
                   OPMOS         Date of operation (months since 1/67)         116.7377      2.661246      179.9462
                   OP_AGE                                                      12632.69      64.68025      125813.4
                   STATUS        Clinical status (NYHA I-V)                    2.235484             1             4
                   -------------------------------------------------------------------------------------------------
         Constant: STATUS        Clinical status (NYHA I-V)                    2.235484             1             4
                   INC_SURG      Surgical grade of AV valve incompetence       2.393443             0             5
                   ORIFICE       Accessory left AV valve orifice             0.04516129             0             1
         -----------------------------------------------------------------------------------------------------------


    Model Specifications:
    =====================

                                       Initial Parameter Values
                                       ------------------------                                                    Starting
          Phase        Parameter       Specified        Used       |  Theta                          Estimated?    Value
          -------------------------------------------------------------------------------------------------------------------
          Early:       DELTA                    0             0    |  E1                             No
                       THALF            0.1905077     0.1905077    |  E2 = Ln(Thalf)                 Yes             -1.65806
                        (RHO                          0.1905077)   |
                       NU                1.437416      1.437416    |  E3 = Ln(|Nu|)                  Yes            0.3628471
                       M                        1             1    |  E4                             No
                       MUE              0.3504743     0.3504743 *  |  E0 = Ln(muE)                   Yes #           -1.04847
                       ------------------------------------------------------------------------------------------------------
          Constant:    MUC           4.391673E-07  4.391673E-07 *  |  C0 = Ln(muC)                   Yes             -14.6384
          -------------------------------------------------------------------------------------------------------------------
    # This MU parameter is estimated in closed form.
    * The value used is different from the value specified.

    Based on the values used, the following flags and equations have been set:
          *-------------------------------------------------*
          |  Early:                                         |
          |        Delta = 0                Yes             |
          |        M*Nu = |1|               No              |
          |        M>0, Nu>0, Generic equations 6 - 8       |
          |  Constant:                                      |
          |        Equations 24 - 25                        |
          *-------------------------------------------------*


    Computational Methods:
    ======================

      Optimization: Quasi-Newton method using numeric derivatives
                    initiated using an initial hessian matrix

      Conservation of events: Invoked at each iteration
      If only one scaling parameter, estimation is in closed form.


    Results:
    ========
                                       Repair of Atrioventricular Septal (A-V Canal) Defects    13:43 Monday, September 18, 2000   2
                                                          Example Data Set
                                            Multivariable Analysis of Death After Repair

    Iteration   Log Likelihood      E2            E3            E0            AGE           COM_IV        MAL           OPMOS
                                    OP_AGE        STATUS        C0            STATUS        INC_SURG      ORIFICE
    -----------------------------------------------------------------------------------------------------------------------------

        0           -160.408         -1.65806     0.3628471      -1.04847    -0.0320577      1.336675     0.6872028    -0.0196338
                                 0.0002086689     0.5169533      -14.6384      1.054988      1.375285       3.11765

        1           -160.408         -1.65806     0.3628494      -1.04859    -0.0320555      1.336566     0.6872364    -0.0196329
                                 0.0002086541     0.5169828      -14.6387      1.055057      1.375293      3.117818


        Optimization terminated after    1 iterations and   118 function evaluations
        Normal exit: Convergence attained
        Log base 10 of condition code =     11.12496
        Number of events conserved =     69.99997

        Log likelihood =     -160.408



    Final Results:
    ==============


                                                  Parameter Estimate Summary

    Phase      Parameter   Label                                       Estimate       Std error             Z          Prob>|Z|
    --------------------------------------------------------------------------------------------------------------------------------
    Early:     E2                                                         -1.65806      0.3632332         -4.565          <.0001
               E3                                                        0.3628494      0.1264317          2.870          0.0041
               E0                                                         -1.04859       0.783559         -1.338          0.1808
               AGE         Age (months) at repair                       -0.0320555    0.009503448         -3.373          0.0007
               COM_IV      Interventricular communication                 1.336566      0.4405151          3.034          0.0024
               MAL         Important associated cardiac anomaly          0.6872366      0.2763928          2.486          0.0129
               OPMOS       Date of operation (months since 1/67)        -0.0196329    0.004420956         -4.441          <.0001
               OP_AGE                                                 0.0002086541   6.015156E-05          3.469          0.0005
               STATUS      Clinical status (NYHA I-V)                    0.5169829      0.1650039          3.133          0.0017
               ---------------------------------------------------------------------------------------------------------------------
    Constant:  C0                                                         -14.6387        3.70956         -3.946          <.0001
               STATUS      Clinical status (NYHA I-V)                     1.055057      0.5601272          1.884          0.0596
               INC_SURG    Surgical grade of AV valve incompetence        1.375293      0.7086422          1.941          0.0523
               ORIFICE     Accessory left AV valve orifice                3.117819       1.009321          3.089          0.0020
    --------------------------------------------------------------------------------------------------------------------------------


                                                  Estimates for Model Parameters

                                          Phase       Parameter     Fixed?     Estimate
                                          ------------------------------------------------
                                          Early:      DELTA         Yes                  0
                                                      THALF         No            0.190509
                                                       (RHO                       0.190509)
                                                      NU            No            1.437419
                                                      M             Yes                  1
                                                      MUE                        0.3504323
                                                      ------------------------------------
                                          Constant:   MUC                     4.390425E-07
                                          ------------------------------------------------


                                                Asymptotic Variance-Covariance Matrix

                       E2            E3            E0            AGE           COM_IV        MAL           OPMOS         OP_AGE
                       STATUS        C0            STATUS        INC_SURG      ORIFICE
    -----------------------------------------------------------------------------------------------------------------------------
    Early:

       E2              0.1319384    0.01593594   0.003592926  -9.27477E-05   0.000870362   0.003277697  -3.08594E-05  6.343068E-07

                     0.004875404     -0.137029  -0.000503556    0.03104666    0.02621891

       E3             0.01593594    0.01598499   -0.00607652  -3.02757E-05   0.002378934   0.001613049    1.1899E-05  2.441373E-07

                     0.001426805    -0.0997117    0.00771755    0.01813866    0.02076844

       E0            0.003592926   -0.00607652     0.6139647   -0.00388436     -0.122856   -0.00262171   -0.00191657  2.300815E-05

                      -0.0791479     0.2807106    -0.0314475    -0.0428112    -0.0835813

       AGE          -9.27477E-05  -3.02757E-05   -0.00388436  9.031553E-05   -3.0272E-05  -0.000267132  2.219599E-05   -5.6363E-07

                      0.00023965    0.00420084  -0.000518196  -0.000664732  -0.000772951

       COM_IV        0.000870362   0.002378934     -0.122856   -3.0272E-05     0.1940535   0.001320544  -0.000498282  2.159732E-06

                    0.0006750878      -0.24869    0.03657498    0.03442554    0.07361296

       MAL           0.003277697   0.001613049   -0.00262171  -0.000267132   0.001320544    0.07639299  -0.000212343  1.626319E-06

                     -0.00186311     -0.180514    0.01852814    0.03093281    0.03922094

       OPMOS        -3.08594E-05    1.1899E-05   -0.00191657  2.219599E-05  -0.000498282  -0.000212343  1.954485E-05  -1.53034E-07

                    5.141499E-06    0.00205566  -0.000258066  -0.000323675   -0.00049037
                                       Repair of Atrioventricular Septal (A-V Canal) Defects    13:43 Monday, September 18, 2000   3
                                                          Example Data Set
                                            Multivariable Analysis of Death After Repair

       OP_AGE       6.343068E-07  2.441373E-07  2.300815E-05   -5.6363E-07  2.159732E-06  1.626319E-06  -1.53034E-07   3.61821E-09

                    -1.26761E-06  -2.99068E-05  3.705788E-06  4.654006E-06  6.080005E-06

       STATUS        0.004875404   0.001426805    -0.0791479    0.00023965  0.0006750878   -0.00186311  5.141499E-06  -1.26761E-06

                       0.0272263    -0.0932954   0.007516707    0.01638408    0.02223406

       --------------------------------------------------------------------------------------------------------------------------
    Constant:

       C0              -0.137029    -0.0997117     0.2807106    0.00420084      -0.24869     -0.180514    0.00205566  -2.99068E-05

                      -0.0932954      13.76084      -1.39165      -2.34253      -2.35957

       STATUS       -0.000503556    0.00771755    -0.0314475  -0.000518196    0.03657498    0.01852814  -0.000258066  3.705788E-06

                     0.007516707      -1.39165     0.3137424     0.1116176     0.2261551

       INC_SURG       0.03104666    0.01813866    -0.0428112  -0.000664732    0.03442554    0.03093281  -0.000323675  4.654006E-06

                      0.01638408      -2.34253     0.1116176     0.5021737        0.3672

       ORIFICE        0.02621891    0.02076844    -0.0835813  -0.000772951    0.07361296    0.03922094   -0.00049037  6.080005E-06

                      0.02223406      -2.35957     0.2261551        0.3672       1.01873

    -----------------------------------------------------------------------------------------------------------------------------


                                                     Asymptotic Correlation Matrix

                       E2            E3            E0            AGE           COM_IV        MAL           OPMOS         OP_AGE
                       STATUS        C0            STATUS        INC_SURG      ORIFICE
    -----------------------------------------------------------------------------------------------------------------------------
    Early:

       E2                      1     0.3470053    0.01262383    -0.0268681   0.005439433    0.03264799     -0.019217    0.02903133

                      0.08134499     -0.101696     -0.002475     0.1206153     0.0715154

       E3              0.3470053             1    -0.0613376    -0.0251975    0.04271352    0.04615988    0.02128816    0.03210193

                       0.0683934     -0.212602     0.1089775      0.202452     0.1627489

       E0             0.01262383    -0.0613376             1     -0.521634      -0.35593    -0.0121056     -0.553269      0.488161

                       -0.612172      0.096575     -0.071652    -0.0771009     -0.105684

       AGE            -0.0268681    -0.0251975     -0.521634             1     -0.007231     -0.101699     0.5282957     -0.985975

                       0.1528276     0.1191606    -0.0973478    -0.0987049    -0.0805826

       COM_IV        0.005439433    0.04271352      -0.35593     -0.007231             1    0.01084589     -0.255858    0.08150649

                     0.009287636     -0.152186     0.1482302      0.110279     0.1655633

       MAL            0.03264799    0.04615988    -0.0121056     -0.101699    0.01084589             1     -0.173778    0.09782102

                      -0.0408525      -0.17606     0.1196791     0.1579303     0.1405924

       OPMOS           -0.019217    0.02128816     -0.553269     0.5282957     -0.255858     -0.173778             1     -0.575475

                     0.007048218     0.1253466     -0.104214     -0.103316     -0.109895

       OP_AGE         0.02903133    0.03210193      0.488161     -0.985975    0.08150649    0.09782102     -0.575475             1

                       -0.127716     -0.134029     0.1099884     0.1091825     0.1001446

       STATUS         0.08134499     0.0683934     -0.612172     0.1528276   0.009287636    -0.0408525   0.007048218     -0.127716

                               1      -0.15242    0.08132924     0.1401202     0.1335042

       --------------------------------------------------------------------------------------------------------------------------
    Constant:

       C0              -0.101696     -0.212602      0.096575     0.1191606     -0.152186      -0.17606     0.1253466     -0.134029

                        -0.15242             1     -0.669765      -0.89112     -0.630204

       STATUS          -0.002475     0.1089775     -0.071652    -0.0973478     0.1482302     0.1196791     -0.104214     0.1099884

                      0.08132924     -0.669765             1     0.2812023     0.4000279

       INC_SURG        0.1206153      0.202452    -0.0771009    -0.0987049      0.110279     0.1579303     -0.103316     0.1091825

                       0.1401202      -0.89112     0.2812023             1     0.5133885

       ORIFICE         0.0715154     0.1627489     -0.105684    -0.0805826     0.1655633     0.1405924     -0.109895     0.1001446

                       0.1335042     -0.630204     0.4000279     0.5133885             1

    -----------------------------------------------------------------------------------------------------------------------------
                                       Repair of Atrioventricular Septal (A-V Canal) Defects    13:43 Monday, September 18, 2000   4
                                                          Example Data Set
                                            Multivariable Analysis of Death After Repair
                                                                  
                                                                  
                                                                  
                                                                  
                                                                  
                                                                  
                               D E C I L E   A N A L Y S I S   O F   E V E N T   A T   T I M E   120

    _        E                           A        P                                                                        I
    D        X       C                   B        C                _                                               O       N
    E        P       U     A             S        T        P       S               C                       S       R       C
    C  C     E       M     C             _        _        V       U               O               O       T       I       _
    I  A     C       _     T    D        D        D        A       R               M               P       A       F       S
    L  S     T       H     U    E        I        I        L       V       A       _       M       M       T       I       U
    E  E     E       A     A    A        F        F        U       I       G       I       A       O       U       C       R
    _  S     D       Z     L    D        F        F        E       V       E       V       L       S       S       E       G

    . 310 70.0000 0.22581 70 0.22581  0.00003  0.000000 1.00000 0.73261 120.235 0.50323 0.23548 116.738 2.23548 0.04516 2.39344

    0  62 36.3261 0.58591 36 0.58065  0.32614  0.005260 0.93326 0.31772  47.878 0.80645 0.40323 115.636 3.14516 0.19355 3.03860

    1  62 18.2708 0.29469 20 0.32258 -1.72923 -0.027891 0.63174 0.63472  71.959 0.77419 0.43548 130.282 2.61290 0.01613 2.71259

    2  62 10.7312 0.17308 11 0.17742 -0.26878 -0.004335 0.92840 0.79519  60.481 0.75806 0.24194 134.693 2.04839 0.01613 2.57086

    3  62  3.8437 0.06199  2 0.03226  1.84369  0.029737 0.33539 0.93030 120.100 0.16129 0.06452 117.897 1.67742 0.00000 2.29032

    4  62  0.8282 0.01336  1 0.01613 -0.17178 -0.002771 0.84992 0.98513 300.755 0.01613 0.03226  85.180 1.69355 0.00000 1.35484
