                                       Repair of Atrioventricular Septal (A-V Canal) Defects    13:42 Monday, September 18, 2000   1
                                                          Example Data Set
                                            Multivariable Analysis of Death After Repair
                                        Solve Multivariable Equation for Survival and Hazard
                                      In Complete Canal With and Without Associated Anomalies
                                            For a 6-month Old Infant in the Current Era

                     Obs    AGE    COM_IV    ORIFICE    INC_SURG    STATUS    OPMOS    OPYEAR    OP_AGE    MAL

                      1      6        1         0           0          3       180      1982      1080      0 
                      2      6        1         0           0          3       180      1982      1080      1 
                                       Repair of Atrioventricular Septal (A-V Canal) Defects    13:42 Monday, September 18, 2000   2
                                                          Example Data Set
                                            Multivariable Analysis of Death After Repair
                                        Solve Multivariable Equation for Survival and Hazard
                                      In Complete Canal With and Without Associated Anomalies
                                            For a 6-month Old Infant in the Current Era

                                          Plot of _SURVIV*YEARS.   Symbol is value of MAL.
                                          Plot of _CLLSURV*YEARS.  Symbol used is '.'.
                                          Plot of _CLUSURV*YEARS.  Symbol used is '.'.

       _SURVIV |
           1.0 +
               |  0                  .
               |  0                  .                  .
               |  0                  .                  .
               |  0                  .                  .
               |  0                  .                  .
               |  0                  .                  .
               |  0                  .                  .
           0.9 +  0                  .                  ..
               |  0                  .                  ....
               |  0                  .                  .  ........ ... .. ...  . .  .  ..  .  .    . . .   ..     .     .      ..    . .    .   . .      .
               |  00                  .                  .
               |  100                  .                  .
               |  1 000000000 000 0                  .                  .
               |  1                0 000  0 0  0  00  0  0    0 0 0   00     0     0      00    0 0    0   0 0      0                  ..                  .
               |  1                  ..                  ..
           0.8 +  1                  ...                   .
               |  1                  . ......                   ..
               |  1                  .       ... ... .. ...  . .  .  ..  .  .    . . .   ..     .     .      ..    . .    .   . .      .                    .....
               |  1                  .                        ..... ... .. ...  . .  .  ..  .  .    . . .   ..     .     .      ..    . .    .   . .      .
               |  11                  .
               |   1                  .
               |   11                  .
               |    11                  .
           0.7 +      1111111 11                  .
               |                1 11 111  1 1  1  11  1  1    1 1 1   11     1     1      11    1 1    1   1 1      1                  ..
               |                   .
               |                   .
               |                   ..
               |                    ..
               |                     ......
               |                           .. ... .. ...  . .  .  ..  .  .    . . .   ..     .     .      ..    . .    .
           0.6 +                                                                                                           . .      .
               |
               |
               |
               |
               |
               |
               |
           0.5 +
               |
               |
               |
               |
               |
               |
               |
           0.4 +
               |
               |
               |
               |
               |
               |
               |
           0.3 +
               |
               |
               |
               |
               |
               |
               |
           0.2 +
               |
               |
               |
               |
               |
               |
               |
           0.1 +
               |
               |
               |
               |
               |
               |
               |
           0.0 +
               |
               ---+------------+------------+------------+------------+------------+------------+------------+------------+--
                  0            2            4            6            8           10           12           14           16

                                                                    YEARS

NOTE: 462 obs hidden.
                                       Repair of Atrioventricular Septal (A-V Canal) Defects    13:42 Monday, September 18, 2000   3
                                                          Example Data Set
                                            Multivariable Analysis of Death After Repair
                                        Solve Multivariable Equation for Survival and Hazard
                                      In Complete Canal With and Without Associated Anomalies
                                            For a 6-month Old Infant in the Current Era

                                          Plot of _HAZARD*YEARS.  Symbol is value of MAL.
                                          Plot of _CLLHAZ*YEARS.  Symbol used is '.'.
                                          Plot of _CLUHAZ*YEARS.  Symbol used is '.'.

       _HAZARD |
          0.10 +                  .                  .
               |
               |  0                  .
               |                  .
               |                  .
               |  1
               |
               |                  .
          0.09 +
               |
               |  0                  .                  .
               |
               |                  .
               |
               |  1
               |
          0.08 +
               |                  .
               |  0                  .
               |                  .
               |                  .
               |
               |  1
               |
          0.07 +                  .
               |  0                   .
               |                  .                   .
               |                  .
               |  0
               |
               |  1                  .
               |  0
          0.06 +                  .
               |                  ..
               |
               |
               |  1                  .
               |  0
               |                  .
               |                  ..
          0.05 +
               |   1                  .
               |  01
               |                  .
               |                  .                  ..
               |                  .
               |
               |  01
          0.04 +                  .
               |                  ..
               |                  .
               |  01
               |                   .                   .
               |                  ..                   .
               |
               |  01
          0.03 +                   .                   .
               |                  .                   .
               |  01
               |                  .                   .
               |   0                   .                   .
               |   0
               |                  ..                   .
               |   0                   .
          0.02 +   1                  .                   .
               |   0                   .                   .
               |   1                   .                   .
               |   0                   .                    .
               |   1                   .                   ..
               |   0                   .                   ..
               |   1                   .                   ..
               |   01                   .                   .
          0.01 +   01                   .                   ..
               |   0                   .                    .
               |   01                   ..                    ..
               |   01                   ..                    ..
               |    01                   ..                    ..
               |    01                   ...                     ..
               |    0011                    ..                     ....
               |     0000111                     .....                      ....... ..
          0.00 +        00000 000 00 000  0 0  0  00  0  0    0 0 0   00     0     0      00    0 0    0   0 0      0                       ...... ... .. ...  . .  .  ..  .  .    . . .   ..     .     .      ..    . .    .   . .      .                           .. ... .. ...  . .  .  ..  .  .    . . .   ..     .     .      ..    . .    .   . .      .
               |
               ---+------------+------------+------------+------------+------------+------------+------------+------------+--
                  0            2            4            6            8           10           12           14           16

                                                                    YEARS

NOTE: 217 obs hidden.  289 obs out of range.
                                       Repair of Atrioventricular Septal (A-V Canal) Defects    13:42 Monday, September 18, 2000   4
                                                          Example Data Set
                                            Multivariable Analysis of Death After Repair
                                        Solve Multivariable Equation for Survival and Hazard
                                      In Complete Canal With and Without Associated Anomalies
                                            For a 6-month Old Infant in the Current Era

-------------------------------------------------------------- MAL=0 ---------------------------------------------------------------

     Obs  MONTHS  YEARS  OPYEAR OPMOS AGE COM_IV MAL INC_SURG ORIFICE STATUS _SURVIV _CLLSURV _CLUSURV _HAZARD _CLLHAZ _CLUHAZ

       1   0.033  0.0027  1982   180   6     1    0      0       0       3   0.95776  0.94013  0.97035 0.70608 0.50306 0.99101

       2   0.066  0.0055  1982   180   6     1    0      0       0       3   0.94057  0.91739  0.95754 0.43926 0.31339 0.61569

       3   0.099  0.0082  1982   180   6     1    0      0       0       3   0.92913  0.90235  0.94898 0.31786 0.22690 0.44529

       4   0.131  0.0110  1982   180   6     1    0      0       0       3   0.92063  0.89123  0.94260 0.24700 0.17642 0.34583

       5   0.164  0.0137  1982   180   6     1    0      0       0       3   0.91393  0.88249  0.93756 0.20039 0.14319 0.28043

       6   0.197  0.0164  1982   180   6     1    0      0       0       3   0.90845  0.87536  0.93343 0.16741 0.11967 0.23420

       7   0.230  0.0192  1982   180   6     1    0      0       0       3   0.90385  0.86939  0.92995 0.14290 0.10217 0.19988

       8   0.460  0.0383  1982   180   6     1    0      0       0       3   0.88418  0.84403  0.91503 0.06542 0.04665 0.09174

       9   0.986  0.0821  1982   180   6     1    0      0       0       3   0.86597  0.82079  0.90112 0.02456 0.01725 0.03497

      10   1.000  0.0833  1982   180   6     1    0      0       0       3   0.86566  0.82041  0.90089 0.02408 0.01690 0.03430

      11   2.000  0.1667  1982   180   6     1    0      0       0       3   0.85313  0.80450  0.89130 0.00902 0.00615 0.01322

      12   3.000  0.2500  1982   180   6     1    0      0       0       3   0.84748  0.79733  0.88698 0.00493 0.00329 0.00738

      13   6.000  0.5000  1982   180   6     1    0      0       0       3   0.84026  0.78813  0.88149 0.00169 0.00108 0.00264

      14  12.000  1.0000  1982   180   6     1    0      0       0       3   0.83542  0.78192  0.87784 0.00056 0.00035 0.00092

      15  18.000  1.5000  1982   180   6     1    0      0       0       3   0.83339  0.77930  0.87632 0.00030 0.00018 0.00049

      16  24.000  2.0000  1982   180   6     1    0      0       0       3   0.83221  0.77778  0.87544 0.00019 0.00011 0.00032

      17  36.000  3.0000  1982   180   6     1    0      0       0       3   0.83084  0.77601  0.87442 0.00010 0.00006 0.00018

      18  48.000  4.0000  1982   180   6     1    0      0       0       3   0.83003  0.77495  0.87382 0.00007 0.00004 0.00013

      19  60.000  5.0000  1982   180   6     1    0      0       0       3   0.82946  0.77422  0.87340 0.00005 0.00002 0.00010

      20  72.000  6.0000  1982   180   6     1    0      0       0       3   0.82903  0.77365  0.87308 0.00004 0.00002 0.00009

      21  84.000  7.0000  1982   180   6     1    0      0       0       3   0.82867  0.77319  0.87281 0.00003 0.00001 0.00008

      22  96.000  8.0000  1982   180   6     1    0      0       0       3   0.82837  0.77280  0.87259 0.00003 0.00001 0.00008

      23 108.000  9.0000  1982   180   6     1    0      0       0       3   0.82811  0.77245  0.87240 0.00002 0.00001 0.00008

      24 120.000 10.0000  1982   180   6     1    0      0       0       3   0.82787  0.77214  0.87223 0.00002 0.00001 0.00008

      25 132.000 11.0000  1982   180   6     1    0      0       0       3   0.82766  0.77185  0.87208 0.00002 0.00000 0.00009

      26 144.000 12.0000  1982   180   6     1    0      0       0       3   0.82746  0.77159  0.87194 0.00002 0.00000 0.00009

      27 156.000 13.0000  1982   180   6     1    0      0       0       3   0.82728  0.77133  0.87180 0.00002 0.00000 0.00009

      28 168.000 14.0000  1982   180   6     1    0      0       0       3   0.82710  0.77109  0.87168 0.00002 0.00000 0.00010

      29 180.000 15.0000  1982   180   6     1    0      0       0       3   0.82693  0.77086  0.87157 0.00002 0.00000 0.00010


-------------------------------------------------------------- MAL=1 ---------------------------------------------------------------

     Obs  MONTHS  YEARS  OPYEAR OPMOS AGE COM_IV MAL INC_SURG ORIFICE STATUS _SURVIV _CLLSURV _CLUSURV _HAZARD _CLLHAZ _CLUHAZ

      30 0.03285 0.00274  1982   180   6     1    1      0       0       3   0.91776  0.88677  0.94084 1.40382 1.02676 1.91935

      31 0.06571 0.00548  1982   180   6     1    1      0       0       3   0.88530  0.84588  0.91565 0.87333 0.64014 1.19146

      32 0.09856 0.00821  1982   180   6     1    1      0       0       3   0.86403  0.81938  0.89900 0.63197 0.46345 0.86176

      33 0.13142 0.01095  1982   180   6     1    1      0       0       3   0.84839  0.80004  0.88670 0.49108 0.36023 0.66947

      34 0.16427 0.01369  1982   180   6     1    1      0       0       3   0.83616  0.78501  0.87705 0.39840 0.29227 0.54307

      35 0.19713 0.01643  1982   180   6     1    1      0       0       3   0.82622  0.77284  0.86918 0.33284 0.24415 0.45373

      36 0.22998 0.01917  1982   180   6     1    1      0       0       3   0.81792  0.76272  0.86260 0.28411 0.20836 0.38741

      37 0.45997 0.03833  1982   180   6     1    1      0       0       3   0.78291  0.72040  0.83465 0.13006 0.09486 0.17831

      38 0.98565 0.08214  1982   180   6     1    1      0       0       3   0.75118  0.68254  0.80912 0.04882 0.03491 0.06826

      39 1.00000 0.08333  1982   180   6     1    1      0       0       3   0.75066  0.68192  0.80870 0.04787 0.03421 0.06696

      40 2.00000 0.16667  1982   180   6     1    1      0       0       3   0.72921  0.65651  0.79142 0.01792 0.01239 0.02591

      41 3.00000 0.25000  1982   180   6     1    1      0       0       3   0.71965  0.64518  0.78374 0.00978 0.00660 0.01450

      42 6.00000 0.50000  1982   180   6     1    1      0       0       3   0.70753  0.63076  0.77406 0.00335 0.00215 0.00520
                                       Repair of Atrioventricular Septal (A-V Canal) Defects    13:42 Monday, September 18, 2000   5
                                                          Example Data Set
                                            Multivariable Analysis of Death After Repair
                                        Solve Multivariable Equation for Survival and Hazard
                                      In Complete Canal With and Without Associated Anomalies
                                            For a 6-month Old Infant in the Current Era

-------------------------------------------------------------- MAL=1 ---------------------------------------------------------------
                                                            (continued)

  Obs MONTHS YEARS OPYEAR OPMOS AGE COM_IV MAL INC_SURG ORIFICE STATUS _SURVIV _CLLSURV _CLUSURV    _HAZARD    _CLLHAZ    _CLUHAZ

   43    12    1.0  1982   180   6     1    1      0       0       3   0.69949  0.62112  0.76772 .001109005 .000681586 .001804455

   44    18    1.5  1982   180   6     1    1      0       0       3   0.69615  0.61710  0.76510 .000577479 .000346624 .000962085

   45    24    2.0  1982   180   6     1    1      0       0       3   0.69425  0.61480  0.76361 .000363743 .000215335 .000614433

   46    36    3.0  1982   180   6     1    1      0       0       3   0.69207  0.61217  0.76190 .000191021 .000111250 .000327991

   47    48    4.0  1982   180   6     1    1      0       0       3   0.69080  0.61066  0.76090 .000122325 .000070108 .000213432

   48    60    5.0  1982   180   6     1    1      0       0       3   0.68995  0.60965  0.76022 .000087529 .000048903 .000156663

   49    72    6.0  1982   180   6     1    1      0       0       3   0.68931  0.60892  0.75971 .000067261 .000036133 .000125206

   50    84    7.0  1982   180   6     1    1      0       0       3   0.68881  0.60834  0.75929 .000054324 .000027669 .000106655

   51    96    8.0  1982   180   6     1    1      0       0       3   0.68840  0.60788  0.75895 .000045513 .000021723 .000095358

   52   108    9.0  1982   180   6     1    1      0       0       3   0.68806  0.60749  0.75865 .000039215 .000017390 .000088430

   53   120   10.0  1982   180   6     1    1      0       0       3   0.68775  0.60716  0.75839 .000034542 .000014157 .000084281

   54   132   11.0  1982   180   6     1    1      0       0       3   0.68748  0.60686  0.75816 .000030969 .000011699 .000081980

   55   144   12.0  1982   180   6     1    1      0       0       3   0.68724  0.60660  0.75794 .000028170 .000009803 .000080951

   56   156   13.0  1982   180   6     1    1      0       0       3   0.68702  0.60637  0.75774 .000025931 .000008319 .000080825

   57   168   14.0  1982   180   6     1    1      0       0       3   0.68681  0.60615  0.75756 .000024110 .000007145 .000081353

   58   180   15.0  1982   180   6     1    1      0       0       3   0.68662  0.60595  0.75738 .000022607 .000006205 .000082360
