                                           Percutaneous Transluminal Coronary Angioplasty        14:09 Friday, November 10, 2000   1
                                                     MHI; June 1980 - July 1991
                                                 Primary PTCA Without Previous CABG
                                                  Multivariable Analysis of Death
                                           Patient, Procedure and Experience Risk Factors
                                                 Comparison of CABG (KUL) and PTCA
                                           Left Main Stenosis, 1, 2, and 3 system disease

                 I         R _   U N A   H            M V M H D D  E      H          E S   P O    S
                 M V _ _ _ C R   N U C   E            I A M Y I I  X      I  T     I N E   T C  P U      P
       F         P E P P M A P A S M U A M   U        T S 1 P A A  P      S  R     N D Q   O C  T R      T    L       I
       E      W  _ S L L R _ L N T P T M O S R        R C _ E B B  1   C  T  I     C A U   T L  C G P    C    N       N
       M      T  B S A A C D A G _ R E I _ H G        A P D R E E  S   R  S  G     O R E   D N  A E P  L A    _       _      A
     O A  A   _  L D D D A I T C M V _ _ U O E      L L A I T T T  E   E  M  L   H M T N I L D  Y O L  M _    A       A      G
     b L  G   H  U I 5 O 5 S 9 L E M M T N C N   E  V _ T S E E R  C   A  O  Y   D P _ T M A I  R N O  C L    G       G      E
     s E  E   T  E S 0 C 0 T 5 S D I I M S K T   F  H I H T N S X  P   T  K  C   L L N L A D L  S 1 T  A M    E       E      2

     1 0 65 0.43 0 2 0 0 0 0 0 2 0 1 0 0 0 0 0 0.55 0 0 0 0 0 0 0 100 1.1 1 175 40 0 0 1 1 0 0 11 0 1 90 1 4.17439 0.76923 1.69
     2 0 65 0.43 0 1 0 0 0 0 0 2 0 1 0 0 0 0 0 0.55 0 0 0 0 0 0 0 100 1.1 1 175 40 0 0 1 1 0 0 11 0 2  0 0 4.17439 0.76923 1.69
     3 0 65 0.43 0 2 0 0 0 0 0 2 0 1 0 0 0 0 0 0.55 0 0 0 0 0 0 0 100 1.1 1 175 40 0 0 1 1 0 0 11 0 3  0 0 4.17439 0.76923 1.69
     4 0 65 0.43 0 3 0 0 0 0 0 2 0 1 0 0 0 0 0 0.55 0 0 0 0 0 0 0 100 1.1 1 175 40 0 0 1 1 0 0 11 0 4  0 0 4.17439 0.76923 1.69

                 L               L L L   A H   N   U       C             L       I
          I    I M          N    V V V A M E   I A N       A             N       N    A                             H
          N    M A     N    V    _ _ N C I M A T N S A   A C    L        _       _    N            L                I I
          _    P I L   V    D    N L L U _ O N E G T N N N 0    T        C       C    G    O       N                S M
          W    _ N M D D    _    V M M T S 2 G _ R _ G Y G N    R        R       R    M    P       _            E   T A
     O    T    L _ _ V _    E    D _ _ E E C _ A E A M H _ R    I        E       E    M    Y       Y      E     F   H _
     b    H    V 9 5 E 5    X    _ 5 5 M N L N N S N M A S M    G        A       A    S    R       R      F     C   Y N
     s    T    C 0 0 S 0    P    E 0 0 I D S O G T G S B V I    L        T       T    2    S       S      C     2   P O

     1 2.32558 0 1 1 2 0  0.0000 0 0 1 0 0 0 0 0 0 0 2 3 0 0 5.16479 0.095310 0.90909 4 20.4157 2.39790 0.45 0.2025 0 0
     2 2.32558 0 0 0 1 1  2.7183 0 0 0 0 0 0 0 0 0 0 2 3 0 0 5.16479 0.095310 0.90909 4 20.4157 2.39790 0.45 0.2025 0 0
     3 2.32558 0 0 0 2 2  7.3891 0 0 0 0 0 0 0 0 0 0 2 3 0 0 5.16479 0.095310 0.90909 4 20.4157 2.39790 0.45 0.2025 0 0
     4 2.32558 0 0 0 3 3 20.0855 0 0 0 0 0 0 0 0 0 0 2 3 0 0 5.16479 0.095310 0.90909 4 20.4157 2.39790 0.45 0.2025 0 0
