                                                      Primary Valve Operations                  13:12 Monday, September 25, 2000   1
                                                  (UAB; 1975 - July 1979; n=1533)
                                        Multivariable Analysis of Death (Original Equation)

                          T H R E E   P H A S E   P A R A M E T R I C   H A Z A R D   P R O C E D U R E

    Initial Summary:
    ================

      There are  1533 observations available for analysis with:
                            338 events
                           1195 Right Censored Observations
                           1533 Total Subjects

                                     Variable   Label                                          Min            Max
                -----------------------------------------------------------------------------------------------------
                Time:                INT_DEAD   Followup Interval (months) After Repair        0.00068       80.19877
                Event:               DEAD       Death                                                0              1
                -----------------------------------------------------------------------------------------------------

   *------*
   | Note |
   *------*

      in 1195 observation(s) RCENSOR has been changed from 0 to 1




    Concomitant Information:
    ========================


         Phase     Variable      Label                                          Mean           Min          Max
         -----------------------------------------------------------------------------------------------------------
         Early:    AGE_COP       Age (years) at current operation              54.77219       8.23289      84.69168
                   NYHA          Augmented NYHA functional class               2.909389             1             5
                   MV_NYHA                                                    0.9579563             0             5
                   DOUBLE        Multiple valve replacement                   0.1389432             0             1
                   AO_PINC       Pure aortic incompetence                     0.2367906             0             1
                   -------------------------------------------------------------------------------------------------
         Constant: AGE_COP       Age (years) at current operation              54.77219       8.23289      84.69168
                   BLACK         Black race                                   0.1154599             0             1
                   I_PATH        Ischemic mitral pathology                   0.02348337             0             1
         -----------------------------------------------------------------------------------------------------------
                                                      Primary Valve Operations                  13:12 Monday, September 25, 2000   2
                                                  (UAB; 1975 - July 1979; n=1533)
                                        Multivariable Analysis of Death (Original Equation)



    Model Specifications:
    =====================

                                       Initial Parameter Values
                                       ------------------------                                                    Starting
          Phase        Parameter       Specified        Used       |  Theta                          Estimated?    Value
          -------------------------------------------------------------------------------------------------------------------
          Early:       DELTA                    0             0    |  E1                             No
                       THALF             3.894791      3.894791    |  E2 = Ln(Thalf)                 Yes              1.35964
                        (RHO                           3.894791)   |
                       NU                1.958339      1.958339    |  E3 = Ln(|Nu|)                  Yes            0.6720967
                       M                        1             1    |  E4                             No
                       MUE           0.0008955212  0.0008955219 *  |  E0 = Ln(muE)                   Yes              -7.0181
                       ------------------------------------------------------------------------------------------------------
          Constant:    MUC            0.001145244   0.001145245 *  |  C0 = Ln(muC)                   Yes #           -6.77214
          -------------------------------------------------------------------------------------------------------------------
    # This MU parameter is estimated in closed form.
    * The value used is different from the value specified.

    Based on the values used, the following flags and equations have been set:
          *-------------------------------------------------*
          |  Early:                                         |
          |        Delta = 0                Yes             |
          |        M*Nu = |1|               No              |
          |        M>0, Nu>0, Generic equations 6 - 8       |
          |  Constant:                                      |
          |        Equations 24 - 25                        |
          *-------------------------------------------------*


    Computational Methods:
    ======================

      Optimization: Newton method using numeric derivatives
                    initiated using an initial hessian matrix

      Conservation of events: Invoked at each iteration
      If only one scaling parameter, estimation is in closed form.


    Results:
    ========

    Iteration   Log Likelihood      E2            E3            E0            AGE_COP       NYHA          MV_NYHA       DOUBLE
                                    AO_PINC       C0            AGE_COP       BLACK         I_PATH
    -----------------------------------------------------------------------------------------------------------------------------

        0           -1792.07          1.35964     0.6720967       -7.0181    0.02485742     0.9373906     0.3270209      1.040199
                                    0.7010022      -6.77214    0.01439241     0.9098664       1.45418

        1           -1792.07         1.359868     0.6721357      -7.01804    0.02485754     0.9373884     0.3270186      1.040193
                                    0.7009966      -6.77213    0.01439206     0.9098693      1.454184


        Optimization terminated after    1 iterations and   102 function evaluations
        Normal exit: Convergence attained
        Log base 10 of condition code =     5.638607
        Number of events conserved =          338

        Log likelihood =     -1792.07
                                                      Primary Valve Operations                  13:12 Monday, September 25, 2000   3
                                                  (UAB; 1975 - July 1979; n=1533)
                                        Multivariable Analysis of Death (Original Equation)



    Final Results:
    ==============


                                                  Parameter Estimate Summary

    Phase      Parameter   Label                                       Estimate       Std error             Z          Prob>|Z|
    --------------------------------------------------------------------------------------------------------------------------------
    Early:     E2                                                         1.359868      0.7947315          1.711          0.0871
               E3                                                        0.6721357      0.1217754          5.519          <.0001
               E0                                                         -7.01804      0.6912086        -10.153          <.0001
               AGE_COP     Age (years) at current operation             0.02485754    0.007873691          3.157          0.0016
               NYHA        Augmented NYHA functional class               0.9373884      0.1431434          6.549          <.0001
               MV_NYHA                                                   0.3270186     0.07052935          4.637          <.0001
               DOUBLE      Multiple valve replacement                     1.040193      0.2480057          4.194          <.0001
               AO_PINC     Pure aortic incompetence                      0.7009966      0.2541492          2.758          0.0058
               ---------------------------------------------------------------------------------------------------------------------
    Constant:  C0                                                         -6.77213      0.4068295        -16.646          <.0001
               AGE_COP     Age (years) at current operation             0.01439206    0.006966759          2.066          0.0388
               BLACK       Black race                                    0.9098693      0.2198909          4.138          <.0001
               I_PATH      Ischemic mitral pathology                      1.454184      0.3868895          3.759          0.0002
    --------------------------------------------------------------------------------------------------------------------------------


                                                  Estimates for Model Parameters

                                          Phase       Parameter     Fixed?     Estimate
                                          ------------------------------------------------
                                          Early:      DELTA         Yes                  0
                                                      THALF         No            3.895681
                                                       (RHO                       3.895681)
                                                      NU            No            1.958415
                                                      M             Yes                  1
                                                      MUE                     0.0008955753
                                                      ------------------------------------
                                          Constant:   MUC                      0.001145254
                                          ------------------------------------------------


                                                Asymptotic Variance-Covariance Matrix

                       E2            E3            E0            AGE_COP       NYHA          MV_NYHA       DOUBLE        AO_PINC
                       C0            AGE_COP       BLACK         I_PATH
    -----------------------------------------------------------------------------------------------------------------------------
    Early:

       E2              0.6315982    0.07545361     0.1564992  0.0004823636   -0.00711288   -0.00362376    -0.0143501   -0.00639488

                     0.000635527  -0.000769376   0.006374788    0.01220622

       E3             0.07545361    0.01482925    0.01636567  6.376558E-05  -0.000484765  -0.000397539   -0.00116229  -0.000630813

                     0.001451343  -8.99795E-05  0.0007433319   0.002097505

       E0              0.1564992    0.01636567     0.4777693   -0.00324147    -0.0583428   -0.00912058     -0.045348    -0.0218027

                      -0.0662256  0.0007178145   0.006898927   0.003814825

       AGE_COP      0.0004823636  6.376558E-05   -0.00324147  6.199501E-05  -0.000161812  6.080721E-05  0.0003331906  0.0003114494

                    0.0008748914  -1.56877E-05  4.059499E-05  6.985967E-05

       NYHA          -0.00711288  -0.000484765    -0.0583428  -0.000161812    0.02049002   -0.00227254   -0.00132578   -0.00878338

                     0.003805427  -2.01673E-05   -0.00122383  -0.000132047

       MV_NYHA       -0.00362376  -0.000397539   -0.00912058  6.080721E-05   -0.00227254    0.00497439   0.007231095   0.009168523

                    -0.000578797  3.211905E-05  -0.000782796   -0.00298135
                                                      Primary Valve Operations                  13:12 Monday, September 25, 2000   4
                                                  (UAB; 1975 - July 1979; n=1533)
                                        Multivariable Analysis of Death (Original Equation)

       DOUBLE         -0.0143501   -0.00116229     -0.045348  0.0003331906   -0.00132578   0.007231095    0.06150683   -0.00550727

                     0.004916913  -6.34197E-06   -0.00299934   -0.00201514

       AO_PINC       -0.00639488  -0.000630813    -0.0218027  0.0003114494   -0.00878338   0.009168523   -0.00550727    0.06459181

                     -0.00354938  0.0001051265   -0.00398085   -0.00133752

       --------------------------------------------------------------------------------------------------------------------------
    Constant:

       C0            0.000635527   0.001451343    -0.0662256  0.0008748914   0.003805427  -0.000578797   0.004916913   -0.00354938

                       0.1655102   -0.00270593    -0.0236743    0.01091078

       AGE_COP      -0.000769376  -8.99795E-05  0.0007178145  -1.56877E-05  -2.01673E-05  3.211905E-05  -6.34197E-06  0.0001051265

                     -0.00270593  4.853573E-05  0.0002332299  -0.000337563

       BLACK         0.006374788  0.0007433319   0.006898927  4.059499E-05   -0.00122383  -0.000782796   -0.00299934   -0.00398085

                      -0.0236743  0.0002332299    0.04835201   -0.00424298

       I_PATH         0.01220622   0.002097505   0.003814825  6.985967E-05  -0.000132047   -0.00298135   -0.00201514   -0.00133752

                      0.01091078  -0.000337563   -0.00424298     0.1496835

    -----------------------------------------------------------------------------------------------------------------------------


                                                     Asymptotic Correlation Matrix

                       E2            E3            E0            AGE_COP       NYHA          MV_NYHA       DOUBLE        AO_PINC
                       C0            AGE_COP       BLACK         I_PATH
    -----------------------------------------------------------------------------------------------------------------------------
    Early:

       E2                      1     0.7796507     0.2848935    0.07708605     -0.062525      -0.06465     -0.072807    -0.0316609

                     0.001965627     -0.138959    0.03647859    0.03969849

       E3              0.7796507             1     0.1944308     0.0665041    -0.0278099    -0.0462861     -0.038485    -0.0203823

                      0.02929532      -0.10606    0.02775978    0.04452013

       E0              0.2848935     0.1944308             1       -0.5956     -0.589667     -0.187087     -0.264538     -0.124111

                       -0.235507     0.1490639    0.04539052    0.01426522

       AGE_COP        0.07708605     0.0665041       -0.5956             1     -0.143569     0.1094981      0.170629     0.1556397

                       0.2731262     -0.285989    0.02344698    0.02293302

       NYHA            -0.062525    -0.0278099     -0.589667     -0.143569             1     -0.225098    -0.0373455     -0.241436

                      0.06534611    -0.0202231    -0.0388815   -0.00238436

       MV_NYHA          -0.06465    -0.0462861     -0.187087     0.1094981     -0.225098             1      0.413402     0.5114943

                      -0.0201718    0.06536752    -0.0504744     -0.109259

       DOUBLE          -0.072807     -0.038485     -0.264538      0.170629    -0.0373455      0.413402             1    -0.0873748

                      0.04873247   -0.00367056    -0.0549992    -0.0210018

       AO_PINC        -0.0316609    -0.0203823     -0.124111     0.1556397     -0.241436     0.5114943    -0.0873748             1

                      -0.0343282    0.05937351    -0.0712328    -0.0136027

       --------------------------------------------------------------------------------------------------------------------------
    Constant:

       C0            0.001965627    0.02929532     -0.235507     0.2731262    0.06534611    -0.0201718    0.04873247    -0.0343282

                               1     -0.954716     -0.264641    0.06931968
                                                      Primary Valve Operations                  13:12 Monday, September 25, 2000   5
                                                  (UAB; 1975 - July 1979; n=1533)
                                        Multivariable Analysis of Death (Original Equation)

       AGE_COP         -0.138959      -0.10606     0.1490639     -0.285989    -0.0202231    0.06536752   -0.00367056    0.05937351

                       -0.954716             1     0.1522461     -0.125238

       BLACK          0.03647859    0.02775978    0.04539052    0.02344698    -0.0388815    -0.0504744    -0.0549992    -0.0712328

                       -0.264641     0.1522461             1    -0.0498743

       I_PATH         0.03969849    0.04452013    0.01426522    0.02293302   -0.00238436     -0.109259    -0.0210018    -0.0136027

                      0.06931968     -0.125238    -0.0498743             1

    -----------------------------------------------------------------------------------------------------------------------------
