                                                      Primary Valve Operations                     07:33 Tuesday, April 28, 2026   1
                                                  (UAB; 1975 - July 1979; n=1533)
                                        Multivariable Analysis of Death (Original Equation)

                          T H R E E   P H A S E   P A R A M E T R I C   H A Z A R D   P R O C E D U R E

    Initial Summary:
    ================

      There are  1533 observations available for analysis with:
                            338 events
                           1195 Right Censored Observations
                           1533 Total Subjects

                                     Variable   Label                                          Min            Max
                -----------------------------------------------------------------------------------------------------
                Time:                INT_DEAD   Followup Interval (months) After Repair        0.00068       80.19877
                Event:               DEAD       Death                                                0              1
                -----------------------------------------------------------------------------------------------------

   *------*
   | Note |
   *------*

      in 1195 observation(s) RCENSOR has been changed from 0 to 1




    Concomitant Information:
    ========================


         Phase     Variable      Label                                          Mean           Min          Max
         -----------------------------------------------------------------------------------------------------------
         Early:    AGE_COP       Age (years) at current operation              54.77219       8.23289      84.69168
                   NYHA          Augmented NYHA functional class               2.909389             1             5
                   MV_NYHA                                                    0.9579563             0             5
                   DOUBLE        Multiple valve replacement                   0.1389432             0             1
                   AO_PINC       Pure aortic incompetence                     0.2367906             0             1
                   -------------------------------------------------------------------------------------------------
         Constant: AGE_COP       Age (years) at current operation              54.77219       8.23289      84.69168
                   BLACK         Black race                                   0.1154599             0             1
                   I_PATH        Ischemic mitral pathology                   0.02348337             0             1
         -----------------------------------------------------------------------------------------------------------
                                                      Primary Valve Operations                     07:33 Tuesday, April 28, 2026   2
                                                  (UAB; 1975 - July 1979; n=1533)
                                        Multivariable Analysis of Death (Original Equation)



    Model Specifications:
    =====================

                                       Initial Parameter Values
                                       ------------------------                                                    Starting
          Phase        Parameter       Specified        Used       |  Theta                          Estimated?    Value
          -------------------------------------------------------------------------------------------------------------------
          Early:       DELTA                    0             0    |  E1                             No
                       THALF             3.894791      3.894791    |  E2 = Ln(Thalf)                 Yes              1.35964
                        (RHO                           3.894791)   |
                       NU                1.958339      1.958339    |  E3 = Ln(|Nu|)                  Yes            0.6720967
                       M                        1             1    |  E4                             No
                       MUE           0.0008955212  0.0008955219 *  |  E0 = Ln(muE)                   Yes              -7.0181
                       ------------------------------------------------------------------------------------------------------
          Constant:    MUC            0.001145244   0.001145245 *  |  C0 = Ln(muC)                   Yes #           -6.77214
          -------------------------------------------------------------------------------------------------------------------
    # This MU parameter is estimated in closed form.
    * The value used is different from the value specified.

    Based on the values used, the following flags and equations have been set:
          *-------------------------------------------------*
          |  Early:                                         |
          |        Delta = 0                Yes             |
          |        M*Nu = |1|               No              |
          |        M>0, Nu>0, Generic equations 6 - 8       |
          |  Constant:                                      |
          |        Equations 24 - 25                        |
          *-------------------------------------------------*


    Computational Methods:
    ======================

      Optimization: Newton method using numeric derivatives
                    initiated using an initial hessian matrix

      Conservation of events: Invoked at each iteration
      If only one scaling parameter, estimation is in closed form.


    Results:
    ========

    Iteration   Log Likelihood      E2            E3            E0            AGE_COP       NYHA          MV_NYHA       DOUBLE
                                    AO_PINC       C0            AGE_COP       BLACK         I_PATH
    -----------------------------------------------------------------------------------------------------------------------------

        0           -1792.07          1.35964     0.6720967       -7.0181    0.02485742     0.9373906     0.3270209      1.040199
                                    0.7010022      -6.77214    0.01439241     0.9098664       1.45418

        1           -1792.07         1.359823     0.6721295      -7.01807    0.02485768     0.9373863     0.3270238        1.0402
                                    0.7010215      -6.77217    0.01439295     0.9098622      1.454197


        Optimization terminated after    1 iterations and   102 function evaluations
        Normal exit: Convergence attained
        Log base 10 of condition code =     5.627614
        Number of events conserved =          338

        Log likelihood =     -1792.07
                                                      Primary Valve Operations                     07:33 Tuesday, April 28, 2026   3
                                                  (UAB; 1975 - July 1979; n=1533)
                                        Multivariable Analysis of Death (Original Equation)



    Final Results:
    ==============


                                                  Parameter Estimate Summary

    Phase      Parameter   Label                                       Estimate       Std error             Z          Prob>|Z|
    --------------------------------------------------------------------------------------------------------------------------------
    Early:     E2                                                         1.359823      0.8312861          1.636          0.1019
               E3                                                        0.6721295      0.1252364          5.367          <.0001
               E0                                                         -7.01807      0.6888781        -10.188          <.0001
               AGE_COP     Age (years) at current operation             0.02485768    0.007875006          3.157          0.0016
               NYHA        Augmented NYHA functional class               0.9373863      0.1430406          6.553          <.0001
               MV_NYHA                                                   0.3270238     0.07030294          4.652          <.0001
               DOUBLE      Multiple valve replacement                       1.0402      0.2479556          4.195          <.0001
               AO_PINC     Pure aortic incompetence                      0.7010215      0.2537284          2.763          0.0057
               ---------------------------------------------------------------------------------------------------------------------
    Constant:  C0                                                         -6.77217      0.4070874        -16.636          <.0001
               AGE_COP     Age (years) at current operation             0.01439295    0.006952237          2.070          0.0384
               BLACK       Black race                                    0.9098622      0.2197402          4.141          <.0001
               I_PATH      Ischemic mitral pathology                      1.454197       0.387334          3.754          0.0002
    --------------------------------------------------------------------------------------------------------------------------------


                                                  Estimates for Model Parameters

                                          Phase       Parameter     Fixed?     Estimate
                                          ------------------------------------------------
                                          Early:      DELTA         Yes                  0
                                                      THALF         No            3.895505
                                                       (RHO                       3.895505)
                                                      NU            No            1.958403
                                                      M             Yes                  1
                                                      MUE                     0.0008955489
                                                      ------------------------------------
                                          Constant:   MUC                      0.001145202
                                          ------------------------------------------------


                                                Asymptotic Variance-Covariance Matrix

                       E2            E3            E0            AGE_COP       NYHA          MV_NYHA       DOUBLE        AO_PINC
                       C0            AGE_COP       BLACK         I_PATH
    -----------------------------------------------------------------------------------------------------------------------------
    Early:

       E2              0.6910365    0.08262181     0.1591574  0.0007072364   -0.00800507   -0.00334875    -0.0120301   -0.00640636

                     -0.00897819  -0.000673279   0.009370536    0.01315071

       E3             0.08262181    0.01568415     0.0168291  9.080864E-05  -0.000618556  -0.000379787  -0.000891156  -0.000684063

                    0.0003697766  -7.99621E-05    0.00110153   0.002269191

       E0              0.1591574     0.0168291     0.4745531   -0.00318304    -0.0585046   -0.00880977    -0.0446792    -0.0209882

                       -0.067085  0.0007309502   0.007289248    0.00359031

       AGE_COP      0.0007072364  9.080864E-05   -0.00318304  6.201571E-05  -0.000161129   5.72212E-05  0.0003313024   0.000300409

                    0.0008340676  -1.52582E-05  5.198508E-05  7.219613E-05

       NYHA          -0.00800507  -0.000618556    -0.0585046  -0.000161129    0.02046061   -0.00225932   -0.00131292   -0.00878204

                     0.004183553  -2.58442E-05    -0.0013179  -5.09054E-05

       MV_NYHA       -0.00334875  -0.000379787   -0.00880977   5.72212E-05   -0.00225932   0.004942504   0.007193747   0.009101564

                     -0.00059791  3.208239E-05  -0.000805722   -0.00297368
                                                      Primary Valve Operations                     07:33 Tuesday, April 28, 2026   4
                                                  (UAB; 1975 - July 1979; n=1533)
                                        Multivariable Analysis of Death (Original Equation)

       DOUBLE         -0.0120301  -0.000891156    -0.0446792  0.0003313024   -0.00131292   0.007193747      0.061482   -0.00549668

                     0.004236524  2.841312E-06   -0.00290569   -0.00201143

       AO_PINC       -0.00640636  -0.000684063    -0.0209882   0.000300409   -0.00878204   0.009101564   -0.00549668    0.06437808

                     -0.00386292  0.0001104579    -0.0040322   -0.00136435

       --------------------------------------------------------------------------------------------------------------------------
    Constant:

       C0            -0.00897819  0.0003697766     -0.067085  0.0008340676   0.004183553   -0.00059791   0.004236524   -0.00386292

                       0.1657201   -0.00269954     -0.023277   0.009962673

       AGE_COP      -0.000673279  -7.99621E-05  0.0007309502  -1.52582E-05  -2.58442E-05  3.208239E-05  2.841312E-06  0.0001104579

                     -0.00269954  4.833359E-05  0.0002228771  -0.000322201

       BLACK         0.009370536    0.00110153   0.007289248  5.198508E-05    -0.0013179  -0.000805722   -0.00290569    -0.0040322

                       -0.023277  0.0002228771    0.04828575   -0.00407629

       I_PATH         0.01315071   0.002269191    0.00359031  7.219613E-05  -5.09054E-05   -0.00297368   -0.00201143   -0.00136435

                     0.009962673  -0.000322201   -0.00407629     0.1500277

    -----------------------------------------------------------------------------------------------------------------------------


                                                     Asymptotic Correlation Matrix

                       E2            E3            E0            AGE_COP       NYHA          MV_NYHA       DOUBLE        AO_PINC
                       C0            AGE_COP       BLACK         I_PATH
    -----------------------------------------------------------------------------------------------------------------------------
    Early:

       E2                      1     0.7936221     0.2779291     0.1080347    -0.0673218    -0.0573005     -0.058364    -0.0303733

                      -0.0265308     -0.116498    0.05129847    0.04084255

       E3              0.7936221             1     0.1950689    0.09207587    -0.0345294    -0.0431357    -0.0286978    -0.0215277

                     0.007253061    -0.0918394    0.04002729    0.04677942

       E0              0.2779291     0.1950689             1     -0.586744     -0.593729     -0.181907     -0.261571     -0.120078

                       -0.239219     0.1526233    0.04815383    0.01345562

       AGE_COP         0.1080347    0.09207587     -0.586744             1     -0.143042     0.1033553     0.1696679     0.1503464

                       0.2601733     -0.278694    0.03004127    0.02366886

       NYHA           -0.0673218    -0.0345294     -0.593729     -0.143042             1      -0.22467    -0.0370174     -0.241973

                      0.07184531    -0.0259883     -0.041929  -0.000918796

       MV_NYHA        -0.0573005    -0.0431357     -0.181907     0.1033553      -0.22467             1     0.4126745     0.5102388

                      -0.0208917    0.06564001    -0.0521558     -0.109203

       DOUBLE          -0.058364    -0.0286978     -0.261571     0.1696679    -0.0370174     0.4126745             1    -0.0873691

                      0.04197088    0.00164824    -0.0533292    -0.0209433

       AO_PINC        -0.0303733    -0.0215277     -0.120078     0.1503464     -0.241973     0.5102388    -0.0873691             1

                      -0.0373989     0.0626186    -0.0723208    -0.0138826

       --------------------------------------------------------------------------------------------------------------------------
    Constant:

       C0             -0.0265308   0.007253061     -0.239219     0.2601733    0.07184531    -0.0208917    0.04197088    -0.0373989

                               1     -0.953846     -0.260214    0.06318334
                                                      Primary Valve Operations                     07:33 Tuesday, April 28, 2026   5
                                                  (UAB; 1975 - July 1979; n=1533)
                                        Multivariable Analysis of Death (Original Equation)

       AGE_COP         -0.116498    -0.0918394     0.1526233     -0.278694    -0.0259883    0.06564001    0.00164824     0.0626186

                       -0.953846             1     0.1458919     -0.119651

       BLACK          0.05129847    0.04002729    0.04815383    0.03004127     -0.041929    -0.0521558    -0.0533292    -0.0723208

                       -0.260214     0.1458919             1    -0.0478928

       I_PATH         0.04084255    0.04677942    0.01345562    0.02366886  -0.000918796     -0.109203    -0.0209433    -0.0138826

                      0.06318334     -0.119651    -0.0478928             1

    -----------------------------------------------------------------------------------------------------------------------------
