$ 
$Note: Procedure HAZARD (C-Version 4.3.0)
$      The Cleveland Clinic
$      9500 Euclid Avenue
$      Cleveland, Ohio 44195
$      Phone: (216) 444-6712
$      Email: hazard@bio.ri.ccf.org
@26, T H R E E   P H A S E   P A R A M E T R I C   H A Z A R D   P R O C E D U R E
/2
@5,Initial Summary:
/1
@5,================
/1
<8
/1
@7,There are
+1,  382
+1,observations available for analysis with:
/1
@20,          44
+1,events
/1
@20,         338
+1,Right Censored Observations
/1
@20,         382
+1,Total Subjects
/2
@1,    1
+1,observation(s) found with inadmissable
; values
$Note: 1 observation(s) with inadmissible values.
/1
@1,    1
+1,total observations deleted
/1
$Note: 1 total observation(s) deleted.
/2
@63,Deleted Observations
/1
@63,--------------------
/1
@62,Missing   Inadmissable
/1
@47,Variable
+7,Data
+6,Values
+12,Min
+12,Max
/1
@26,---------------------------------------------------------------------------------------
/1
@26,Time:             
+3,INT_TE  
+6,    0
+5,    1
+9, 0.002737907
+3,    247.6273
/1
@26,Event:            
+3,TE      
+6,    0
+5,    0
+9,           0
+3,           1
/1
@26,---------------------------------------------------------------------------------------
/1
/1
@4,*------*
/1
@4,| Note |
/1
@4,*------*
/2
@7,in
+1, 339
+1,observation(s) RCENSOR has been changed
; from 0 to 1
/1
$Note: RCENSOR has been changed from 0 to 1 in one or more observations.
/4
<7
@5,Concomitant Information:
/1
@5,========================
/3
@31,Phase
+5,Variable
+11,Mean
+10,Min
+11,Max
/1
@31,-----------------------------------------------------------------
/1
@31,Late:    
+1,NOPREVTE
+6,   0.1492147
+2,           0
+2,           3
/1
@31,         
+1,NOTEE   
+6,    1.427628
+2,           1
+2,    20.08554
/1
@31,-----------------------------------------------------------------
/1
<40
/2
@5,Model Specifications:
/1
@5,=====================
/2
@40,Initial Parameter Values
/1
@40,------------------------
+52,Starting
/1
@11,Phase
+8,Parameter
+7,Specified
+8,Used
+7,|
+2,Theta
+26,Estimated?
+4,Value
/1
@11,-------------------------------------------------------------------------------------------------------------------
/1
@11,Early:
;   
;   
+1,DELTA
;   
+6,           0
+2,           0
+1, 
+2,|
+2,E1
+1, 
+27,No
/1
@11,
;         
;   
+1,THALF
;   
+6,  0.05289487
+2,  0.05289487
+1, 
+2,|
+2,E2
+1,= Ln(Thalf)
;               
+2,Yes  
+7,    -2.93945
/1
@21,   
+1,(RHO
+23,   0.1000123
;)
+3,|
/1
@11,
;         
;   
+1,NU
;      
+6,    -1.73796
+2,    -1.73796
+1, 
+2,|
+2,E3
+1,= Ln(|Nu|)
;                
+2,Yes  
+7,   0.5527149
/1
@11,
;         
;   
+1,M
;       
+6,           0
+2,           0
+1, 
+2,|
+2,E4
+1, 
+27,No
/1
@11,         
;   
+1,MUE
;     
+6,  0.01505178
+2,   0.0170219
+1,*
+2,|
+2,E0
+1,= Ln(muE)                
+3,Yes  
+7,    -4.07325
/1
@24,------------------------------------------------------------------------------------------------------
/1
@11,Late:
;    
;   
+1,TAU
;     
+6,           1
+2,           1
+1, 
+2,|
+2,L1
+1, 
+27,No
/1
@11,
;         
;   
+1,GAMMA
;   
+6,           1
+2,           1
+1, 
+2,|
+2,L2
+1, 
+27,No
/1
@11,
;         
;   
+1,ALPHA
;   
+6,           1
+2,           1
+1, 
+2,|
+2,L3
+1, 
+27,No
/1
@11,
;         
;   
+1,ETA
;     
+6,           1
+2,           1
+1, 
+2,|
+2,L4
+1, 
+27,No
/1
@11,         
;   
+1,MUL
;     
+6,0.0009220701
+2,  0.00104276
+1,*
+2,|
+2,L0
+1,= Ln(muL)                
+3,Yes #
+7,    -6.86588
/1
@11,-------------------------------------------------------------------------------------------------------------------
/1
@5,# This MU parameter is estimated in closed
; form.
/1
@5,* The value used is different from the
; value specified.
/1
/1
@5,Based on the values used, the following
; flags and equations have been set:
/1
@11,*
;-------------------------------------------------
;*
/1
@11,|
+2,Early:
+41,|
/1
@11,|
+8,Delta = 0
;             
+3,Yes
+13,|
/1
@11,|
+8,M*Nu = |1|
;            
+3,No 
+13,|
/1
@11,|
+8,M=0, Nu<0, Exponential equations 21 - 23
; 
;|
/1
@11,|
+2,Late:
+4,|
@11,|
+8,Gamma*Eta = 2
;         
+3,No 
+13,|
/1
@11,|
+8,Gamma*Eta/Alpha = 2
;   
+3,No 
+13,|
/1
@11,|
+8,Weibull
;               
+3,Yes
+13,|
/1
@11,|
+8,Alpha>0, Generic equations 26 - 27
;       
;|
/1
@11,*
;-------------------------------------------------
;*
/1
/2
@5,Computational Methods:
/1
@5,======================
/2
@7,Optimization: 
;Newton
+1,method using 
;numeric
+1,derivatives
/1
@21,initiated using an initial hessian matrix
/2
@7,Conservation of events:
@31,Invoked at each iteration
/1
@7,If only one scaling parameter,
; estimation is in closed form.
/3
<10
@5,Results:
/1
@5,========
/2
<15
<4
@5,Iteration
+3,Log Likelihood
@37,E2      
@51,E3      
@65,E0      
@79,L0      
@93,NOPREVTE
@107,NOTEE   
/1
@5,-----------------------------------------------------------------------------------------------------------------------------
/1
<1
@5,    0
+7,    -311.675
@34,    -2.93945
@48,   0.5527149
@62,    -4.07325
@76,    -6.86588
@90,    2.653528
@104,   -0.368075
/1
<1
@5,    1
+7,    -311.597
@34,    -2.96274
@48,   0.5521874
@62,    -4.19463
@76,    -6.84368
@90,    2.549697
@104,   -0.348947
/1
<1
@5,    2
+7,    -311.597
@34,    -2.96659
@48,   0.5518722
@62,     -4.2066
@76,    -6.84169
@90,    2.548131
@104,   -0.348767
/1
<1
@5,    3
+7,    -311.597
@34,    -2.96661
@48,    0.551868
@62,     -4.2067
@76,    -6.84168
@90,    2.548122
@104,    -0.34876
/1
<15
/2
@9,Optimization terminated after
;    3
+1,iterations and 
;   85
+1,function evaluations
/1
@9,Normal exit: Convergence attained
/1
@9,Log base 10 of condition code = 
;    2.104723
/1
@9,Number of events conserved = 
;          44
/2
@9,Log likelihood = 
;    -311.597
/2
<2
<15
/2
@5,Final Results:
/1
@5,==============
/3
@51,Parameter Estimate Summary
/2
@26,Phase
+6,Parameter
+4,Estimate
+7,Std error
+13,Z
+10,Prob>|Z|
/1
@26,-------------------------------------------------------------------------------------
/1
<3
@26,Early:   
+2,E2      
+4,    -2.96661
+3,   0.9301088
+4,     -3.190
+6,    0.0014
/1
<3
@26,         
+2,E3      
+4,    0.551868
+3,   0.3376915
+4,      1.634
+6,    0.1022
/1
<3
@26,         
+2,E0      
+4,     -4.2067
+3,   0.4376239
+4,     -9.613
+4,      <.0001
/1
@37,--------------------------------------------------------------------------
/1
<3
@26,Late:    
+2,L0      
+4,    -6.84168
+3,   0.2478079
+4,    -27.609
+4,      <.0001
/1
<3
@26,         
+2,NOPREVTE
+4,    2.548122
+3,   0.6184788
+4,      4.120
+4,      <.0001
/1
<3
@26,         
+2,NOTEE   
+4,    -0.34876
+3,   0.1963368
+4,     -1.776
+6,    0.0757
/1
@26,-------------------------------------------------------------------------------------
/1
<20
/2
@51,Estimates for Model Parameters
/2
@43,Phase
+7,Parameter
+5,Fixed?
+5,Estimate
/1
@43,------------------------------------------------
/1
@43,Early:
;   
@55,DELTA
;   
+6,Yes
+7,           0
/1
@43, 
;        
@55,THALF
;   
+6,No 
+7,  0.05147745
/1
@55, (RHO
+19,  0.09727979
;)
/1
@43, 
;        
@55,NU
;      
+6,No 
+7,    -1.73649
/1
@43, 
;        
@55,M
;       
+6,Yes
+7,           0
/1
@43,         
+3,MUE     
+6,   
+7,  0.01489545
/1
@55,------------------------------------
/1
@43,Late:
;    
@55,TAU
;     
+6,Yes
+7,           1
/1
@43, 
;        
@55,GAMMA
;   
+6,Yes
+7,           1
/1
@43, 
;        
@55,ALPHA
;   
+6,Yes
+7,           1
/1
@43, 
;        
@55,ETA
;     
+6,Yes
+7,           1
/1
@43,         
+3,MUL     
+6,   
+7, 0.001068304
/1
@43,------------------------------------------------
/1
<11
/2
@49,Asymptotic Variance-Covariance Matrix
/2
@24,E2      
@38,E3      
@52,E0      
@66,L0      
@80,NOPREVTE
@94,NOTEE   
/1
@5,-----------------------------------------------------------------------------------------------------------------------------
/1
<5
@5,Early:   
/2
@8,E2      
@21,   0.8651024
@35,   -0.140131
@49,  0.04052881
@63, -0.00487262
@77,  0.01079158
@91, -0.00230409
/2
<5
@8,E3      
@21,   -0.140131
@35,   0.1140355
@49, 0.001890769
@63,-0.000288916
@77,-0.000701169
@91,0.0001310684
/2
<5
@8,E0      
@21,  0.04052881
@35, 0.001890769
@49,   0.1915147
@63, -0.00195204
@77, 0.003346641
@91,-0.000622707
/2
<5
@8,--------------------------------------------------------------------------------------------------------------------------
/1
@5,Late:    
/2
@8,L0      
@21, -0.00487262
@35,-0.000288916
@49, -0.00195204
@63,  0.06140878
@77,  0.06405492
@91,  -0.0314662
/2
<5
@8,NOPREVTE
@21,  0.01079158
@35,-0.000701169
@49, 0.003346641
@63,  0.06405492
@77,    0.382516
@91,   -0.109824
/2
<5
@8,NOTEE   
@21, -0.00230409
@35,0.0001310684
@49,-0.000622707
@63,  -0.0314662
@77,   -0.109824
@91,  0.03854813
/2
@5,-----------------------------------------------------------------------------------------------------------------------------
/1
<11
/2
@54,Asymptotic Correlation Matrix
/2
@24,E2      
@38,E3      
@52,E0      
@66,L0      
@80,NOPREVTE
@94,NOTEE   
/1
@5,-----------------------------------------------------------------------------------------------------------------------------
/1
<5
@5,Early:   
/2
@8,E2      
@21,           1
@35,   -0.446148
@49,  0.09957013
@63,  -0.0211404
@77,  0.01875973
@91,  -0.0126173
/2
<5
@8,E3      
@21,   -0.446148
@35,           1
@49,  0.01279433
@63, -0.00345252
@77,  -0.0033572
@91, 0.001976861
/2
<5
@8,E0      
@21,  0.09957013
@35,  0.01279433
@49,           1
@63,      -0.018
@77,  0.01236469
@91, -0.00724738
/2
<5
@8,--------------------------------------------------------------------------------------------------------------------------
/1
@5,Late:    
/2
@8,L0      
@21,  -0.0211404
@35, -0.00345252
@49,      -0.018
@63,           1
@77,   0.4179385
@91,   -0.646736
/2
<5
@8,NOPREVTE
@21,  0.01875973
@35,  -0.0033572
@49,  0.01236469
@63,   0.4179385
@77,           1
@91,   -0.904417
/2
<5
@8,NOTEE   
@21,  -0.0126173
@35, 0.001976861
@49, -0.00724738
@63,   -0.646736
@77,   -0.904417
@91,           1
/2
@5,-----------------------------------------------------------------------------------------------------------------------------
/1
$Note: Procedure HAZARD completed successfully.
