                                                 Surgery for Ischemic Heart Disease              12:46 Friday, November 10, 2000   1
                                                         KUL; 1971-Jul 1987
                                                       Primary Isolated CABG
                                                     Hazard Function for Death

                          T H R E E   P H A S E   P A R A M E T R I C   H A Z A R D   P R O C E D U R E

    Initial Summary:
    ================

      There are  5880 observations available for analysis with:
                            545 events
                           5335 Right Censored Observations
                           5880 Total Subjects

                                     Variable   Label                                          Min            Max
                -----------------------------------------------------------------------------------------------------
                Time:                INT_DEAD   Followup Interval (months) After Repair        0.03285       201.8276
                Event:               DEAD       Death                                                0              1
                -----------------------------------------------------------------------------------------------------

   *------*
   | Note |
   *------*

      in 5335 observation(s) RCENSOR has been changed from 0 to 1






    Model Specifications:
    =====================

                                       Initial Parameter Values
                                       ------------------------                                                    Starting
          Phase        Parameter       Specified        Used       |  Theta                          Estimated?    Value
          -------------------------------------------------------------------------------------------------------------------
          Early:       DELTA                    0             0    |  E1                             No
                       THALF                  0.2           0.2    |  E2                             No
                        (RHO                                0.2)   |
                       NU                       1             1    |  E3                             No
                       M                        1             1    |  E4                             No
                       MUE                   0.02          0.02    |  E0 = Ln(muE)                   Yes             -3.91202
                       ------------------------------------------------------------------------------------------------------
          Constant:    MUC                 0.0008        0.0008    |  C0 = Ln(muC)                   Yes              -7.1309
                       ------------------------------------------------------------------------------------------------------
          Late:        TAU                      1             1    |  L1                             No
                       GAMMA                    3             3    |  L2                             No
                       ALPHA                    1             1    |  L3                             No
                       ETA                      1             1    |  L4                             No
                       MUL                  1E-09         1E-09    |  L0 = Ln(muL)                   Yes             -20.7233
          -------------------------------------------------------------------------------------------------------------------

    Based on the values used, the following flags and equations have been set:
          *-------------------------------------------------*
          |  Early:                                         |
          |        Delta = 0                Yes             |
          |        M*Nu = |1|               No              |
          |        M>0, Nu>0, Generic equations 6 - 8       |
          |  Constant:                                      |
          |        Equations 24 - 25                        |
          |  Late: Gamma*Eta = 2            No              |
          |        Gamma*Eta/Alpha = 2      No              |
          |        Weibull                  Yes             |
          |        Alpha>0, Generic equations 26 - 27       |
          *-------------------------------------------------*


    Computational Methods:
    ======================

      Optimization: Quasi-Newton method using analytic derivatives
                    initiated using the method of steepest descent

      Conservation of events: Not invoked


    Results:
    ========

    Iteration   Log Likelihood      E0            C0            L0
    -----------------------------------------------------------------------------------------------------------------------------
        0           -3830.07         -3.91202       -7.1309      -20.7233
        1            -3801.8         -3.90461      -6.86432       -20.636
        2           -3794.89         -3.88636      -6.67232      -20.3248
        3           -3761.84         -3.78344       -6.7229      -17.3538
        4           -3759.16         -3.77522      -6.73604      -17.1483
        5           -3740.96         -3.77849      -7.14533      -16.6842
        6           -3740.54         -3.78338      -7.21476        -16.68
        7           -3740.52         -3.78222      -7.22412      -16.6578
        8           -3740.52         -3.78034      -7.22625      -16.6578
        9           -3740.52         -3.77955       -7.2258      -16.6578
                                                 Surgery for Ischemic Heart Disease              12:46 Friday, November 10, 2000   2
                                                         KUL; 1971-Jul 1987
                                                       Primary Isolated CABG
                                                     Hazard Function for Death



        Optimization terminated after    9 iterations and    24 function evaluations
        Normal exit: Convergence attained
        Log base 10 of condition code =    0.7194421
        Number of events conserved =     544.9993

        Log likelihood =     -3740.52



    Final Results:
    ==============


                                                  Parameter Estimate Summary

    Phase      Parameter   Label                                       Estimate       Std error             Z          Prob>|Z|
    --------------------------------------------------------------------------------------------------------------------------------
    Early:     E0                                                         -3.77955     0.09381214        -40.288          <.0001
               ---------------------------------------------------------------------------------------------------------------------
    Constant:  C0                                                          -7.2258     0.09312647        -77.591          <.0001
               ---------------------------------------------------------------------------------------------------------------------
    Late:      L0                                                         -16.6578      0.1157703       -143.887          <.0001
    --------------------------------------------------------------------------------------------------------------------------------


                                                  Estimates for Model Parameters

                                          Phase       Parameter     Fixed?     Estimate
                                          ------------------------------------------------
                                          Early:      DELTA         Yes                  0
                                                      THALF         Yes                0.2
                                                       (RHO                            0.2)
                                                      NU            Yes                  1
                                                      M             Yes                  1
                                                      MUE                       0.02283304
                                                      ------------------------------------
                                          Constant:   MUC                     0.0007275697
                                                      ------------------------------------
                                          Late:       TAU           Yes                  1
                                                      GAMMA         Yes                  3
                                                      ALPHA         Yes                  1
                                                      ETA           Yes                  1
                                                      MUL                     5.829177E-08
                                          ------------------------------------------------


                                                Asymptotic Variance-Covariance Matrix

                       E0            C0            L0
    -----------------------------------------------------------------------------------------------------------------------------
    Early:

       E0            0.008800718   -0.00116984  0.0007409538

       --------------------------------------------------------------------------------------------------------------------------
    Constant:

       C0            -0.00116984   0.008672539   -0.00564017

       --------------------------------------------------------------------------------------------------------------------------
    Late:

       L0           0.0007409538   -0.00564017    0.01340277

    -----------------------------------------------------------------------------------------------------------------------------


                                                     Asymptotic Correlation Matrix

                       E0            C0            L0
    -----------------------------------------------------------------------------------------------------------------------------
    Early:

       E0                      1     -0.133904    0.06822362

       --------------------------------------------------------------------------------------------------------------------------
    Constant:

       C0              -0.133904             1     -0.523144

       --------------------------------------------------------------------------------------------------------------------------
    Late:

       L0             0.06822362     -0.523144             1

    -----------------------------------------------------------------------------------------------------------------------------
