$ 
$Note: Procedure HAZARD (C-Version 4.4.4)
$      The Cleveland Clinic Foundation
$      9500 Euclid Avenue
$      Cleveland, Ohio 44195
$      Phone: (216) 444-6712
$      Email: hazard@bio.ri.ccf.org
@26, T H R E E   P H A S E   P A R A M E T R I C   H A Z A R D   P R O C E D U R E
/2
@5,Initial Summary:
/1
@5,================
/1
<8
/1
@7,There are
+1,  310
+1,observations available for analysis with:
/1
@20,          70
+1,events
/1
@20,         240
+1,Right Censored Observations
/1
@20,         310
+1,Total Subjects
/2
@38,Variable   Label
+42,Min
+12,Max
/1
@17,-----------------------------------------------------------------------------------------------------
/1
@17,Time:             
+3,INT_DEAD
+3,Followup interval (months) after repair 
+2, 0.001368954
+3,    170.5826
/1
@17,Event:            
+3,DEAD    
+3,Death                                   
+2,           0
+3,           1
/1
@17,-----------------------------------------------------------------------------------------------------
/1
/1
@4,*------*
/1
@4,| Note |
/1
@4,*------*
/2
@7,in
+1, 240
+1,observation(s) RCENSOR has been changed
; from 0 to 1
/1
$Note: RCENSOR has been changed from 0 to 1 in one or more observations.
/4
<7
@5,Concomitant Information:
/1
@5,========================
/3
@10,Phase
+5,Variable
+6,Label
+42,Mean
+11,Min
+10,Max
/1
@10,-----------------------------------------------------------------------------------------------------------
/1
@10,Early:   
+1,AGE     
+6,Age (months) at repair                  
+2,    120.2347
+2,   0.9199368
+2,    790.9813
/1
@10,         
+1,STATUS  
+6,Clinical status (NYHA I-V)              
+2,    2.235484
+2,           1
+2,           4
/1
@10,         
+1,COM_IV  
+6,Interventricular communication          
+2,   0.5032258
+2,           0
+2,           1
/1
@10,         
+1,ORIFICE 
+6,Accessory left AV valve orifice         
+2,  0.04516129
+2,           0
+2,           1
/1
@10,         
+1,MAL     
+6,Important associated cardiac anomaly    
+2,   0.2354839
+2,           0
+2,           1
/1
@10,         
+1,INC_SURG
+6,Surgical grade of AV valve incompetence 
+2,    2.393443
+2,           0
+2,           5
/1
@10,         
+1,OPMOS   
+6,Date of operation (months since 1/67)   
+2,    116.7377
+2,    2.661246
+2,    179.9462
/1
@10,         
+1,OP_AGE  
+6,                                        
+2,    12632.69
+2,    64.68025
+2,    125813.4
/1
@20,-------------------------------------------------------------------------------------------------
/1
@10,Constant:
+1,AGE     
+6,Age (months) at repair                  
+2,    120.2347
+2,   0.9199368
+2,    790.9813
/1
@10,         
+1,STATUS  
+6,Clinical status (NYHA I-V)              
+2,    2.235484
+2,           1
+2,           4
/1
@10,         
+1,COM_IV  
+6,Interventricular communication          
+2,   0.5032258
+2,           0
+2,           1
/1
@10,         
+1,ORIFICE 
+6,Accessory left AV valve orifice         
+2,  0.04516129
+2,           0
+2,           1
/1
@10,         
+1,MAL     
+6,Important associated cardiac anomaly    
+2,   0.2354839
+2,           0
+2,           1
/1
@10,         
+1,INC_SURG
+6,Surgical grade of AV valve incompetence 
+2,    2.393443
+2,           0
+2,           5
/1
@10,         
+1,OPMOS   
+6,Date of operation (months since 1/67)   
+2,    116.7377
+2,    2.661246
+2,    179.9462
/1
@10,         
+1,OP_AGE  
+6,                                        
+2,    12632.69
+2,    64.68025
+2,    125813.4
/1
@10,-----------------------------------------------------------------------------------------------------------
/1
<40
/2
@5,Model Specifications:
/1
@5,=====================
/2
@40,Initial Parameter Values
/1
@40,------------------------
+52,Starting
/1
@11,Phase
+8,Parameter
+7,Specified
+8,Used
+7,|
+2,Theta
+26,Estimated?
+4,Value
/1
@11,-------------------------------------------------------------------------------------------------------------------
/1
@11,Early:
;   
;   
+1,DELTA
;   
+6,           0
+2,           0
+1, 
+2,|
+2,E1
+1, 
+27,No
/1
@11,
;         
;   
+1,THALF
;   
+6,   0.1511909
+2,   0.1511909
+1, 
+2,|
+2,E2
+1, 
+27,No
/1
@21,   
+1,(RHO
+23,   0.1511909
;)
+3,|
/1
@11,
;         
;   
+1,NU
;      
+6,    1.438631
+2,    1.438631
+1, 
+2,|
+2,E3
+1, 
+27,No
/1
@11,
;         
;   
+1,M
;       
+6,           1
+2,           1
+1, 
+2,|
+2,E4
+1, 
+27,No
/1
@11,         
;   
+1,MUE
;     
+6,   0.2361697
+2,   0.2361697
+1,*
+2,|
+2,E0
+1,= Ln(muE)                
+3,Yes  
+7,     -1.4432
/1
@24,------------------------------------------------------------------------------------------------------
/1
@11,Constant:
;   
+1,MUC     
+6,0.0005437256
+2,0.0005437256
+1,*
+2,|
+2,C0
+1,= Ln(muC)                
+3,Yes  
+7,    -7.51707
/1
@11,-------------------------------------------------------------------------------------------------------------------
/1
@5,* The value used is different from the
; value specified.
/1
/1
@5,Based on the values used, the following
; flags and equations have been set:
/1
@11,*
;-------------------------------------------------
;*
/1
@11,|
+2,Early:
+41,|
/1
@11,|
+8,Delta = 0
;             
+3,Yes
+13,|
/1
@11,|
+8,M*Nu = |1|
;            
+3,No 
+13,|
/1
@11,|
+8,M>0, Nu>0, Generic equations 6 - 8
;       
;|
/1
@11,|
+2,Constant:
+38,|
/1
@11,|
+8,Equations 24 - 25
;                        
;|
/1
@11,*
;-------------------------------------------------
;*
/1
/2
@5,Computational Methods:
/1
@5,======================
/2
@7,Optimization: 
;Newton
+1,method using 
;analytic
+1,derivatives
/1
@21,initiated using an initial hessian matrix
/2
@7,Conservation of events:
@31,Invoked initially
/1
/2
<10
@5,Results:
/1
@5,========
/2
@53,Forward Stepwise Selection
/2
@5,* During variable selection steps,
; variances are approximate because
; shaping parameter covariances are
; ignored.
/2
<15
@1,*-----------------------------
;---------------------------------
;--------------------*
/1
@1,|Step 0.  Intercepts, included
; variables, and non-fixed shaping
; parameters entered.|
/1
@1,*-----------------------------
;---------------------------------
;--------------------*
/2
<15
/2
@9,Optimization terminated after
;    0
+1,iterations and 
;    9
+1,function evaluations
/1
@9,Normal exit: Convergence attained
/1
@9,Log base 10 of condition code = 
;    8.984351
/1
@9,Number of events conserved = 
;    69.99994
/2
@9,Log likelihood = 
;    -196.427
/2
<2
<12
@51,Summary of Variables in the Model
/1
@51,---------------------------------
/2
@122,Moves
/1
@3,Phase
+6,Variable
+2,Label
+38,Estimate
+6,Std error
+12,Z
+8,Prob>|Z|
+3,Remaining
/1
@3,--------------------------------------------------------------------------------------------------------------------------------
/1
<3
@3,Early:   
+2,E0      
+2,                                        
+2,   -0.688538
+2,   0.3344273
+3,     -2.059
+4,    0.0395
/1
<3
<3
<3
@3,         
+2,COM_IV  
+2,Interventricular communication          
+2,    -1.04429
+2,   0.3939178
+3,     -2.651
+4,    0.0080
+3,  1
/1
<3
<3
@3,         
+2,MAL     
+2,Important associated cardiac anomaly    
+2,   0.5391314
+2,   0.2893691
+3,      1.863
+4,    0.0624
+3,  0
/1
<3
<3
<3
@14,---------------------------------------------------------------------------------------------------------------------
/1
<3
@3,Constant:
+2,C0      
+2,                                        
+2,    -8.55857
+2,    1.718561
+3,     -4.980
+2,      <.0001
/1
<3
<3
<3
<3
@3,         
+2,ORIFICE 
+2,Accessory left AV valve orifice         
+2,    2.817384
+2,   0.9785974
+3,      2.879
+4,    0.0040
+3,  1
/1
<3
@3,         
+2,MAL     
+2,Important associated cardiac anomaly    
+2,  -0.0735822
+2,    1.329058
+3,     -0.055
+4,    0.9558
+3,  1
/1
<3
@3,         
+2,INC_SURG
+2,Surgical grade of AV valve incompetence 
+2,   0.6122856
+2,   0.4911709
+3,      1.247
+4,    0.2126
+3,  0
/1
<3
<3
@3,         
+2,OP_AGE  
+2,                                        
+2,-9.64308E-05
+2,8.530711E-05
+3,     -1.130
+4,    0.2583
+3,  1
/1
<3
<3
<3
<3
<3
<3
<3
<3
<3
@3,--------------------------------------------------------------------------------------------------------------------------------
/1
/2
<12
@36,Summary of Variables not in the Model
; (Based on Q Statistics)
/2
@122,Moves
/1
@3,Phase
+6,Variable
+2,Label
+38,Estimate
+6,Std error
+12,Z
+8,Prob>|Z|
+3,Remaining
/1
@3,--------------------------------------------------------------------------------------------------------------------------------
/1
<3
<3
@3,Early:   
+2,AGE     
+2,Age (months) at repair                  
+2, -0.00339482
+2,0.0009930044
+3,     -3.419
+4,    0.0006
+3,  1
/1
<3
@3,         
+2,STATUS  
+2,Clinical status (NYHA I-V)              
+2,    1.250703
+2,    0.221204
+3,      5.654
+2,      <.0001
+3,  1
/1
<3
<3
@3,         
+2,ORIFICE 
+2,Accessory left AV valve orifice         
+2,   0.4261263
+2,   0.5446248
+3,      0.782
+4,    0.4340
+3,  1
/1
<3
<3
@3,         
+2,INC_SURG
+2,Surgical grade of AV valve incompetence 
+2,   0.4944597
+2,   0.1279628
+3,      3.864
+4,    0.0001
+3,  1
/1
<3
@3,         
+2,OPMOS   
+2,Date of operation (months since 1/67)   
+2, 0.001118683
+2, 0.003008258
+3,      0.372
+4,    0.7100
+3,  1
/1
<3
@3,         
+2,OP_AGE  
+2,                                        
+2,-2.09865E-05
+2,1.149594E-05
+3,     -1.826
+4,    0.0679
+3,  1
/1
<3
<3
@14,---------------------------------------------------------------------------------------------------------------------
/1
@3,Constant:
+2,AGE     
+2,Age (months) at repair                  
+2,  0.06416355
+2,  0.01355233
+3,      4.735
+2,      <.0001
+3,  1
/1
<3
@3,         
+2,STATUS  
+2,Clinical status (NYHA I-V)              
+2,    1.885154
+2,    0.752029
+3,      2.507
+4,    0.0122
+3,  1
/1
<3
@3,         
+2,COM_IV  
+2,Interventricular communication          
+2,    -1.94622
+2,    1.191455
+3,     -1.633
+4,    0.1024
+3,  0
/1
<3
<3
<3
<3
@3,         
+2,OPMOS   
+2,Date of operation (months since 1/67)   
+2,    -0.04024
+2,  0.02104311
+3,     -1.912
+4,    0.0558
+3,  1
/1
<3
<3
<3
<3
<3
<3
<3
<3
<3
<3
@3,--------------------------------------------------------------------------------------------------------------------------------
/1
<15
/2
@1,*
;----------------------------------------------------------
;*
/1
@1,|Step 
;  1
;. 
;MAL     
; deleted from 
;CONSTANT PHASE      
+6,|
/1
@1,|
+19,with Z = 
;     -0.055
; and P = 
;    0.9558
;|
/1
@1,*
;----------------------------------------------------------
;*
/2
<15
/2
@9,Optimization terminated after
;    0
+1,iterations and 
;    3
+1,function evaluations
/1
@9,Normal exit: Convergence attained
/1
@9,Log base 10 of condition code = 
;    8.936501
/1
@9,Number of events conserved = 
;          70
/2
@9,Log likelihood = 
;    -196.428
/2
@9,-2(Difference in log likelihood) = 
; 0.003173363
/1
@9,                         P(diff) = 
;    0.9551
/2
<2
<12
@51,Summary of Variables in the Model
/1
@51,---------------------------------
/2
@122,Moves
/1
@3,Phase
+6,Variable
+2,Label
+38,Estimate
+6,Std error
+12,Z
+8,Prob>|Z|
+3,Remaining
/1
@3,--------------------------------------------------------------------------------------------------------------------------------
/1
<3
@3,Early:   
+2,E0      
+2,                                        
+2,    -0.68815
+2,   0.3343084
+3,     -2.058
+4,    0.0395
/1
<3
<3
<3
@3,         
+2,COM_IV  
+2,Interventricular communication          
+2,    -1.04371
+2,   0.3935475
+3,     -2.652
+4,    0.0080
+3,  1
/1
<3
<3
@3,         
+2,MAL     
+2,Important associated cardiac anomaly    
+2,   0.5370162
+2,   0.2867289
+3,      1.873
+4,    0.0611
+3,  0
/1
<3
<3
<3
@14,---------------------------------------------------------------------------------------------------------------------
/1
<3
@3,Constant:
+2,C0      
+2,                                        
+2,    -8.54736
+2,    1.666411
+3,     -5.129
+2,      <.0001
/1
<3
<3
<3
<3
@3,         
+2,ORIFICE 
+2,Accessory left AV valve orifice         
+2,     2.81356
+2,   0.9721095
+3,      2.894
+4,    0.0038
+3,  1
/1
<3
<3
@3,         
+2,INC_SURG
+2,Surgical grade of AV valve incompetence 
+2,   0.6052794
+2,   0.4655356
+3,      1.300
+4,    0.1935
+3,  0
/1
<3
<3
@3,         
+2,OP_AGE  
+2,                                        
+2,-9.60926E-05
+2,8.469841E-05
+3,     -1.135
+4,    0.2566
+3,  1
/1
<3
<3
<3
<3
<3
<3
<3
<3
<3
@3,--------------------------------------------------------------------------------------------------------------------------------
/1
/2
<12
@36,Summary of Variables not in the Model
; (Based on Q Statistics)
/2
@122,Moves
/1
@3,Phase
+6,Variable
+2,Label
+38,Estimate
+6,Std error
+12,Z
+8,Prob>|Z|
+3,Remaining
/1
@3,--------------------------------------------------------------------------------------------------------------------------------
/1
<3
<3
@3,Early:   
+2,AGE     
+2,Age (months) at repair                  
+2, -0.00339105
+2,0.0009922966
+3,     -3.417
+4,    0.0006
+3,  1
/1
<3
@3,         
+2,STATUS  
+2,Clinical status (NYHA I-V)              
+2,    1.251681
+2,   0.2212792
+3,      5.657
+2,      <.0001
+3,  1
/1
<3
<3
@3,         
+2,ORIFICE 
+2,Accessory left AV valve orifice         
+2,   0.4265591
+2,   0.5444054
+3,      0.784
+4,    0.4333
+3,  1
/1
<3
<3
@3,         
+2,INC_SURG
+2,Surgical grade of AV valve incompetence 
+2,   0.4878538
+2,   0.1269958
+3,      3.841
+4,    0.0001
+3,  1
/1
<3
@3,         
+2,OPMOS   
+2,Date of operation (months since 1/67)   
+2, 0.001120608
+2, 0.002989085
+3,      0.375
+4,    0.7077
+3,  1
/1
<3
@3,         
+2,OP_AGE  
+2,                                        
+2,-2.09661E-05
+2,1.148527E-05
+3,     -1.825
+4,    0.0679
+3,  1
/1
<3
<3
@14,---------------------------------------------------------------------------------------------------------------------
/1
@3,Constant:
+2,AGE     
+2,Age (months) at repair                  
+2,  0.06469277
+2,  0.01360368
+3,      4.756
+2,      <.0001
+3,  1
/1
<3
@3,         
+2,STATUS  
+2,Clinical status (NYHA I-V)              
+2,    1.922716
+2,   0.7601362
+3,      2.529
+4,    0.0114
+3,  1
/1
<3
@3,         
+2,COM_IV  
+2,Interventricular communication          
+2,    -1.48213
+2,    1.029568
+3,     -1.440
+4,    0.1500
+3,  0
/1
<3
<3
@3,         
+2,MAL     
+2,Important associated cardiac anomaly    
+2,  -0.0701812
+2,    1.265405
+3,     -0.055
+4,    0.9558
+3,  0
/1
<3
<3
@3,         
+2,OPMOS   
+2,Date of operation (months since 1/67)   
+2,  -0.0219556
+2,  0.01533633
+3,     -1.432
+4,    0.1523
+3,  1
/1
<3
<3
<3
<3
<3
<3
<3
<3
<3
<3
@3,--------------------------------------------------------------------------------------------------------------------------------
/1
<15
/2
@1,*
;----------------------------------------------------------
;*
/1
@1,|Step 
;  2
;. 
;OP_AGE  
; deleted from 
;CONSTANT PHASE      
+6,|
/1
@1,|
+19,with Z = 
;     -1.135
; and P = 
;    0.2566
;|
/1
@1,*
;----------------------------------------------------------
;*
/2
<15
/2
@9,Optimization terminated after
;    0
+1,iterations and 
;    7
+1,function evaluations
/1
@9,Normal exit: Convergence attained
/1
@9,Log base 10 of condition code = 
;    3.429315
/1
@9,Number of events conserved = 
;    69.99999
/2
@9,Log likelihood = 
;    -197.393
/2
@9,-2(Difference in log likelihood) = 
;    1.930102
/1
@9,                         P(diff) = 
;    0.1647
/2
<2
<12
@51,Summary of Variables in the Model
/1
@51,---------------------------------
/2
@122,Moves
/1
@3,Phase
+6,Variable
+2,Label
+38,Estimate
+6,Std error
+12,Z
+8,Prob>|Z|
+3,Remaining
/1
@3,--------------------------------------------------------------------------------------------------------------------------------
/1
<3
@3,Early:   
+2,E0      
+2,                                        
+2,   -0.635114
+2,   0.3321243
+3,     -1.912
+4,    0.0558
/1
<3
<3
<3
@3,         
+2,COM_IV  
+2,Interventricular communication          
+2,    -1.08229
+2,   0.3937124
+3,     -2.749
+4,    0.0060
+3,  1
/1
<3
<3
@3,         
+2,MAL     
+2,Important associated cardiac anomaly    
+2,   0.5414765
+2,   0.2881006
+3,      1.879
+4,    0.0602
+3,  0
/1
<3
<3
<3
@14,---------------------------------------------------------------------------------------------------------------------
/1
<3
@3,Constant:
+2,C0      
+2,                                        
+2,    -10.5019
+2,    4.176934
+3,     -2.514
+4,    0.0119
/1
<3
<3
<3
<3
@3,         
+2,ORIFICE 
+2,Accessory left AV valve orifice         
+2,    2.830191
+2,    1.062872
+3,      2.663
+4,    0.0077
+3,  1
/1
<3
<3
@3,         
+2,INC_SURG
+2,Surgical grade of AV valve incompetence 
+2,   0.9488628
+2,     1.11167
+3,      0.854
+4,    0.3934
+3,  0
/1
<3
<3
<3
<3
<3
<3
<3
<3
<3
<3
<3
@3,--------------------------------------------------------------------------------------------------------------------------------
/1
/2
<12
@36,Summary of Variables not in the Model
; (Based on Q Statistics)
/2
@122,Moves
/1
@3,Phase
+6,Variable
+2,Label
+38,Estimate
+6,Std error
+12,Z
+8,Prob>|Z|
+3,Remaining
/1
@3,--------------------------------------------------------------------------------------------------------------------------------
/1
<3
<3
@3,Early:   
+2,AGE     
+2,Age (months) at repair                  
+2, -0.00352695
+2,0.0009743885
+3,     -3.620
+4,    0.0003
+3,  1
/1
<3
@3,         
+2,STATUS  
+2,Clinical status (NYHA I-V)              
+2,    1.187036
+2,   0.2151408
+3,      5.517
+2,      <.0001
+3,  1
/1
<3
<3
@3,         
+2,ORIFICE 
+2,Accessory left AV valve orifice         
+2,   0.3957975
+2,   0.5181337
+3,      0.764
+4,    0.4449
+3,  1
/1
<3
<3
@3,         
+2,INC_SURG
+2,Surgical grade of AV valve incompetence 
+2,   0.5280391
+2,   0.1335456
+3,      3.954
+2,      <.0001
+3,  1
/1
<3
@3,         
+2,OPMOS   
+2,Date of operation (months since 1/67)   
+2,0.0009106963
+2, 0.003312445
+3,      0.275
+4,    0.7834
+3,  1
/1
<3
@3,         
+2,OP_AGE  
+2,                                        
+2,-2.47176E-05
+2,1.165031E-05
+3,     -2.122
+4,    0.0339
+3,  1
/1
<3
<3
@14,---------------------------------------------------------------------------------------------------------------------
/1
@3,Constant:
+2,AGE     
+2,Age (months) at repair                  
+2,  0.00578181
+2, 0.006462588
+3,      0.895
+4,    0.3710
+3,  1
/1
<3
@3,         
+2,STATUS  
+2,Clinical status (NYHA I-V)              
+2,      7.5954
+2,    1.435257
+3,      5.292
+2,      <.0001
+3,  1
/1
<3
@3,         
+2,COM_IV  
+2,Interventricular communication          
+2,    -1.45619
+2,    1.207448
+3,     -1.206
+4,    0.2278
+3,  0
/1
<3
<3
@3,         
+2,MAL     
+2,Important associated cardiac anomaly    
+2,           0
+2,           .
+3,          .
+4,         .
; ***
/1
<3
<3
@3,         
+2,OPMOS   
+2,Date of operation (months since 1/67)   
+2,           0
+2,           .
+3,          .
+4,         .
; ***
/1
<3
@3,         
+2,OP_AGE  
+2,                                        
+2,-0.000155447
+2,8.035436E-05
+3,     -1.935
+4,    0.0530
+3,  0
/1
<3
<3
<3
<3
<3
<3
<3
<3
<3
@3,--------------------------------------------------------------------------------------------------------------------------------
/1
@5,***  Tolerance of the Q is zero or
; negative.
/2
<15
/2
@1,*
;----------------------------------------------------------
;*
/1
@1,|Step 
;  3
;. 
;STATUS  
; added to 
;EARLY PHASE         
+10,|
/1
@1,|
+19,with Z = 
;      5.517
; and P = 
;<.0001    
;|
/1
@1,*
;----------------------------------------------------------
;*
/2
<15
/2
@9,Optimization terminated after
;    0
+1,iterations and 
;    7
+1,function evaluations
/1
@9,Normal exit: Convergence attained
/1
@9,Log base 10 of condition code = 
;    3.080764
/1
@9,Number of events conserved = 
;    69.99981
/2
@9,Log likelihood = 
;    -183.643
/2
@9,-2(Difference in log likelihood) = 
;    27.50121
/1
@9,                         P(diff) = 
;<.0001
/2
<2
<12
@51,Summary of Variables in the Model
/1
@51,---------------------------------
/2
@122,Moves
/1
@3,Phase
+6,Variable
+2,Label
+38,Estimate
+6,Std error
+12,Z
+8,Prob>|Z|
+3,Remaining
/1
@3,--------------------------------------------------------------------------------------------------------------------------------
/1
<3
@3,Early:   
+2,E0      
+2,                                        
+2,    -2.83188
+2,   0.5660579
+3,     -5.003
+2,      <.0001
/1
<3
<3
@3,         
+2,STATUS  
+2,Clinical status (NYHA I-V)              
+2,     1.03149
+2,   0.1921807
+3,      5.367
+2,      <.0001
+3,  1
/1
<3
@3,         
+2,COM_IV  
+2,Interventricular communication          
+2,    -1.82468
+2,   0.3929549
+3,     -4.643
+2,      <.0001
+3,  1
/1
<3
<3
@3,         
+2,MAL     
+2,Important associated cardiac anomaly    
+2,   0.7516508
+2,   0.2893418
+3,      2.598
+4,    0.0094
+3,  0
/1
<3
<3
<3
@14,---------------------------------------------------------------------------------------------------------------------
/1
<3
@3,Constant:
+2,C0      
+2,                                        
+2,    -8.53081
+2,    1.171806
+3,     -7.280
+2,      <.0001
/1
<3
<3
<3
<3
@3,         
+2,ORIFICE 
+2,Accessory left AV valve orifice         
+2,     2.78947
+2,   0.9664749
+3,      2.886
+4,    0.0039
+3,  1
/1
<3
<3
@3,         
+2,INC_SURG
+2,Surgical grade of AV valve incompetence 
+2,   0.3305745
+2,   0.4109707
+3,      0.804
+4,    0.4212
+3,  0
/1
<3
<3
<3
<3
<3
<3
<3
<3
<3
<3
<3
@3,--------------------------------------------------------------------------------------------------------------------------------
/1
/2
<12
@36,Summary of Variables not in the Model
; (Based on Q Statistics)
/2
@122,Moves
/1
@3,Phase
+6,Variable
+2,Label
+38,Estimate
+6,Std error
+12,Z
+8,Prob>|Z|
+3,Remaining
/1
@3,--------------------------------------------------------------------------------------------------------------------------------
/1
<3
<3
@3,Early:   
+2,AGE     
+2,Age (months) at repair                  
+2, -0.00220937
+2,0.0008786434
+3,     -2.515
+4,    0.0119
+3,  1
/1
<3
<3
<3
@3,         
+2,ORIFICE 
+2,Accessory left AV valve orifice         
+2,  -0.0935699
+2,   0.4707954
+3,     -0.199
+4,    0.8425
+3,  1
/1
<3
<3
@3,         
+2,INC_SURG
+2,Surgical grade of AV valve incompetence 
+2,     0.29774
+2,   0.1242499
+3,      2.396
+4,    0.0166
+3,  1
/1
<3
@3,         
+2,OPMOS   
+2,Date of operation (months since 1/67)   
+2, -0.00589751
+2, 0.003384865
+3,     -1.742
+4,    0.0815
+3,  1
/1
<3
@3,         
+2,OP_AGE  
+2,                                        
+2,-1.28613E-05
+2,9.277673E-06
+3,     -1.386
+4,    0.1657
+3,  1
/1
<3
<3
@14,---------------------------------------------------------------------------------------------------------------------
/1
@3,Constant:
+2,AGE     
+2,Age (months) at repair                  
+2,-0.000791986
+2, 0.003109994
+3,     -0.255
+4,    0.7990
+3,  1
/1
<3
@3,         
+2,STATUS  
+2,Clinical status (NYHA I-V)              
+2,   0.3560331
+2,   0.6262015
+3,      0.569
+4,    0.5697
+3,  1
/1
<3
@3,         
+2,COM_IV  
+2,Interventricular communication          
+2,  -0.0998819
+2,    1.137374
+3,     -0.088
+4,    0.9300
+3,  0
/1
<3
<3
@3,         
+2,MAL     
+2,Important associated cardiac anomaly    
+2,  0.02907124
+2,    1.418232
+3,      0.020
+4,    0.9836
+3,  0
/1
<3
<3
@3,         
+2,OPMOS   
+2,Date of operation (months since 1/67)   
+2,  -0.0311545
+2,  0.01600291
+3,     -1.947
+4,    0.0516
+3,  1
/1
<3
@3,         
+2,OP_AGE  
+2,                                        
+2,-3.39327E-05
+2,2.977304E-05
+3,     -1.140
+4,    0.2544
+3,  0
/1
<3
<3
<3
<3
<3
<3
<3
<3
<3
@3,--------------------------------------------------------------------------------------------------------------------------------
/1
<15
/2
@1,*
;----------------------------------------------------------
;*
/1
@1,|Step 
;  4
;. 
;AGE     
; added to 
;EARLY PHASE         
+10,|
/1
@1,|
+19,with Z = 
;     -2.515
; and P = 
;    0.0119
;|
/1
@1,*
;----------------------------------------------------------
;*
/2
<15
/2
@9,Optimization terminated after
;    0
+1,iterations and 
;    6
+1,function evaluations
/1
@9,Normal exit: Convergence attained
/1
@9,Log base 10 of condition code = 
;    6.200739
/1
@9,Number of events conserved = 
;    69.99996
/2
@9,Log likelihood = 
;    -179.927
/2
@9,-2(Difference in log likelihood) = 
;    7.431087
/1
@9,                         P(diff) = 
;    0.0064
/2
<2
<12
@51,Summary of Variables in the Model
/1
@51,---------------------------------
/2
@122,Moves
/1
@3,Phase
+6,Variable
+2,Label
+38,Estimate
+6,Std error
+12,Z
+8,Prob>|Z|
+3,Remaining
/1
@3,--------------------------------------------------------------------------------------------------------------------------------
/1
<3
@3,Early:   
+2,E0      
+2,                                        
+2,    -1.87023
+2,   0.6571917
+3,     -2.846
+4,    0.0044
/1
<3
@3,         
+2,AGE     
+2,Age (months) at repair                  
+2,  -0.0029715
+2, 0.001293454
+3,     -2.297
+4,    0.0216
+3,  1
/1
<3
@3,         
+2,STATUS  
+2,Clinical status (NYHA I-V)              
+2,   0.8844828
+2,   0.1970958
+3,      4.488
+2,      <.0001
+3,  1
/1
<3
@3,         
+2,COM_IV  
+2,Interventricular communication          
+2,    -2.19759
+2,   0.3832599
+3,     -5.734
+2,      <.0001
+3,  1
/1
<3
<3
@3,         
+2,MAL     
+2,Important associated cardiac anomaly    
+2,   0.7180749
+2,   0.2906627
+3,      2.470
+4,    0.0135
+3,  0
/1
<3
<3
<3
@14,---------------------------------------------------------------------------------------------------------------------
/1
<3
@3,Constant:
+2,C0      
+2,                                        
+2,    -8.73016
+2,    1.388725
+3,     -6.286
+2,      <.0001
/1
<3
<3
<3
<3
@3,         
+2,ORIFICE 
+2,Accessory left AV valve orifice         
+2,     2.73229
+2,    1.015118
+3,      2.692
+4,    0.0071
+3,  1
/1
<3
<3
@3,         
+2,INC_SURG
+2,Surgical grade of AV valve incompetence 
+2,   0.3827478
+2,   0.4590123
+3,      0.834
+4,    0.4044
+3,  0
/1
<3
<3
<3
<3
<3
<3
<3
<3
<3
<3
<3
@3,--------------------------------------------------------------------------------------------------------------------------------
/1
/2
<12
@36,Summary of Variables not in the Model
; (Based on Q Statistics)
/2
@122,Moves
/1
@3,Phase
+6,Variable
+2,Label
+38,Estimate
+6,Std error
+12,Z
+8,Prob>|Z|
+3,Remaining
/1
@3,--------------------------------------------------------------------------------------------------------------------------------
/1
<3
<3
<3
<3
<3
@3,Early:   
+2,ORIFICE 
+2,Accessory left AV valve orifice         
+2,   -0.502296
+2,   0.4466522
+3,     -1.125
+4,    0.2608
+3,  1
/1
<3
<3
@3,         
+2,INC_SURG
+2,Surgical grade of AV valve incompetence 
+2,   0.3022513
+2,   0.1335741
+3,      2.263
+4,    0.0236
+3,  1
/1
<3
@3,         
+2,OPMOS   
+2,Date of operation (months since 1/67)   
+2,  -0.0126714
+2,  0.00394052
+3,     -3.216
+4,    0.0013
+3,  1
/1
<3
@3,         
+2,OP_AGE  
+2,                                        
+2,4.340144E-05
+2,2.426212E-05
+3,      1.789
+4,    0.0736
+3,  1
/1
<3
<3
@14,---------------------------------------------------------------------------------------------------------------------
/1
@3,Constant:
+2,AGE     
+2,Age (months) at repair                  
+2,0.0007019531
+2, 0.003715096
+3,      0.189
+4,    0.8501
+3,  1
/1
<3
@3,         
+2,STATUS  
+2,Clinical status (NYHA I-V)              
+2,   0.5135657
+2,   0.6496266
+3,      0.791
+4,    0.4292
+3,  1
/1
<3
@3,         
+2,COM_IV  
+2,Interventricular communication          
+2,   -0.343207
+2,    1.203759
+3,     -0.285
+4,    0.7756
+3,  0
/1
<3
<3
@3,         
+2,MAL     
+2,Important associated cardiac anomaly    
+2,   -0.209856
+2,    1.661328
+3,     -0.126
+4,    0.8995
+3,  0
/1
<3
<3
@3,         
+2,OPMOS   
+2,Date of operation (months since 1/67)   
+2,  -0.0571324
+2,  0.02031661
+3,     -2.812
+4,    0.0049
+3,  1
/1
<3
@3,         
+2,OP_AGE  
+2,                                        
+2,-4.78691E-05
+2,4.074824E-05
+3,     -1.175
+4,    0.2401
+3,  0
/1
<3
<3
<3
<3
<3
<3
<3
<3
<3
@3,--------------------------------------------------------------------------------------------------------------------------------
/1
<15
/2
@1,*
;----------------------------------------------------------
;*
/1
@1,|Step 
;  5
;. 
;OPMOS   
; added to 
;EARLY PHASE         
+10,|
/1
@1,|
+19,with Z = 
;     -3.216
; and P = 
;    0.0013
;|
/1
@1,*
;----------------------------------------------------------
;*
/2
<15
/2
@9,Optimization terminated after
;    0
+1,iterations and 
;    6
+1,function evaluations
/1
@9,Normal exit: Convergence attained
/1
@9,Log base 10 of condition code = 
;    6.625603
/1
@9,Number of events conserved = 
;          70
/2
@9,Log likelihood = 
;    -175.122
/2
@9,-2(Difference in log likelihood) = 
;    9.610877
/1
@9,                         P(diff) = 
;    0.0019
/2
<2
<12
@51,Summary of Variables in the Model
/1
@51,---------------------------------
/2
@122,Moves
/1
@3,Phase
+6,Variable
+2,Label
+38,Estimate
+6,Std error
+12,Z
+8,Prob>|Z|
+3,Remaining
/1
@3,--------------------------------------------------------------------------------------------------------------------------------
/1
<3
@3,Early:   
+2,E0      
+2,                                        
+2,   -0.698979
+2,   0.7122755
+3,     -0.981
+4,    0.3264
/1
<3
@3,         
+2,AGE     
+2,Age (months) at repair                  
+2,  -0.0042353
+2, 0.001352444
+3,     -3.132
+4,    0.0017
+3,  1
/1
<3
@3,         
+2,STATUS  
+2,Clinical status (NYHA I-V)              
+2,      1.1247
+2,   0.2086402
+3,      5.391
+2,      <.0001
+3,  1
/1
<3
@3,         
+2,COM_IV  
+2,Interventricular communication          
+2,    -2.82735
+2,   0.4351031
+3,     -6.498
+2,      <.0001
+3,  1
/1
<3
<3
@3,         
+2,MAL     
+2,Important associated cardiac anomaly    
+2,    1.116397
+2,   0.3131638
+3,      3.565
+4,    0.0004
+3,  0
/1
<3
<3
@3,         
+2,OPMOS   
+2,Date of operation (months since 1/67)   
+2,  -0.0112233
+2,  0.00347271
+3,     -3.232
+4,    0.0012
+3,  1
/1
<3
@14,---------------------------------------------------------------------------------------------------------------------
/1
<3
@3,Constant:
+2,C0      
+2,                                        
+2,      -9.497
+2,    1.800064
+3,     -5.276
+2,      <.0001
/1
<3
<3
<3
<3
@3,         
+2,ORIFICE 
+2,Accessory left AV valve orifice         
+2,    2.903073
+2,    1.059334
+3,      2.740
+4,    0.0061
+3,  1
/1
<3
<3
@3,         
+2,INC_SURG
+2,Surgical grade of AV valve incompetence 
+2,   0.5866163
+2,   0.5472648
+3,      1.072
+4,    0.2838
+3,  0
/1
<3
<3
<3
<3
<3
<3
<3
<3
<3
<3
<3
@3,--------------------------------------------------------------------------------------------------------------------------------
/1
/2
<12
@36,Summary of Variables not in the Model
; (Based on Q Statistics)
/2
@122,Moves
/1
@3,Phase
+6,Variable
+2,Label
+38,Estimate
+6,Std error
+12,Z
+8,Prob>|Z|
+3,Remaining
/1
@3,--------------------------------------------------------------------------------------------------------------------------------
/1
<3
<3
<3
<3
<3
@3,Early:   
+2,ORIFICE 
+2,Accessory left AV valve orifice         
+2,   -0.671553
+2,   0.4099535
+3,     -1.638
+4,    0.1014
+3,  1
/1
<3
<3
@3,         
+2,INC_SURG
+2,Surgical grade of AV valve incompetence 
+2,    0.277487
+2,   0.1383596
+3,      2.006
+4,    0.0449
+3,  1
/1
<3
<3
@3,         
+2,OP_AGE  
+2,                                        
+2,0.0001443322
+2,3.452582E-05
+3,      4.180
+2,      <.0001
+3,  1
/1
<3
<3
@14,---------------------------------------------------------------------------------------------------------------------
/1
@3,Constant:
+2,AGE     
+2,Age (months) at repair                  
+2, 0.005848813
+2,  0.00828753
+3,      0.706
+4,    0.4804
+3,  1
/1
<3
@3,         
+2,STATUS  
+2,Clinical status (NYHA I-V)              
+2,   0.3872254
+2,   0.8413025
+3,      0.460
+4,    0.6453
+3,  1
/1
<3
@3,         
+2,COM_IV  
+2,Interventricular communication          
+2,   0.5538118
+2,    1.542982
+3,      0.359
+4,    0.7197
+3,  0
/1
<3
<3
@3,         
+2,MAL     
+2,Important associated cardiac anomaly    
+2,    -1.22798
+2,    1.548891
+3,     -0.793
+4,    0.4279
+3,  0
/1
<3
<3
@3,         
+2,OPMOS   
+2,Date of operation (months since 1/67)   
+2,           0
+2,           .
+3,          .
+4,         .
; ***
/1
<3
@3,         
+2,OP_AGE  
+2,                                        
+2,           0
+2,           .
+3,          .
+4,         .
; ***
/1
<3
<3
<3
<3
<3
<3
<3
<3
<3
@3,--------------------------------------------------------------------------------------------------------------------------------
/1
@5,***  Tolerance of the Q is zero or
; negative.
/2
<15
/2
@1,*
;----------------------------------------------------------
;*
/1
@1,|Step 
;  6
;. 
;OP_AGE  
; added to 
;EARLY PHASE         
+10,|
/1
@1,|
+19,with Z = 
;      4.180
; and P = 
;<.0001    
;|
/1
@1,*
;----------------------------------------------------------
;*
/2
<15
/2
@9,Optimization terminated after
;    0
+1,iterations and 
;   10
+1,function evaluations
/1
@9,Normal exit: Convergence attained
/1
@9,Log base 10 of condition code = 
;    10.46053
/1
@9,Number of events conserved = 
;          70
/2
@9,Log likelihood = 
;    -166.566
/2
@9,-2(Difference in log likelihood) = 
;    17.11037
/1
@9,                         P(diff) = 
;<.0001
/2
<2
<12
@51,Summary of Variables in the Model
/1
@51,---------------------------------
/2
@122,Moves
/1
@3,Phase
+6,Variable
+2,Label
+38,Estimate
+6,Std error
+12,Z
+8,Prob>|Z|
+3,Remaining
/1
@3,--------------------------------------------------------------------------------------------------------------------------------
/1
<3
@3,Early:   
+2,E0      
+2,                                        
+2,   0.9921096
+2,   0.7504216
+3,      1.322
+4,    0.1861
/1
<3
@3,         
+2,AGE     
+2,Age (months) at repair                  
+2,  -0.0298945
+2, 0.009322348
+3,     -3.207
+4,    0.0013
+3,  1
/1
<3
@3,         
+2,STATUS  
+2,Clinical status (NYHA I-V)              
+2,   0.9797339
+2,   0.1917858
+3,      5.108
+2,      <.0001
+3,  1
/1
<3
@3,         
+2,COM_IV  
+2,Interventricular communication          
+2,    -3.14371
+2,    0.400356
+3,     -7.852
+2,      <.0001
+3,  1
/1
<3
<3
@3,         
+2,MAL     
+2,Important associated cardiac anomaly    
+2,    1.464631
+2,   0.3094099
+3,      4.734
+2,      <.0001
+3,  0
/1
<3
<3
@3,         
+2,OPMOS   
+2,Date of operation (months since 1/67)   
+2,  -0.0201961
+2, 0.003839358
+3,     -5.260
+2,      <.0001
+3,  1
/1
<3
@3,         
+2,OP_AGE  
+2,                                        
+2,0.0001958949
+2,5.953814E-05
+3,      3.290
+4,    0.0010
+3,  1
/1
@14,---------------------------------------------------------------------------------------------------------------------
/1
<3
@3,Constant:
+2,C0      
+2,                                        
+2,     -9.3843
+2,    1.404796
+3,     -6.680
+2,      <.0001
/1
<3
<3
<3
<3
@3,         
+2,ORIFICE 
+2,Accessory left AV valve orifice         
+2,    2.672621
+2,   0.9744229
+3,      2.743
+4,    0.0061
+3,  1
/1
<3
<3
@3,         
+2,INC_SURG
+2,Surgical grade of AV valve incompetence 
+2,   0.6205175
+2,   0.4245925
+3,      1.461
+4,    0.1439
+3,  0
/1
<3
<3
<3
<3
<3
<3
<3
<3
<3
<3
<3
@3,--------------------------------------------------------------------------------------------------------------------------------
/1
/2
<12
@36,Summary of Variables not in the Model
; (Based on Q Statistics)
/2
@122,Moves
/1
@3,Phase
+6,Variable
+2,Label
+38,Estimate
+6,Std error
+12,Z
+8,Prob>|Z|
+3,Remaining
/1
@3,--------------------------------------------------------------------------------------------------------------------------------
/1
<3
<3
<3
<3
<3
@3,Early:   
+2,ORIFICE 
+2,Accessory left AV valve orifice         
+2,   -0.624776
+2,   0.3891882
+3,     -1.605
+4,    0.1084
+3,  1
/1
<3
<3
@3,         
+2,INC_SURG
+2,Surgical grade of AV valve incompetence 
+2,   0.1115485
+2,   0.1416269
+3,      0.788
+4,    0.4309
+3,  1
/1
<3
<3
<3
<3
@14,---------------------------------------------------------------------------------------------------------------------
/1
@3,Constant:
+2,AGE     
+2,Age (months) at repair                  
+2, 0.001454164
+2, 0.003097679
+3,      0.469
+4,    0.6388
+3,  1
/1
<3
@3,         
+2,STATUS  
+2,Clinical status (NYHA I-V)              
+2,   0.3958423
+2,   0.5984375
+3,      0.661
+4,    0.5083
+3,  1
/1
<3
@3,         
+2,COM_IV  
+2,Interventricular communication          
+2,    0.139912
+2,    1.207216
+3,      0.116
+4,    0.9077
+3,  0
/1
<3
<3
@3,         
+2,MAL     
+2,Important associated cardiac anomaly    
+2,      -1.159
+2,    1.272988
+3,     -0.910
+4,    0.3626
+3,  0
/1
<3
<3
@3,         
+2,OPMOS   
+2,Date of operation (months since 1/67)   
+2,  -0.0194966
+2,  0.01550669
+3,     -1.257
+4,    0.2086
+3,  1
/1
<3
@3,         
+2,OP_AGE  
+2,                                        
+2,-2.44738E-05
+2,3.012945E-05
+3,     -0.812
+4,    0.4166
+3,  0
/1
<3
<3
<3
<3
<3
<3
<3
<3
<3
@3,--------------------------------------------------------------------------------------------------------------------------------
/1
<15
/2
@1,*
;----------------------------------------------------------
;*
/1
@1,|Step 
;  7
;. 
;ORIFICE 
; added to 
;EARLY PHASE         
+10,|
/1
@1,|
+19,with Z = 
;     -1.605
; and P = 
;    0.1084
;|
/1
@1,*
;----------------------------------------------------------
;*
/2
<15
/2
@9,Optimization terminated after
;    0
+1,iterations and 
;    6
+1,function evaluations
/1
@9,Normal exit: Convergence attained
/1
@9,Log base 10 of condition code = 
;    10.40166
/1
@9,Number of events conserved = 
;          70
/2
@9,Log likelihood = 
;    -165.106
/2
@9,-2(Difference in log likelihood) = 
;    2.921336
/1
@9,                         P(diff) = 
;    0.0874
/2
<2
<12
@51,Summary of Variables in the Model
/1
@51,---------------------------------
/2
@122,Moves
/1
@3,Phase
+6,Variable
+2,Label
+38,Estimate
+6,Std error
+12,Z
+8,Prob>|Z|
+3,Remaining
/1
@3,--------------------------------------------------------------------------------------------------------------------------------
/1
<3
@3,Early:   
+2,E0      
+2,                                        
+2,    1.171758
+2,   0.7292872
+3,      1.607
+4,    0.1081
/1
<3
@3,         
+2,AGE     
+2,Age (months) at repair                  
+2,  -0.0300569
+2, 0.009293339
+3,     -3.234
+4,    0.0012
+3,  1
/1
<3
@3,         
+2,STATUS  
+2,Clinical status (NYHA I-V)              
+2,    1.041885
+2,   0.1921618
+3,      5.422
+2,      <.0001
+3,  1
/1
<3
@3,         
+2,COM_IV  
+2,Interventricular communication          
+2,    -3.40512
+2,   0.4207236
+3,     -8.093
+2,      <.0001
+3,  1
/1
<3
@3,         
+2,ORIFICE 
+2,Accessory left AV valve orifice         
+2,   -0.765778
+2,   0.4889901
+3,     -1.566
+4,    0.1173
+3,  1
/1
<3
@3,         
+2,MAL     
+2,Important associated cardiac anomaly    
+2,    1.459365
+2,   0.3106681
+3,      4.698
+2,      <.0001
+3,  0
/1
<3
<3
@3,         
+2,OPMOS   
+2,Date of operation (months since 1/67)   
+2,  -0.0204078
+2, 0.003746456
+3,     -5.447
+2,      <.0001
+3,  1
/1
<3
@3,         
+2,OP_AGE  
+2,                                        
+2,0.0001937327
+2,5.931295E-05
+3,      3.266
+4,    0.0011
+3,  1
/1
@14,---------------------------------------------------------------------------------------------------------------------
/1
<3
@3,Constant:
+2,C0      
+2,                                        
+2,    -9.35443
+2,    1.369714
+3,     -6.829
+2,      <.0001
/1
<3
<3
<3
<3
@3,         
+2,ORIFICE 
+2,Accessory left AV valve orifice         
+2,    2.842857
+2,   0.9325452
+3,      3.048
+4,    0.0023
+3,  1
/1
<3
<3
@3,         
+2,INC_SURG
+2,Surgical grade of AV valve incompetence 
+2,   0.6041605
+2,    0.414151
+3,      1.459
+4,    0.1446
+3,  0
/1
<3
<3
<3
<3
<3
<3
<3
<3
<3
<3
<3
@3,--------------------------------------------------------------------------------------------------------------------------------
/1
/2
<12
@36,Summary of Variables not in the Model
; (Based on Q Statistics)
/2
@122,Moves
/1
@3,Phase
+6,Variable
+2,Label
+38,Estimate
+6,Std error
+12,Z
+8,Prob>|Z|
+3,Remaining
/1
@3,--------------------------------------------------------------------------------------------------------------------------------
/1
<3
<3
<3
<3
<3
<3
<3
@3,Early:   
+2,INC_SURG
+2,Surgical grade of AV valve incompetence 
+2,  0.04139139
+2,    0.157439
+3,      0.263
+4,    0.7926
+3,  1
/1
<3
<3
<3
<3
@14,---------------------------------------------------------------------------------------------------------------------
/1
@3,Constant:
+2,AGE     
+2,Age (months) at repair                  
+2, 0.001344315
+2, 0.003104969
+3,      0.433
+4,    0.6650
+3,  1
/1
<3
@3,         
+2,STATUS  
+2,Clinical status (NYHA I-V)              
+2,   0.3212446
+2,   0.5860061
+3,      0.548
+4,    0.5836
+3,  1
/1
<3
@3,         
+2,COM_IV  
+2,Interventricular communication          
+2,   0.3243796
+2,    1.262909
+3,      0.257
+4,    0.7973
+3,  0
/1
<3
<3
@3,         
+2,MAL     
+2,Important associated cardiac anomaly    
+2,    -1.15975
+2,    1.260065
+3,     -0.920
+4,    0.3574
+3,  0
/1
<3
<3
@3,         
+2,OPMOS   
+2,Date of operation (months since 1/67)   
+2,  -0.0148441
+2,  0.01430093
+3,     -1.038
+4,    0.2993
+3,  1
/1
<3
@3,         
+2,OP_AGE  
+2,                                        
+2,-2.48072E-05
+2,3.029298E-05
+3,     -0.819
+4,    0.4128
+3,  0
/1
<3
<3
<3
<3
<3
<3
<3
<3
<3
@3,--------------------------------------------------------------------------------------------------------------------------------
/1
<15
/2
@1,*
;----------------------------------------------------------
;*
/1
@1,|Step 
;  8
;. 
;ORIFICE 
; deleted from 
;EARLY PHASE         
+6,|
/1
@1,|
+19,with Z = 
;     -1.566
; and P = 
;    0.1173
;|
/1
@1,*
;----------------------------------------------------------
;*
/2
<15
/2
@9,Optimization terminated after
;    0
+1,iterations and 
;    4
+1,function evaluations
/1
@9,Normal exit: Convergence attained
/1
@9,Log base 10 of condition code = 
;     10.4599
/1
@9,Number of events conserved = 
;    69.99999
/2
@9,Log likelihood = 
;    -166.566
/2
@9,-2(Difference in log likelihood) = 
;    2.921336
/1
@9,                         P(diff) = 
;    0.0874
/2
<2
<12
@51,Summary of Variables in the Model
/1
@51,---------------------------------
/2
@122,Moves
/1
@3,Phase
+6,Variable
+2,Label
+38,Estimate
+6,Std error
+12,Z
+8,Prob>|Z|
+3,Remaining
/1
@3,--------------------------------------------------------------------------------------------------------------------------------
/1
<3
@3,Early:   
+2,E0      
+2,                                        
+2,   0.9921098
+2,   0.7504215
+3,      1.322
+4,    0.1861
/1
<3
@3,         
+2,AGE     
+2,Age (months) at repair                  
+2,  -0.0298945
+2, 0.009322347
+3,     -3.207
+4,    0.0013
+3,  1
/1
<3
@3,         
+2,STATUS  
+2,Clinical status (NYHA I-V)              
+2,   0.9797339
+2,   0.1917858
+3,      5.108
+2,      <.0001
+3,  1
/1
<3
@3,         
+2,COM_IV  
+2,Interventricular communication          
+2,    -3.14372
+2,    0.400356
+3,     -7.852
+2,      <.0001
+3,  1
/1
<3
<3
@3,         
+2,MAL     
+2,Important associated cardiac anomaly    
+2,    1.464631
+2,   0.3094099
+3,      4.734
+2,      <.0001
+3,  0
/1
<3
<3
@3,         
+2,OPMOS   
+2,Date of operation (months since 1/67)   
+2,  -0.0201961
+2, 0.003839358
+3,     -5.260
+2,      <.0001
+3,  1
/1
<3
@3,         
+2,OP_AGE  
+2,                                        
+2,0.0001958949
+2,5.953814E-05
+3,      3.290
+4,    0.0010
+3,  1
/1
@14,---------------------------------------------------------------------------------------------------------------------
/1
<3
@3,Constant:
+2,C0      
+2,                                        
+2,     -9.3843
+2,    1.404795
+3,     -6.680
+2,      <.0001
/1
<3
<3
<3
<3
@3,         
+2,ORIFICE 
+2,Accessory left AV valve orifice         
+2,    2.672621
+2,   0.9744226
+3,      2.743
+4,    0.0061
+3,  1
/1
<3
<3
@3,         
+2,INC_SURG
+2,Surgical grade of AV valve incompetence 
+2,    0.620517
+2,   0.4245923
+3,      1.461
+4,    0.1439
+3,  0
/1
<3
<3
<3
<3
<3
<3
<3
<3
<3
<3
<3
@3,--------------------------------------------------------------------------------------------------------------------------------
/1
/2
<12
@36,Summary of Variables not in the Model
; (Based on Q Statistics)
/2
@122,Moves
/1
@3,Phase
+6,Variable
+2,Label
+38,Estimate
+6,Std error
+12,Z
+8,Prob>|Z|
+3,Remaining
/1
@3,--------------------------------------------------------------------------------------------------------------------------------
/1
<3
<3
<3
<3
<3
@3,Early:   
+2,ORIFICE 
+2,Accessory left AV valve orifice         
+2,   -0.624777
+2,   0.3891881
+3,     -1.605
+4,    0.1084
+3,  0
/1
<3
<3
@3,         
+2,INC_SURG
+2,Surgical grade of AV valve incompetence 
+2,   0.1115482
+2,   0.1416268
+3,      0.788
+4,    0.4309
+3,  1
/1
<3
<3
<3
<3
@14,---------------------------------------------------------------------------------------------------------------------
/1
@3,Constant:
+2,AGE     
+2,Age (months) at repair                  
+2,  0.00145416
+2, 0.003097678
+3,      0.469
+4,    0.6388
+3,  1
/1
<3
@3,         
+2,STATUS  
+2,Clinical status (NYHA I-V)              
+2,   0.3958404
+2,   0.5984374
+3,      0.661
+4,    0.5083
+3,  1
/1
<3
@3,         
+2,COM_IV  
+2,Interventricular communication          
+2,   0.1399119
+2,    1.207216
+3,      0.116
+4,    0.9077
+3,  0
/1
<3
<3
@3,         
+2,MAL     
+2,Important associated cardiac anomaly    
+2,      -1.159
+2,    1.272988
+3,     -0.910
+4,    0.3626
+3,  0
/1
<3
<3
@3,         
+2,OPMOS   
+2,Date of operation (months since 1/67)   
+2,  -0.0194966
+2,  0.01550669
+3,     -1.257
+4,    0.2086
+3,  1
/1
<3
@3,         
+2,OP_AGE  
+2,                                        
+2,-2.44738E-05
+2,3.012945E-05
+3,     -0.812
+4,    0.4166
+3,  0
/1
<3
<3
<3
<3
<3
<3
<3
<3
<3
@3,--------------------------------------------------------------------------------------------------------------------------------
/1
/1
@5,No other variables met the 
;         0.2
; significance level for entry
; into the model
;.
/2
<15
/2
@5,Final Results:
/1
@5,==============
/3
@51,Parameter Estimate Summary
/2
@5,Phase
+6,Parameter
+3,Label
+39,Estimate
+7,Std error
+13,Z
+10,Prob>|Z|
/1
@5,--------------------------------------------------------------------------------------------------------------------------------
/1
<3
@5,Early:   
+2,E0      
+4,                                        
+3,   0.9921098
+3,   0.7504215
+4,      1.322
+6,    0.1861
/1
<3
@5,         
+2,AGE     
+4,Age (months) at repair                  
+3,  -0.0298945
+3, 0.009322347
+4,     -3.207
+6,    0.0013
/1
<3
@5,         
+2,STATUS  
+4,Clinical status (NYHA I-V)              
+3,   0.9797339
+3,   0.1917858
+4,      5.108
+4,      <.0001
/1
<3
@5,         
+2,COM_IV  
+4,Interventricular communication          
+3,    -3.14372
+3,    0.400356
+4,     -7.852
+4,      <.0001
/1
<3
@5,         
+2,MAL     
+4,Important associated cardiac anomaly    
+3,    1.464631
+3,   0.3094099
+4,      4.734
+4,      <.0001
/1
<3
@5,         
+2,OPMOS   
+4,Date of operation (months since 1/67)   
+3,  -0.0201961
+3, 0.003839358
+4,     -5.260
+4,      <.0001
/1
<3
@5,         
+2,OP_AGE  
+4,                                        
+3,0.0001958949
+3,5.953814E-05
+4,      3.290
+6,    0.0010
/1
@16,---------------------------------------------------------------------------------------------------------------------
/1
<3
@5,Constant:
+2,C0      
+4,                                        
+3,     -9.3843
+3,    1.404795
+4,     -6.680
+4,      <.0001
/1
<3
@5,         
+2,ORIFICE 
+4,Accessory left AV valve orifice         
+3,    2.672621
+3,   0.9744226
+4,      2.743
+6,    0.0061
/1
<3
@5,         
+2,INC_SURG
+4,Surgical grade of AV valve incompetence 
+3,    0.620517
+3,   0.4245923
+4,      1.461
+6,    0.1439
/1
@5,--------------------------------------------------------------------------------------------------------------------------------
/1
<20
/2
@51,Estimates for Model Parameters
/2
@43,Phase
+7,Parameter
+5,Fixed?
+5,Estimate
/1
@43,------------------------------------------------
/1
@43,Early:
;   
@55,DELTA
;   
+6,Yes
+7,           0
/1
@43, 
;        
@55,THALF
;   
+6,Yes
+7,   0.1511909
/1
@55, (RHO
+19,   0.1511909
;)
/1
@43, 
;        
@55,NU
;      
+6,Yes
+7,    1.438631
/1
@43, 
;        
@55,M
;       
+6,Yes
+7,           1
/1
@43,         
+3,MUE     
+6,   
+7,    2.696918
/1
@55,------------------------------------
/1
@43,Constant:
+3,MUC     
+6,   
+7,8.403295E-05
/1
@43,------------------------------------------------
/1
$Note: Procedure HAZARD completed successfully.
