$ 
$Note: Procedure HAZARD (C-Version 4.4.4)
$      The Cleveland Clinic Foundation
$      9500 Euclid Avenue
$      Cleveland, Ohio 44195
$      Phone: (216) 444-6712
$      Email: hazard@bio.ri.ccf.org
@26, T H R E E   P H A S E   P A R A M E T R I C   H A Z A R D   P R O C E D U R E
/2
@5,Initial Summary:
/1
@5,================
/1
<8
/1
@7,There are
+1,  382
+1,observations available for analysis with:
/1
@20,          44
+1,events
/1
@20,         338
+1,Right Censored Observations
/1
@27,   43
+1,Left Censored Observations
/1
@20,         382
+1,Total Subjects
/2
@1,    1
+1,observation(s) found with inadmissable
; values
$Note: 1 observation(s) with inadmissible values.
/1
@1,    1
+1,total observations deleted
/1
$Note: 1 total observation(s) deleted.
/2
@63,Deleted Observations
/1
@63,--------------------
/1
@62,Missing   Inadmissable
/1
@47,Variable
+7,Data
+6,Values
+12,Min
+12,Max
/1
@26,---------------------------------------------------------------------------------------
/1
@26,Time:             
+3,INT_TE  
+6,    0
+5,    0
+9, 0.002737907
+3,    248.3829
/1
@26,Event:            
+3,TE      
+6,    0
+5,    0
+9,           0
+3,           1
/1
@26,Left Censored:    
+3,STARTTME
+6,    0
+5,    1
+9, 0.002737907
+3,    220.8834
/1
@26,Right Censored:   
+3,CENSORED
+6,    0
+5,    0
+9,           0
+3,           1
/1
@26,Weight:           
+3,MORBID  
+6,    0
+5,    0
+9,           0
+3,           4
/1
@26,---------------------------------------------------------------------------------------
/1
/4
<40
/2
@5,Model Specifications:
/1
@5,=====================
/2
@40,Initial Parameter Values
/1
@40,------------------------
+52,Starting
/1
@11,Phase
+8,Parameter
+7,Specified
+8,Used
+7,|
+2,Theta
+26,Estimated?
+4,Value
/1
@11,-------------------------------------------------------------------------------------------------------------------
/1
@11,Early:
;   
;   
+1,DELTA
;   
+6,           0
+2,           0
+1, 
+2,|
+2,E1
+1, 
+27,No
/1
@11,
;         
;   
+1,THALF
;   
+6,      0.0109
+2,      0.0109
+1, 
+2,|
+2,E2
+1,= Ln(Thalf)
;               
+2,Yes  
+7,    -4.51899
/1
@21,   
+1,(RHO
+23,7.555307E-09
;)
+3,|
/1
@11,
;         
;   
+1,NU
;      
+6,           1
+2,           1
+1, 
+2,|
+2,E3
+1, 
+27,No
/1
@11,
;         
;   
+1,M
;       
+6,       1E-06
+2,       1E-06
+1, 
+2,|
+2,E4
+1, 
+27,No
/1
@11,         
;   
+1,MUE
;     
+6,    0.018568
+2,  0.01932156
+1,*
+2,|
+2,E0
+1,= Ln(muE)                
+3,Yes  
+7,    -3.94653
/1
@24,------------------------------------------------------------------------------------------------------
/1
@11,Late:
;    
;   
+1,TAU
;     
+6,           1
+2,           1
+1, 
+2,|
+2,L1
+1, 
+27,No
/1
@11,
;         
;   
+1,GAMMA
;   
+6,           1
+2,           1
+1, 
+2,|
+2,L2
+1, 
+27,No
/1
@11,
;         
;   
+1,ALPHA
;   
+6,           1
+2,           1
+1, 
+2,|
+2,L3
+1, 
+27,No
/1
@11,
;         
;   
+1,ETA
;     
+6,      1.4112
+2,      1.4112
+1, 
+2,|
+2,L4
+1,= Ln(Eta)
;                 
+2,Yes  
+7,   0.3444404
/1
@11,         
;   
+1,MUL
;     
+6,   0.0002495
+2,0.0002596257
+1,*
+2,|
+2,L0
+1,= Ln(muL)                
+3,Yes #
+7,    -8.25627
/1
@11,-------------------------------------------------------------------------------------------------------------------
/1
@5,# This MU parameter is estimated in closed
; form.
/1
@5,* The value used is different from the
; value specified.
/1
/1
@5,Based on the values used, the following
; flags and equations have been set:
/1
@11,*
;-------------------------------------------------
;*
/1
@11,|
+2,Early:
+41,|
/1
@11,|
+8,Delta = 0
;             
+3,Yes
+13,|
/1
@11,|
+8,M*Nu = |1|
;            
+3,No 
+13,|
/1
@11,|
+8,M>0, Nu>0, Generic equations 6 - 8
;       
;|
/1
@11,|
+2,Late:
+4,|
@11,|
+8,Gamma*Eta = 2
;         
+3,No 
+13,|
/1
@11,|
+8,Gamma*Eta/Alpha = 2
;   
+3,No 
+13,|
/1
@11,|
+8,Weibull
;               
+3,Yes
+13,|
/1
@11,|
+8,Alpha>0, Generic equations 26 - 27
;       
;|
/1
@11,*
;-------------------------------------------------
;*
/1
/2
@5,Computational Methods:
/1
@5,======================
/2
@7,Optimization: 
;Quasi-Newton
+1,method using 
;numeric
+1,derivatives
/1
@21,initiated using the method of steepest
; descent
/2
@7,Conservation of events:
@31,Invoked at each iteration
/1
@7,If only one scaling parameter,
; estimation is in closed form.
/3
<10
@5,Results:
/1
@5,========
/2
<15
<4
@5,Iteration
+3,Log Likelihood
@37,E2      
@51,L4      
@65,E0      
@79,L0      
/1
@5,-----------------------------------------------------------------------------------------------------------------------------
/1
<1
@5,    0
+7,    -512.884
@34,    -4.51899
@48,   0.3444404
@62,    -3.94653
@76,    -8.25627
/1
<1
@5,    0
+7,    -453.644
@34,    -4.33707
@48,   0.3396497
@62,    -1.87807
@76,    -9.17091
/1
<15
/2
@9,Optimization terminated after
;    0
+1,iterations and 
;   14
+1,function evaluations
/1
@9,Log base 10 of condition code = 
;    2.665885
/1
@9,Number of events conserved = 
;    37.18535
/2
@9,Log likelihood = 
;    -453.644
/2
<10
/1
@4,*-------------*
/1
@4,| Termination |
/1
@4,*-------------*
/2
@5,Internal sign violation, possibly data or
+1,specification dependent
+1,(SETCOE1200)
/1
$ERROR: internal sign violation   (SETCOE1200)
/2
<20
@5,Results at Termination:
/1
@5,=======================
/2
@51,Estimates for Model Parameters
/2
@43,Phase
+7,Parameter
+5,Fixed?
+5,Estimate
/1
@43,------------------------------------------------
/1
@43,Early:
;   
@55,DELTA
;   
+6,Yes
+7,           0
/1
@43, 
;        
@55,THALF
;   
+6,No 
+7,   0.0372506
/1
@55, (RHO
+19,2.582016E-08
;)
/1
@43, 
;        
@55,NU
;      
+6,Yes
+7,           1
/1
@43, 
;        
@55,M
;       
+6,Yes
+7,       1E-06
/1
@43,         
+3,MUE     
+6,   
+7,   0.3731403
/1
@55,------------------------------------
/1
@43,Late:
;    
@55,TAU
;     
+6,Yes
+7,           1
/1
@43, 
;        
@55,GAMMA
;   
+6,Yes
+7,           1
/1
@43, 
;        
@55,ALPHA
;   
+6,Yes
+7,           1
/1
@43, 
;        
@55,ETA
;     
+6,No 
+7,    1.398086
/1
@43,         
+3,MUL     
+6,   
+7,0.0001040216
/1
@43,------------------------------------------------
/1
!1
